nohup: ignoring input
Using device: cuda
Evaluating exactly the first 300 test images.
Loaded checkpoint: ../checkpoints/eps_0.3/deeppoly_cnn_standard.pt
Clean accuracy on first 200 images: 196/200 = 98.00%

SOCP Robustness Evaluation:   0%|          | 0/300 [00:00<?, ?image/s]/home/grad/dsadig/SOCP/lp_mnist_dual/src/SOCP/socp_solver.py:345: UserWarning: Solution may be inaccurate. Try another solver, adjusting the solver settings, or solve with verbose=True for more information.
  value = problem.solve(solver=self.solver, **solve_kwargs)

SOCP Robustness Evaluation:   0%|          | 0/300 [00:47<?, ?image/s, cert=1.0000, clean=1.0000, last=47.3s, targets=9]
SOCP Robustness Evaluation:   0%|          | 1/300 [00:47<3:56:02, 47.37s/image, cert=1.0000, clean=1.0000, last=47.3s, targets=9]
SOCP Robustness Evaluation:   0%|          | 1/300 [01:35<3:56:02, 47.37s/image, cert=1.0000, clean=1.0000, last=48.1s, targets=9]
SOCP Robustness Evaluation:   1%|          | 2/300 [01:35<3:57:30, 47.82s/image, cert=1.0000, clean=1.0000, last=48.1s, targets=9]
SOCP Robustness Evaluation:   1%|          | 2/300 [02:21<3:57:30, 47.82s/image, cert=1.0000, clean=1.0000, last=45.8s, targets=9]
SOCP Robustness Evaluation:   1%|          | 3/300 [02:21<3:52:04, 46.88s/image, cert=1.0000, clean=1.0000, last=45.8s, targets=9]
SOCP Robustness Evaluation:   1%|          | 3/300 [03:08<3:52:04, 46.88s/image, cert=1.0000, clean=1.0000, last=47.6s, targets=9]
SOCP Robustness Evaluation:   1%|▏         | 4/300 [03:08<3:52:43, 47.17s/image, cert=1.0000, clean=1.0000, last=47.6s, targets=9]
SOCP Robustness Evaluation:   1%|▏         | 4/300 [03:55<3:52:43, 47.17s/image, cert=1.0000, clean=1.0000, last=46.8s, targets=9]
SOCP Robustness Evaluation:   2%|▏         | 5/300 [03:55<3:51:19, 47.05s/image, cert=1.0000, clean=1.0000, last=46.8s, targets=9]
SOCP Robustness Evaluation:   2%|▏         | 5/300 [04:42<3:51:19, 47.05s/image, cert=1.0000, clean=1.0000, last=46.7s, targets=9]
SOCP Robustness Evaluation:   2%|▏         | 6/300 [04:42<3:49:56, 46.93s/image, cert=1.0000, clean=1.0000, last=46.7s, targets=9]
SOCP Robustness Evaluation:   2%|▏         | 6/300 [05:27<3:49:56, 46.93s/image, cert=1.0000, clean=1.0000, last=45.6s, targets=9]
SOCP Robustness Evaluation:   2%|▏         | 7/300 [05:27<3:46:57, 46.48s/image, cert=1.0000, clean=1.0000, last=45.6s, targets=9]
SOCP Robustness Evaluation:   2%|▏         | 7/300 [06:15<3:46:57, 46.48s/image, cert=0.8750, clean=1.0000, last=47.1s, targets=9]
SOCP Robustness Evaluation:   3%|▎         | 8/300 [06:15<3:47:10, 46.68s/image, cert=0.8750, clean=1.0000, last=47.1s, targets=9]
SOCP Robustness Evaluation:   3%|▎         | 8/300 [07:01<3:47:10, 46.68s/image, cert=0.7778, clean=1.0000, last=46.1s, targets=9]
SOCP Robustness Evaluation:   3%|▎         | 9/300 [07:01<3:45:34, 46.51s/image, cert=0.7778, clean=1.0000, last=46.1s, targets=9]
SOCP Robustness Evaluation:   3%|▎         | 9/300 [07:47<3:45:34, 46.51s/image, cert=0.8000, clean=1.0000, last=46.3s, targets=9]
SOCP Robustness Evaluation:   3%|▎         | 10/300 [07:47<3:44:32, 46.46s/image, cert=0.8000, clean=1.0000, last=46.3s, targets=9]
SOCP Robustness Evaluation:   3%|▎         | 10/300 [08:35<3:44:32, 46.46s/image, cert=0.8182, clean=1.0000, last=48.1s, targets=9]
SOCP Robustness Evaluation:   4%|▎         | 11/300 [08:35<3:46:14, 46.97s/image, cert=0.8182, clean=1.0000, last=48.1s, targets=9]
SOCP Robustness Evaluation:   4%|▎         | 11/300 [09:23<3:46:14, 46.97s/image, cert=0.8333, clean=1.0000, last=48.0s, targets=9]
SOCP Robustness Evaluation:   4%|▍         | 12/300 [09:23<3:46:59, 47.29s/image, cert=0.8333, clean=1.0000, last=48.0s, targets=9]
SOCP Robustness Evaluation:   4%|▍         | 12/300 [10:10<3:46:59, 47.29s/image, cert=0.8462, clean=1.0000, last=46.4s, targets=9]
SOCP Robustness Evaluation:   4%|▍         | 13/300 [10:10<3:44:55, 47.02s/image, cert=0.8462, clean=1.0000, last=46.4s, targets=9]
SOCP Robustness Evaluation:   4%|▍         | 13/300 [10:58<3:44:55, 47.02s/image, cert=0.8571, clean=1.0000, last=48.6s, targets=9]
SOCP Robustness Evaluation:   5%|▍         | 14/300 [10:58<3:46:27, 47.51s/image, cert=0.8571, clean=1.0000, last=48.6s, targets=9]
SOCP Robustness Evaluation:   5%|▍         | 14/300 [11:43<3:46:27, 47.51s/image, cert=0.8667, clean=1.0000, last=45.2s, targets=9]
SOCP Robustness Evaluation:   5%|▌         | 15/300 [11:43<3:42:23, 46.82s/image, cert=0.8667, clean=1.0000, last=45.2s, targets=9]
SOCP Robustness Evaluation:   5%|▌         | 15/300 [12:30<3:42:23, 46.82s/image, cert=0.8750, clean=1.0000, last=46.3s, targets=9]
SOCP Robustness Evaluation:   5%|▌         | 16/300 [12:30<3:40:54, 46.67s/image, cert=0.8750, clean=1.0000, last=46.3s, targets=9]
SOCP Robustness Evaluation:   5%|▌         | 16/300 [13:16<3:40:54, 46.67s/image, cert=0.8824, clean=1.0000, last=46.1s, targets=9]
SOCP Robustness Evaluation:   6%|▌         | 17/300 [13:16<3:39:16, 46.49s/image, cert=0.8824, clean=1.0000, last=46.1s, targets=9]
SOCP Robustness Evaluation:   6%|▌         | 17/300 [14:04<3:39:16, 46.49s/image, cert=0.8889, clean=1.0000, last=47.9s, targets=9]
SOCP Robustness Evaluation:   6%|▌         | 18/300 [14:04<3:40:29, 46.91s/image, cert=0.8889, clean=1.0000, last=47.9s, targets=9]
SOCP Robustness Evaluation:   6%|▌         | 18/300 [14:04<3:40:29, 46.91s/image, cert=0.8421, clean=0.9474, last=0.0s, targets=0] 
SOCP Robustness Evaluation:   6%|▋         | 19/300 [14:51<3:39:42, 46.91s/image, cert=0.8500, clean=0.9500, last=47.0s, targets=9]
SOCP Robustness Evaluation:   7%|▋         | 20/300 [14:51<2:48:24, 36.09s/image, cert=0.8500, clean=0.9500, last=47.0s, targets=9]
SOCP Robustness Evaluation:   7%|▋         | 20/300 [15:39<2:48:24, 36.09s/image, cert=0.8571, clean=0.9524, last=48.0s, targets=9]
SOCP Robustness Evaluation:   7%|▋         | 21/300 [15:39<3:01:32, 39.04s/image, cert=0.8571, clean=0.9524, last=48.0s, targets=9]
SOCP Robustness Evaluation:   7%|▋         | 21/300 [16:25<3:01:32, 39.04s/image, cert=0.8636, clean=0.9545, last=46.3s, targets=9]
SOCP Robustness Evaluation:   7%|▋         | 22/300 [16:25<3:09:38, 40.93s/image, cert=0.8636, clean=0.9545, last=46.3s, targets=9]
SOCP Robustness Evaluation:   7%|▋         | 22/300 [17:13<3:09:38, 40.93s/image, cert=0.8261, clean=0.9565, last=48.0s, targets=9]
SOCP Robustness Evaluation:   8%|▊         | 23/300 [17:13<3:17:47, 42.84s/image, cert=0.8261, clean=0.9565, last=48.0s, targets=9]
SOCP Robustness Evaluation:   8%|▊         | 23/300 [18:01<3:17:47, 42.84s/image, cert=0.8333, clean=0.9583, last=48.3s, targets=9]
SOCP Robustness Evaluation:   8%|▊         | 24/300 [18:01<3:24:02, 44.36s/image, cert=0.8333, clean=0.9583, last=48.3s, targets=9]
SOCP Robustness Evaluation:   8%|▊         | 24/300 [18:47<3:24:02, 44.36s/image, cert=0.8400, clean=0.9600, last=46.0s, targets=9]
SOCP Robustness Evaluation:   8%|▊         | 25/300 [18:47<3:25:24, 44.82s/image, cert=0.8400, clean=0.9600, last=46.0s, targets=9]
SOCP Robustness Evaluation:   8%|▊         | 25/300 [19:34<3:25:24, 44.82s/image, cert=0.8462, clean=0.9615, last=47.2s, targets=9]
SOCP Robustness Evaluation:   9%|▊         | 26/300 [19:34<3:27:46, 45.50s/image, cert=0.8462, clean=0.9615, last=47.2s, targets=9]
SOCP Robustness Evaluation:   9%|▊         | 26/300 [20:22<3:27:46, 45.50s/image, cert=0.8519, clean=0.9630, last=47.9s, targets=9]
SOCP Robustness Evaluation:   9%|▉         | 27/300 [20:22<3:30:11, 46.20s/image, cert=0.8519, clean=0.9630, last=47.9s, targets=9]
SOCP Robustness Evaluation:   9%|▉         | 27/300 [21:09<3:30:11, 46.20s/image, cert=0.8571, clean=0.9643, last=46.9s, targets=9]
SOCP Robustness Evaluation:   9%|▉         | 28/300 [21:09<3:30:19, 46.40s/image, cert=0.8571, clean=0.9643, last=46.9s, targets=9]
SOCP Robustness Evaluation:   9%|▉         | 28/300 [21:56<3:30:19, 46.40s/image, cert=0.8621, clean=0.9655, last=47.0s, targets=9]
SOCP Robustness Evaluation:  10%|▉         | 29/300 [21:56<3:30:19, 46.56s/image, cert=0.8621, clean=0.9655, last=47.0s, targets=9]
SOCP Robustness Evaluation:  10%|▉         | 29/300 [22:43<3:30:19, 46.56s/image, cert=0.8667, clean=0.9667, last=46.7s, targets=9]
SOCP Robustness Evaluation:  10%|█         | 30/300 [22:43<3:29:41, 46.60s/image, cert=0.8667, clean=0.9667, last=46.7s, targets=9]
SOCP Robustness Evaluation:  10%|█         | 30/300 [23:28<3:29:41, 46.60s/image, cert=0.8710, clean=0.9677, last=45.7s, targets=9]
SOCP Robustness Evaluation:  10%|█         | 31/300 [23:28<3:27:44, 46.34s/image, cert=0.8710, clean=0.9677, last=45.7s, targets=9]
SOCP Robustness Evaluation:  10%|█         | 31/300 [24:15<3:27:44, 46.34s/image, cert=0.8750, clean=0.9688, last=46.6s, targets=9]
SOCP Robustness Evaluation:  11%|█         | 32/300 [24:15<3:27:22, 46.43s/image, cert=0.8750, clean=0.9688, last=46.6s, targets=9]
SOCP Robustness Evaluation:  11%|█         | 32/300 [25:02<3:27:22, 46.43s/image, cert=0.8788, clean=0.9697, last=47.2s, targets=9]
SOCP Robustness Evaluation:  11%|█         | 33/300 [25:02<3:27:41, 46.67s/image, cert=0.8788, clean=0.9697, last=47.2s, targets=9]
SOCP Robustness Evaluation:  11%|█         | 33/300 [25:49<3:27:41, 46.67s/image, cert=0.8529, clean=0.9706, last=46.4s, targets=9]
SOCP Robustness Evaluation:  11%|█▏        | 34/300 [25:49<3:26:30, 46.58s/image, cert=0.8529, clean=0.9706, last=46.4s, targets=9]
SOCP Robustness Evaluation:  11%|█▏        | 34/300 [26:36<3:26:30, 46.58s/image, cert=0.8571, clean=0.9714, last=47.7s, targets=9]
SOCP Robustness Evaluation:  12%|█▏        | 35/300 [26:36<3:27:15, 46.93s/image, cert=0.8571, clean=0.9714, last=47.7s, targets=9]
SOCP Robustness Evaluation:  12%|█▏        | 35/300 [27:24<3:27:15, 46.93s/image, cert=0.8611, clean=0.9722, last=47.2s, targets=9]
SOCP Robustness Evaluation:  12%|█▏        | 36/300 [27:24<3:26:54, 47.02s/image, cert=0.8611, clean=0.9722, last=47.2s, targets=9]
SOCP Robustness Evaluation:  12%|█▏        | 36/300 [28:11<3:26:54, 47.02s/image, cert=0.8649, clean=0.9730, last=47.3s, targets=9]
SOCP Robustness Evaluation:  12%|█▏        | 37/300 [28:11<3:26:31, 47.11s/image, cert=0.8649, clean=0.9730, last=47.3s, targets=9]
SOCP Robustness Evaluation:  12%|█▏        | 37/300 [28:59<3:26:31, 47.11s/image, cert=0.8684, clean=0.9737, last=48.4s, targets=9]
SOCP Robustness Evaluation:  13%|█▎        | 38/300 [28:59<3:27:24, 47.50s/image, cert=0.8684, clean=0.9737, last=48.4s, targets=9]
SOCP Robustness Evaluation:  13%|█▎        | 38/300 [29:47<3:27:24, 47.50s/image, cert=0.8718, clean=0.9744, last=47.9s, targets=9]
SOCP Robustness Evaluation:  13%|█▎        | 39/300 [29:47<3:27:04, 47.60s/image, cert=0.8718, clean=0.9744, last=47.9s, targets=9]
SOCP Robustness Evaluation:  13%|█▎        | 39/300 [30:32<3:27:04, 47.60s/image, cert=0.8750, clean=0.9750, last=44.5s, targets=9]
SOCP Robustness Evaluation:  13%|█▎        | 40/300 [30:32<3:22:12, 46.66s/image, cert=0.8750, clean=0.9750, last=44.5s, targets=9]
SOCP Robustness Evaluation:  13%|█▎        | 40/300 [31:17<3:22:12, 46.66s/image, cert=0.8780, clean=0.9756, last=45.7s, targets=9]
SOCP Robustness Evaluation:  14%|█▎        | 41/300 [31:17<3:20:13, 46.39s/image, cert=0.8780, clean=0.9756, last=45.7s, targets=9]
SOCP Robustness Evaluation:  14%|█▎        | 41/300 [32:04<3:20:13, 46.39s/image, cert=0.8810, clean=0.9762, last=46.1s, targets=9]
SOCP Robustness Evaluation:  14%|█▍        | 42/300 [32:04<3:19:03, 46.29s/image, cert=0.8810, clean=0.9762, last=46.1s, targets=9]
SOCP Robustness Evaluation:  14%|█▍        | 42/300 [32:50<3:19:03, 46.29s/image, cert=0.8837, clean=0.9767, last=46.8s, targets=9]
SOCP Robustness Evaluation:  14%|█▍        | 43/300 [32:50<3:18:57, 46.45s/image, cert=0.8837, clean=0.9767, last=46.8s, targets=9]
SOCP Robustness Evaluation:  14%|█▍        | 43/300 [33:37<3:18:57, 46.45s/image, cert=0.8864, clean=0.9773, last=46.5s, targets=9]
SOCP Robustness Evaluation:  15%|█▍        | 44/300 [33:37<3:18:18, 46.48s/image, cert=0.8864, clean=0.9773, last=46.5s, targets=9]
SOCP Robustness Evaluation:  15%|█▍        | 44/300 [34:25<3:18:18, 46.48s/image, cert=0.8889, clean=0.9778, last=47.7s, targets=9]
SOCP Robustness Evaluation:  15%|█▌        | 45/300 [34:25<3:19:03, 46.84s/image, cert=0.8889, clean=0.9778, last=47.7s, targets=9]
SOCP Robustness Evaluation:  15%|█▌        | 45/300 [35:10<3:19:03, 46.84s/image, cert=0.8913, clean=0.9783, last=45.6s, targets=9]
SOCP Robustness Evaluation:  15%|█▌        | 46/300 [35:10<3:16:38, 46.45s/image, cert=0.8913, clean=0.9783, last=45.6s, targets=9]
SOCP Robustness Evaluation:  15%|█▌        | 46/300 [35:56<3:16:38, 46.45s/image, cert=0.8936, clean=0.9787, last=45.7s, targets=9]
SOCP Robustness Evaluation:  16%|█▌        | 47/300 [35:56<3:14:57, 46.24s/image, cert=0.8936, clean=0.9787, last=45.7s, targets=9]
SOCP Robustness Evaluation:  16%|█▌        | 47/300 [36:43<3:14:57, 46.24s/image, cert=0.8958, clean=0.9792, last=47.3s, targets=9]
SOCP Robustness Evaluation:  16%|█▌        | 48/300 [36:43<3:15:28, 46.54s/image, cert=0.8958, clean=0.9792, last=47.3s, targets=9]
SOCP Robustness Evaluation:  16%|█▌        | 48/300 [37:31<3:15:28, 46.54s/image, cert=0.8980, clean=0.9796, last=47.5s, targets=9]
SOCP Robustness Evaluation:  16%|█▋        | 49/300 [37:31<3:15:55, 46.84s/image, cert=0.8980, clean=0.9796, last=47.5s, targets=9]
SOCP Robustness Evaluation:  16%|█▋        | 49/300 [38:16<3:15:55, 46.84s/image, cert=0.9000, clean=0.9800, last=45.0s, targets=9]
SOCP Robustness Evaluation:  17%|█▋        | 50/300 [38:16<3:12:54, 46.30s/image, cert=0.9000, clean=0.9800, last=45.0s, targets=9]
SOCP Robustness Evaluation:  17%|█▋        | 50/300 [39:03<3:12:54, 46.30s/image, cert=0.9020, clean=0.9804, last=47.5s, targets=9]
SOCP Robustness Evaluation:  17%|█▋        | 51/300 [39:03<3:13:40, 46.67s/image, cert=0.9020, clean=0.9804, last=47.5s, targets=9]
SOCP Robustness Evaluation:  17%|█▋        | 51/300 [39:51<3:13:40, 46.67s/image, cert=0.9038, clean=0.9808, last=47.9s, targets=9]
SOCP Robustness Evaluation:  17%|█▋        | 52/300 [39:51<3:14:28, 47.05s/image, cert=0.9038, clean=0.9808, last=47.9s, targets=9]
SOCP Robustness Evaluation:  17%|█▋        | 52/300 [40:38<3:14:28, 47.05s/image, cert=0.9057, clean=0.9811, last=47.3s, targets=9]
SOCP Robustness Evaluation:  18%|█▊        | 53/300 [40:38<3:14:00, 47.13s/image, cert=0.9057, clean=0.9811, last=47.3s, targets=9]
SOCP Robustness Evaluation:  18%|█▊        | 53/300 [41:26<3:14:00, 47.13s/image, cert=0.9074, clean=0.9815, last=47.7s, targets=9]
SOCP Robustness Evaluation:  18%|█▊        | 54/300 [41:26<3:13:53, 47.29s/image, cert=0.9074, clean=0.9815, last=47.7s, targets=9]
SOCP Robustness Evaluation:  18%|█▊        | 54/300 [42:09<3:13:53, 47.29s/image, cert=0.9091, clean=0.9818, last=42.5s, targets=9]
SOCP Robustness Evaluation:  18%|█▊        | 55/300 [42:09<3:07:10, 45.84s/image, cert=0.9091, clean=0.9818, last=42.5s, targets=9]
SOCP Robustness Evaluation:  18%|█▊        | 55/300 [42:55<3:07:10, 45.84s/image, cert=0.9107, clean=0.9821, last=46.9s, targets=9]
SOCP Robustness Evaluation:  19%|█▊        | 56/300 [42:55<3:07:44, 46.17s/image, cert=0.9107, clean=0.9821, last=46.9s, targets=9]
SOCP Robustness Evaluation:  19%|█▊        | 56/300 [43:43<3:07:44, 46.17s/image, cert=0.9123, clean=0.9825, last=47.5s, targets=9]
SOCP Robustness Evaluation:  19%|█▉        | 57/300 [43:43<3:08:39, 46.58s/image, cert=0.9123, clean=0.9825, last=47.5s, targets=9]
SOCP Robustness Evaluation:  19%|█▉        | 57/300 [44:30<3:08:39, 46.58s/image, cert=0.9138, clean=0.9828, last=46.9s, targets=9]
SOCP Robustness Evaluation:  19%|█▉        | 58/300 [44:30<3:08:15, 46.67s/image, cert=0.9138, clean=0.9828, last=46.9s, targets=9]
SOCP Robustness Evaluation:  19%|█▉        | 58/300 [45:18<3:08:15, 46.67s/image, cert=0.9153, clean=0.9831, last=48.6s, targets=9]
SOCP Robustness Evaluation:  20%|█▉        | 59/300 [45:18<3:09:44, 47.24s/image, cert=0.9153, clean=0.9831, last=48.6s, targets=9]
SOCP Robustness Evaluation:  20%|█▉        | 59/300 [46:06<3:09:44, 47.24s/image, cert=0.9167, clean=0.9833, last=47.9s, targets=9]
SOCP Robustness Evaluation:  20%|██        | 60/300 [46:06<3:09:41, 47.42s/image, cert=0.9167, clean=0.9833, last=47.9s, targets=9]
SOCP Robustness Evaluation:  20%|██        | 60/300 [46:53<3:09:41, 47.42s/image, cert=0.9180, clean=0.9836, last=46.5s, targets=9]
SOCP Robustness Evaluation:  20%|██        | 61/300 [46:53<3:07:46, 47.14s/image, cert=0.9180, clean=0.9836, last=46.5s, targets=9]
SOCP Robustness Evaluation:  20%|██        | 61/300 [47:39<3:07:46, 47.14s/image, cert=0.9194, clean=0.9839, last=46.1s, targets=9]
SOCP Robustness Evaluation:  21%|██        | 62/300 [47:39<3:05:45, 46.83s/image, cert=0.9194, clean=0.9839, last=46.1s, targets=9]
SOCP Robustness Evaluation:  21%|██        | 62/300 [48:26<3:05:45, 46.83s/image, cert=0.9048, clean=0.9841, last=46.6s, targets=9]
SOCP Robustness Evaluation:  21%|██        | 63/300 [48:26<3:04:44, 46.77s/image, cert=0.9048, clean=0.9841, last=46.6s, targets=9]
SOCP Robustness Evaluation:  21%|██        | 63/300 [48:26<3:04:44, 46.77s/image, cert=0.8906, clean=0.9688, last=0.0s, targets=0] 
SOCP Robustness Evaluation:  21%|██▏       | 64/300 [49:13<3:03:57, 46.77s/image, cert=0.8923, clean=0.9692, last=47.8s, targets=9]
SOCP Robustness Evaluation:  22%|██▏       | 65/300 [49:13<2:21:48, 36.20s/image, cert=0.8923, clean=0.9692, last=47.8s, targets=9]
SOCP Robustness Evaluation:  22%|██▏       | 65/300 [50:00<2:21:48, 36.20s/image, cert=0.8939, clean=0.9697, last=46.7s, targets=9]
SOCP Robustness Evaluation:  22%|██▏       | 66/300 [50:00<2:31:21, 38.81s/image, cert=0.8939, clean=0.9697, last=46.7s, targets=9]
SOCP Robustness Evaluation:  22%|██▏       | 66/300 [50:47<2:31:21, 38.81s/image, cert=0.8955, clean=0.9701, last=46.6s, targets=9]
SOCP Robustness Evaluation:  22%|██▏       | 67/300 [50:47<2:38:35, 40.84s/image, cert=0.8955, clean=0.9701, last=46.6s, targets=9]
SOCP Robustness Evaluation:  22%|██▏       | 67/300 [51:35<2:38:35, 40.84s/image, cert=0.8971, clean=0.9706, last=48.7s, targets=9]
SOCP Robustness Evaluation:  23%|██▎       | 68/300 [51:35<2:46:09, 42.97s/image, cert=0.8971, clean=0.9706, last=48.7s, targets=9]
SOCP Robustness Evaluation:  23%|██▎       | 68/300 [52:21<2:46:09, 42.97s/image, cert=0.8986, clean=0.9710, last=45.5s, targets=9]
SOCP Robustness Evaluation:  23%|██▎       | 69/300 [52:21<2:48:13, 43.69s/image, cert=0.8986, clean=0.9710, last=45.5s, targets=9]
SOCP Robustness Evaluation:  23%|██▎       | 69/300 [53:08<2:48:13, 43.69s/image, cert=0.9000, clean=0.9714, last=47.0s, targets=9]
SOCP Robustness Evaluation:  23%|██▎       | 70/300 [53:08<2:51:07, 44.64s/image, cert=0.9000, clean=0.9714, last=47.0s, targets=9]
SOCP Robustness Evaluation:  23%|██▎       | 70/300 [53:56<2:51:07, 44.64s/image, cert=0.9014, clean=0.9718, last=48.2s, targets=9]
SOCP Robustness Evaluation:  24%|██▎       | 71/300 [53:56<2:54:21, 45.68s/image, cert=0.9014, clean=0.9718, last=48.2s, targets=9]
SOCP Robustness Evaluation:  24%|██▎       | 71/300 [54:44<2:54:21, 45.68s/image, cert=0.9028, clean=0.9722, last=48.1s, targets=9]
SOCP Robustness Evaluation:  24%|██▍       | 72/300 [54:44<2:56:15, 46.38s/image, cert=0.9028, clean=0.9722, last=48.1s, targets=9]
SOCP Robustness Evaluation:  24%|██▍       | 72/300 [55:32<2:56:15, 46.38s/image, cert=0.9041, clean=0.9726, last=48.0s, targets=9]
SOCP Robustness Evaluation:  24%|██▍       | 73/300 [55:32<2:57:20, 46.87s/image, cert=0.9041, clean=0.9726, last=48.0s, targets=9]
SOCP Robustness Evaluation:  24%|██▍       | 73/300 [55:32<2:57:20, 46.87s/image, cert=0.8919, clean=0.9595, last=0.0s, targets=0] 
SOCP Robustness Evaluation:  25%|██▍       | 74/300 [56:21<2:56:33, 46.87s/image, cert=0.8933, clean=0.9600, last=48.6s, targets=9]
SOCP Robustness Evaluation:  25%|██▌       | 75/300 [56:21<2:17:06, 36.56s/image, cert=0.8933, clean=0.9600, last=48.6s, targets=9]
SOCP Robustness Evaluation:  25%|██▌       | 75/300 [57:09<2:17:06, 36.56s/image, cert=0.8947, clean=0.9605, last=47.9s, targets=9]
SOCP Robustness Evaluation:  25%|██▌       | 76/300 [57:09<2:26:57, 39.36s/image, cert=0.8947, clean=0.9605, last=47.9s, targets=9]
SOCP Robustness Evaluation:  25%|██▌       | 76/300 [57:55<2:26:57, 39.36s/image, cert=0.8961, clean=0.9610, last=46.7s, targets=9]
SOCP Robustness Evaluation:  26%|██▌       | 77/300 [57:55<2:33:22, 41.27s/image, cert=0.8961, clean=0.9610, last=46.7s, targets=9]
SOCP Robustness Evaluation:  26%|██▌       | 77/300 [58:42<2:33:22, 41.27s/image, cert=0.8846, clean=0.9615, last=47.0s, targets=9]
SOCP Robustness Evaluation:  26%|██▌       | 78/300 [58:42<2:38:24, 42.81s/image, cert=0.8846, clean=0.9615, last=47.0s, targets=9]
SOCP Robustness Evaluation:  26%|██▌       | 78/300 [59:29<2:38:24, 42.81s/image, cert=0.8734, clean=0.9620, last=46.6s, targets=9]
SOCP Robustness Evaluation:  26%|██▋       | 79/300 [59:29<2:41:32, 43.86s/image, cert=0.8734, clean=0.9620, last=46.6s, targets=9]
SOCP Robustness Evaluation:  26%|██▋       | 79/300 [1:00:16<2:41:32, 43.86s/image, cert=0.8750, clean=0.9625, last=47.2s, targets=9]
SOCP Robustness Evaluation:  27%|██▋       | 80/300 [1:00:16<2:44:20, 44.82s/image, cert=0.8750, clean=0.9625, last=47.2s, targets=9]
SOCP Robustness Evaluation:  27%|██▋       | 80/300 [1:01:04<2:44:20, 44.82s/image, cert=0.8765, clean=0.9630, last=47.9s, targets=9]
SOCP Robustness Evaluation:  27%|██▋       | 81/300 [1:01:04<2:46:51, 45.72s/image, cert=0.8765, clean=0.9630, last=47.9s, targets=9]
SOCP Robustness Evaluation:  27%|██▋       | 81/300 [1:01:51<2:46:51, 45.72s/image, cert=0.8780, clean=0.9634, last=46.8s, targets=9]
SOCP Robustness Evaluation:  27%|██▋       | 82/300 [1:01:51<2:47:14, 46.03s/image, cert=0.8780, clean=0.9634, last=46.8s, targets=9]
SOCP Robustness Evaluation:  27%|██▋       | 82/300 [1:02:38<2:47:14, 46.03s/image, cert=0.8795, clean=0.9639, last=46.7s, targets=9]
SOCP Robustness Evaluation:  28%|██▊       | 83/300 [1:02:38<2:47:10, 46.22s/image, cert=0.8795, clean=0.9639, last=46.7s, targets=9]
SOCP Robustness Evaluation:  28%|██▊       | 83/300 [1:03:26<2:47:10, 46.22s/image, cert=0.8810, clean=0.9643, last=47.9s, targets=9]
SOCP Robustness Evaluation:  28%|██▊       | 84/300 [1:03:26<2:48:12, 46.73s/image, cert=0.8810, clean=0.9643, last=47.9s, targets=9]
SOCP Robustness Evaluation:  28%|██▊       | 84/300 [1:04:13<2:48:12, 46.73s/image, cert=0.8824, clean=0.9647, last=47.2s, targets=9]
SOCP Robustness Evaluation:  28%|██▊       | 85/300 [1:04:13<2:47:56, 46.87s/image, cert=0.8824, clean=0.9647, last=47.2s, targets=9]
SOCP Robustness Evaluation:  28%|██▊       | 85/300 [1:04:59<2:47:56, 46.87s/image, cert=0.8837, clean=0.9651, last=46.7s, targets=9]
SOCP Robustness Evaluation:  29%|██▊       | 86/300 [1:04:59<2:47:00, 46.82s/image, cert=0.8837, clean=0.9651, last=46.7s, targets=9]
SOCP Robustness Evaluation:  29%|██▊       | 86/300 [1:05:46<2:47:00, 46.82s/image, cert=0.8851, clean=0.9655, last=47.0s, targets=9]
SOCP Robustness Evaluation:  29%|██▉       | 87/300 [1:05:46<2:46:25, 46.88s/image, cert=0.8851, clean=0.9655, last=47.0s, targets=9]
SOCP Robustness Evaluation:  29%|██▉       | 87/300 [1:06:33<2:46:25, 46.88s/image, cert=0.8750, clean=0.9659, last=46.6s, targets=9]
SOCP Robustness Evaluation:  29%|██▉       | 88/300 [1:06:33<2:45:20, 46.79s/image, cert=0.8750, clean=0.9659, last=46.6s, targets=9]
SOCP Robustness Evaluation:  29%|██▉       | 88/300 [1:07:20<2:45:20, 46.79s/image, cert=0.8764, clean=0.9663, last=47.1s, targets=9]
SOCP Robustness Evaluation:  30%|██▉       | 89/300 [1:07:20<2:44:50, 46.87s/image, cert=0.8764, clean=0.9663, last=47.1s, targets=9]
SOCP Robustness Evaluation:  30%|██▉       | 89/300 [1:08:06<2:44:50, 46.87s/image, cert=0.8778, clean=0.9667, last=46.4s, targets=9]
SOCP Robustness Evaluation:  30%|███       | 90/300 [1:08:06<2:43:31, 46.72s/image, cert=0.8778, clean=0.9667, last=46.4s, targets=9]
SOCP Robustness Evaluation:  30%|███       | 90/300 [1:08:54<2:43:31, 46.72s/image, cert=0.8791, clean=0.9670, last=47.1s, targets=9]
SOCP Robustness Evaluation:  30%|███       | 91/300 [1:08:54<2:43:05, 46.82s/image, cert=0.8791, clean=0.9670, last=47.1s, targets=9]
SOCP Robustness Evaluation:  30%|███       | 91/300 [1:09:41<2:43:05, 46.82s/image, cert=0.8804, clean=0.9674, last=47.3s, targets=9]
SOCP Robustness Evaluation:  31%|███       | 92/300 [1:09:41<2:42:46, 46.95s/image, cert=0.8804, clean=0.9674, last=47.3s, targets=9]
SOCP Robustness Evaluation:  31%|███       | 92/300 [1:10:28<2:42:46, 46.95s/image, cert=0.8710, clean=0.9677, last=47.2s, targets=9]
SOCP Robustness Evaluation:  31%|███       | 93/300 [1:10:28<2:42:14, 47.03s/image, cert=0.8710, clean=0.9677, last=47.2s, targets=9]
SOCP Robustness Evaluation:  31%|███       | 93/300 [1:11:14<2:42:14, 47.03s/image, cert=0.8723, clean=0.9681, last=45.9s, targets=9]
SOCP Robustness Evaluation:  31%|███▏      | 94/300 [1:11:14<2:40:16, 46.68s/image, cert=0.8723, clean=0.9681, last=45.9s, targets=9]
SOCP Robustness Evaluation:  31%|███▏      | 94/300 [1:12:00<2:40:16, 46.68s/image, cert=0.8737, clean=0.9684, last=45.9s, targets=9]
SOCP Robustness Evaluation:  32%|███▏      | 95/300 [1:12:00<2:38:45, 46.46s/image, cert=0.8737, clean=0.9684, last=45.9s, targets=9]
SOCP Robustness Evaluation:  32%|███▏      | 95/300 [1:12:48<2:38:45, 46.46s/image, cert=0.8750, clean=0.9688, last=47.8s, targets=9]
SOCP Robustness Evaluation:  32%|███▏      | 96/300 [1:12:48<2:39:20, 46.86s/image, cert=0.8750, clean=0.9688, last=47.8s, targets=9]
SOCP Robustness Evaluation:  32%|███▏      | 96/300 [1:13:33<2:39:20, 46.86s/image, cert=0.8763, clean=0.9691, last=45.4s, targets=9]
SOCP Robustness Evaluation:  32%|███▏      | 97/300 [1:13:33<2:37:03, 46.42s/image, cert=0.8763, clean=0.9691, last=45.4s, targets=9]
SOCP Robustness Evaluation:  32%|███▏      | 97/300 [1:14:20<2:37:03, 46.42s/image, cert=0.8673, clean=0.9694, last=47.1s, targets=9]
SOCP Robustness Evaluation:  33%|███▎      | 98/300 [1:14:20<2:36:58, 46.62s/image, cert=0.8673, clean=0.9694, last=47.1s, targets=9]
SOCP Robustness Evaluation:  33%|███▎      | 98/300 [1:15:07<2:36:58, 46.62s/image, cert=0.8687, clean=0.9697, last=47.1s, targets=9]
SOCP Robustness Evaluation:  33%|███▎      | 99/300 [1:15:07<2:36:38, 46.76s/image, cert=0.8687, clean=0.9697, last=47.1s, targets=9]
SOCP Robustness Evaluation:  33%|███▎      | 99/300 [1:15:53<2:36:38, 46.76s/image, cert=0.8700, clean=0.9700, last=45.9s, targets=9]
SOCP Robustness Evaluation:  33%|███▎      | 100/300 [1:15:53<2:35:02, 46.51s/image, cert=0.8700, clean=0.9700, last=45.9s, targets=9]
SOCP Robustness Evaluation:  33%|███▎      | 100/300 [1:16:40<2:35:02, 46.51s/image, cert=0.8713, clean=0.9703, last=46.6s, targets=9]
SOCP Robustness Evaluation:  34%|███▎      | 101/300 [1:16:40<2:34:21, 46.54s/image, cert=0.8713, clean=0.9703, last=46.6s, targets=9]
SOCP Robustness Evaluation:  34%|███▎      | 101/300 [1:17:28<2:34:21, 46.54s/image, cert=0.8725, clean=0.9706, last=48.5s, targets=9]
SOCP Robustness Evaluation:  34%|███▍      | 102/300 [1:17:28<2:35:33, 47.14s/image, cert=0.8725, clean=0.9706, last=48.5s, targets=9]
SOCP Robustness Evaluation:  34%|███▍      | 102/300 [1:18:15<2:35:33, 47.14s/image, cert=0.8738, clean=0.9709, last=47.2s, targets=9]
SOCP Robustness Evaluation:  34%|███▍      | 103/300 [1:18:15<2:34:50, 47.16s/image, cert=0.8738, clean=0.9709, last=47.2s, targets=9]
SOCP Robustness Evaluation:  34%|███▍      | 103/300 [1:19:02<2:34:50, 47.16s/image, cert=0.8750, clean=0.9712, last=46.8s, targets=9]
SOCP Robustness Evaluation:  35%|███▍      | 104/300 [1:19:02<2:33:41, 47.05s/image, cert=0.8750, clean=0.9712, last=46.8s, targets=9]
SOCP Robustness Evaluation:  35%|███▍      | 104/300 [1:19:50<2:33:41, 47.05s/image, cert=0.8762, clean=0.9714, last=47.7s, targets=9]
SOCP Robustness Evaluation:  35%|███▌      | 105/300 [1:19:50<2:33:30, 47.23s/image, cert=0.8762, clean=0.9714, last=47.7s, targets=9]
SOCP Robustness Evaluation:  35%|███▌      | 105/300 [1:20:36<2:33:30, 47.23s/image, cert=0.8774, clean=0.9717, last=46.1s, targets=9]
SOCP Robustness Evaluation:  35%|███▌      | 106/300 [1:20:36<2:31:36, 46.89s/image, cert=0.8774, clean=0.9717, last=46.1s, targets=9]
SOCP Robustness Evaluation:  35%|███▌      | 106/300 [1:21:23<2:31:36, 46.89s/image, cert=0.8785, clean=0.9720, last=47.2s, targets=9]
SOCP Robustness Evaluation:  36%|███▌      | 107/300 [1:21:23<2:31:08, 46.99s/image, cert=0.8785, clean=0.9720, last=47.2s, targets=9]
SOCP Robustness Evaluation:  36%|███▌      | 107/300 [1:22:11<2:31:08, 46.99s/image, cert=0.8796, clean=0.9722, last=47.4s, targets=9]
SOCP Robustness Evaluation:  36%|███▌      | 108/300 [1:22:11<2:30:43, 47.10s/image, cert=0.8796, clean=0.9722, last=47.4s, targets=9]
SOCP Robustness Evaluation:  36%|███▌      | 108/300 [1:22:59<2:30:43, 47.10s/image, cert=0.8807, clean=0.9725, last=48.4s, targets=9]
SOCP Robustness Evaluation:  36%|███▋      | 109/300 [1:22:59<2:31:12, 47.50s/image, cert=0.8807, clean=0.9725, last=48.4s, targets=9]
SOCP Robustness Evaluation:  36%|███▋      | 109/300 [1:23:47<2:31:12, 47.50s/image, cert=0.8818, clean=0.9727, last=47.7s, targets=9]
SOCP Robustness Evaluation:  37%|███▋      | 110/300 [1:23:47<2:30:36, 47.56s/image, cert=0.8818, clean=0.9727, last=47.7s, targets=9]
SOCP Robustness Evaluation:  37%|███▋      | 110/300 [1:24:34<2:30:36, 47.56s/image, cert=0.8829, clean=0.9730, last=47.3s, targets=9]
SOCP Robustness Evaluation:  37%|███▋      | 111/300 [1:24:34<2:29:34, 47.48s/image, cert=0.8829, clean=0.9730, last=47.3s, targets=9]
SOCP Robustness Evaluation:  37%|███▋      | 111/300 [1:25:22<2:29:34, 47.48s/image, cert=0.8750, clean=0.9732, last=47.6s, targets=9]
SOCP Robustness Evaluation:  37%|███▋      | 112/300 [1:25:22<2:28:52, 47.51s/image, cert=0.8750, clean=0.9732, last=47.6s, targets=9]
SOCP Robustness Evaluation:  37%|███▋      | 112/300 [1:26:08<2:28:52, 47.51s/image, cert=0.8761, clean=0.9735, last=46.4s, targets=9]
SOCP Robustness Evaluation:  38%|███▊      | 113/300 [1:26:08<2:27:05, 47.19s/image, cert=0.8761, clean=0.9735, last=46.4s, targets=9]
SOCP Robustness Evaluation:  38%|███▊      | 113/300 [1:26:56<2:27:05, 47.19s/image, cert=0.8772, clean=0.9737, last=48.1s, targets=9]
SOCP Robustness Evaluation:  38%|███▊      | 114/300 [1:26:56<2:27:06, 47.46s/image, cert=0.8772, clean=0.9737, last=48.1s, targets=9]
SOCP Robustness Evaluation:  38%|███▊      | 114/300 [1:27:43<2:27:06, 47.46s/image, cert=0.8783, clean=0.9739, last=46.5s, targets=9]
SOCP Robustness Evaluation:  38%|███▊      | 115/300 [1:27:43<2:25:25, 47.17s/image, cert=0.8783, clean=0.9739, last=46.5s, targets=9]
SOCP Robustness Evaluation:  38%|███▊      | 115/300 [1:28:30<2:25:25, 47.17s/image, cert=0.8793, clean=0.9741, last=46.9s, targets=9]
SOCP Robustness Evaluation:  39%|███▊      | 116/300 [1:28:30<2:24:23, 47.09s/image, cert=0.8793, clean=0.9741, last=46.9s, targets=9]
SOCP Robustness Evaluation:  39%|███▊      | 116/300 [1:29:15<2:24:23, 47.09s/image, cert=0.8803, clean=0.9744, last=45.8s, targets=9]
SOCP Robustness Evaluation:  39%|███▉      | 117/300 [1:29:15<2:22:24, 46.69s/image, cert=0.8803, clean=0.9744, last=45.8s, targets=9]
SOCP Robustness Evaluation:  39%|███▉      | 117/300 [1:30:02<2:22:24, 46.69s/image, cert=0.8814, clean=0.9746, last=46.5s, targets=9]
SOCP Robustness Evaluation:  39%|███▉      | 118/300 [1:30:02<2:21:26, 46.63s/image, cert=0.8814, clean=0.9746, last=46.5s, targets=9]
SOCP Robustness Evaluation:  39%|███▉      | 118/300 [1:30:48<2:21:26, 46.63s/image, cert=0.8824, clean=0.9748, last=46.1s, targets=9]
SOCP Robustness Evaluation:  40%|███▉      | 119/300 [1:30:48<2:20:12, 46.48s/image, cert=0.8824, clean=0.9748, last=46.1s, targets=9]
SOCP Robustness Evaluation:  40%|███▉      | 119/300 [1:31:34<2:20:12, 46.48s/image, cert=0.8750, clean=0.9750, last=46.4s, targets=9]
SOCP Robustness Evaluation:  40%|████      | 120/300 [1:31:34<2:19:19, 46.44s/image, cert=0.8750, clean=0.9750, last=46.4s, targets=9]
SOCP Robustness Evaluation:  40%|████      | 120/300 [1:32:21<2:19:19, 46.44s/image, cert=0.8760, clean=0.9752, last=46.9s, targets=9]
SOCP Robustness Evaluation:  40%|████      | 121/300 [1:32:21<2:18:58, 46.59s/image, cert=0.8760, clean=0.9752, last=46.9s, targets=9]
SOCP Robustness Evaluation:  40%|████      | 121/300 [1:33:08<2:18:58, 46.59s/image, cert=0.8689, clean=0.9754, last=46.8s, targets=9]
SOCP Robustness Evaluation:  41%|████      | 122/300 [1:33:08<2:18:21, 46.64s/image, cert=0.8689, clean=0.9754, last=46.8s, targets=9]
SOCP Robustness Evaluation:  41%|████      | 122/300 [1:33:57<2:18:21, 46.64s/image, cert=0.8699, clean=0.9756, last=49.1s, targets=9]
SOCP Robustness Evaluation:  41%|████      | 123/300 [1:33:57<2:19:47, 47.39s/image, cert=0.8699, clean=0.9756, last=49.1s, targets=9]
SOCP Robustness Evaluation:  41%|████      | 123/300 [1:34:44<2:19:47, 47.39s/image, cert=0.8710, clean=0.9758, last=47.2s, targets=9]
SOCP Robustness Evaluation:  41%|████▏     | 124/300 [1:34:44<2:18:48, 47.32s/image, cert=0.8710, clean=0.9758, last=47.2s, targets=9]
SOCP Robustness Evaluation:  41%|████▏     | 124/300 [1:35:33<2:18:48, 47.32s/image, cert=0.8640, clean=0.9760, last=48.6s, targets=9]
SOCP Robustness Evaluation:  42%|████▏     | 125/300 [1:35:33<2:19:06, 47.69s/image, cert=0.8640, clean=0.9760, last=48.6s, targets=9]
SOCP Robustness Evaluation:  42%|████▏     | 125/300 [1:36:21<2:19:06, 47.69s/image, cert=0.8651, clean=0.9762, last=48.2s, targets=9]
SOCP Robustness Evaluation:  42%|████▏     | 126/300 [1:36:21<2:18:47, 47.86s/image, cert=0.8651, clean=0.9762, last=48.2s, targets=9]
SOCP Robustness Evaluation:  42%|████▏     | 126/300 [1:37:08<2:18:47, 47.86s/image, cert=0.8661, clean=0.9764, last=46.9s, targets=9]
SOCP Robustness Evaluation:  42%|████▏     | 127/300 [1:37:08<2:17:09, 47.57s/image, cert=0.8661, clean=0.9764, last=46.9s, targets=9]
SOCP Robustness Evaluation:  42%|████▏     | 127/300 [1:37:56<2:17:09, 47.57s/image, cert=0.8672, clean=0.9766, last=48.4s, targets=9]
SOCP Robustness Evaluation:  43%|████▎     | 128/300 [1:37:56<2:17:02, 47.81s/image, cert=0.8672, clean=0.9766, last=48.4s, targets=9]
SOCP Robustness Evaluation:  43%|████▎     | 128/300 [1:38:42<2:17:02, 47.81s/image, cert=0.8682, clean=0.9767, last=45.4s, targets=9]
SOCP Robustness Evaluation:  43%|████▎     | 129/300 [1:38:42<2:14:09, 47.07s/image, cert=0.8682, clean=0.9767, last=45.4s, targets=9]
SOCP Robustness Evaluation:  43%|████▎     | 129/300 [1:39:30<2:14:09, 47.07s/image, cert=0.8692, clean=0.9769, last=48.8s, targets=9]
SOCP Robustness Evaluation:  43%|████▎     | 130/300 [1:39:30<2:14:48, 47.58s/image, cert=0.8692, clean=0.9769, last=48.8s, targets=9]
SOCP Robustness Evaluation:  43%|████▎     | 130/300 [1:40:19<2:14:48, 47.58s/image, cert=0.8702, clean=0.9771, last=48.3s, targets=9]
SOCP Robustness Evaluation:  44%|████▎     | 131/300 [1:40:19<2:14:37, 47.80s/image, cert=0.8702, clean=0.9771, last=48.3s, targets=9]
SOCP Robustness Evaluation:  44%|████▎     | 131/300 [1:41:06<2:14:37, 47.80s/image, cert=0.8712, clean=0.9773, last=47.2s, targets=9]
SOCP Robustness Evaluation:  44%|████▍     | 132/300 [1:41:06<2:13:20, 47.62s/image, cert=0.8712, clean=0.9773, last=47.2s, targets=9]
SOCP Robustness Evaluation:  44%|████▍     | 132/300 [1:41:50<2:13:20, 47.62s/image, cert=0.8722, clean=0.9774, last=44.1s, targets=9]
SOCP Robustness Evaluation:  44%|████▍     | 133/300 [1:41:50<2:09:38, 46.58s/image, cert=0.8722, clean=0.9774, last=44.1s, targets=9]
SOCP Robustness Evaluation:  44%|████▍     | 133/300 [1:42:38<2:09:38, 46.58s/image, cert=0.8657, clean=0.9776, last=47.4s, targets=9]
SOCP Robustness Evaluation:  45%|████▍     | 134/300 [1:42:38<2:09:34, 46.83s/image, cert=0.8657, clean=0.9776, last=47.4s, targets=9]
SOCP Robustness Evaluation:  45%|████▍     | 134/300 [1:43:25<2:09:34, 46.83s/image, cert=0.8667, clean=0.9778, last=47.3s, targets=9]
SOCP Robustness Evaluation:  45%|████▌     | 135/300 [1:43:25<2:09:09, 46.97s/image, cert=0.8667, clean=0.9778, last=47.3s, targets=9]
SOCP Robustness Evaluation:  45%|████▌     | 135/300 [1:44:12<2:09:09, 46.97s/image, cert=0.8676, clean=0.9779, last=47.1s, targets=9]
SOCP Robustness Evaluation:  45%|████▌     | 136/300 [1:44:12<2:08:28, 47.00s/image, cert=0.8676, clean=0.9779, last=47.1s, targets=9]
SOCP Robustness Evaluation:  45%|████▌     | 136/300 [1:44:59<2:08:28, 47.00s/image, cert=0.8686, clean=0.9781, last=47.3s, targets=9]
SOCP Robustness Evaluation:  46%|████▌     | 137/300 [1:44:59<2:07:54, 47.08s/image, cert=0.8686, clean=0.9781, last=47.3s, targets=9]
SOCP Robustness Evaluation:  46%|████▌     | 137/300 [1:45:46<2:07:54, 47.08s/image, cert=0.8696, clean=0.9783, last=46.5s, targets=9]
SOCP Robustness Evaluation:  46%|████▌     | 138/300 [1:45:46<2:06:41, 46.92s/image, cert=0.8696, clean=0.9783, last=46.5s, targets=9]
SOCP Robustness Evaluation:  46%|████▌     | 138/300 [1:46:30<2:06:41, 46.92s/image, cert=0.8705, clean=0.9784, last=44.6s, targets=9]
SOCP Robustness Evaluation:  46%|████▋     | 139/300 [1:46:30<2:04:00, 46.22s/image, cert=0.8705, clean=0.9784, last=44.6s, targets=9]
SOCP Robustness Evaluation:  46%|████▋     | 139/300 [1:47:18<2:04:00, 46.22s/image, cert=0.8714, clean=0.9786, last=47.3s, targets=9]
SOCP Robustness Evaluation:  47%|████▋     | 140/300 [1:47:18<2:04:06, 46.54s/image, cert=0.8714, clean=0.9786, last=47.3s, targets=9]
SOCP Robustness Evaluation:  47%|████▋     | 140/300 [1:48:04<2:04:06, 46.54s/image, cert=0.8723, clean=0.9787, last=46.4s, targets=9]
SOCP Robustness Evaluation:  47%|████▋     | 141/300 [1:48:04<2:03:11, 46.49s/image, cert=0.8723, clean=0.9787, last=46.4s, targets=9]
SOCP Robustness Evaluation:  47%|████▋     | 141/300 [1:48:51<2:03:11, 46.49s/image, cert=0.8732, clean=0.9789, last=47.5s, targets=9]
SOCP Robustness Evaluation:  47%|████▋     | 142/300 [1:48:51<2:03:14, 46.80s/image, cert=0.8732, clean=0.9789, last=47.5s, targets=9]
SOCP Robustness Evaluation:  47%|████▋     | 142/300 [1:49:39<2:03:14, 46.80s/image, cert=0.8741, clean=0.9790, last=47.7s, targets=9]
SOCP Robustness Evaluation:  48%|████▊     | 143/300 [1:49:39<2:03:09, 47.07s/image, cert=0.8741, clean=0.9790, last=47.7s, targets=9]
SOCP Robustness Evaluation:  48%|████▊     | 143/300 [1:50:25<2:03:09, 47.07s/image, cert=0.8750, clean=0.9792, last=45.9s, targets=9]
SOCP Robustness Evaluation:  48%|████▊     | 144/300 [1:50:25<2:01:29, 46.73s/image, cert=0.8750, clean=0.9792, last=45.9s, targets=9]
SOCP Robustness Evaluation:  48%|████▊     | 144/300 [1:51:11<2:01:29, 46.73s/image, cert=0.8759, clean=0.9793, last=45.9s, targets=9]
SOCP Robustness Evaluation:  48%|████▊     | 145/300 [1:51:11<2:00:04, 46.48s/image, cert=0.8759, clean=0.9793, last=45.9s, targets=9]
SOCP Robustness Evaluation:  48%|████▊     | 145/300 [1:51:56<2:00:04, 46.48s/image, cert=0.8767, clean=0.9795, last=44.8s, targets=9]
SOCP Robustness Evaluation:  49%|████▊     | 146/300 [1:51:56<1:58:01, 45.98s/image, cert=0.8767, clean=0.9795, last=44.8s, targets=9]
SOCP Robustness Evaluation:  49%|████▊     | 146/300 [1:52:44<1:58:01, 45.98s/image, cert=0.8776, clean=0.9796, last=47.7s, targets=9]
SOCP Robustness Evaluation:  49%|████▉     | 147/300 [1:52:44<1:58:35, 46.51s/image, cert=0.8776, clean=0.9796, last=47.7s, targets=9]
SOCP Robustness Evaluation:  49%|████▉     | 147/300 [1:53:31<1:58:35, 46.51s/image, cert=0.8784, clean=0.9797, last=47.8s, targets=9]
SOCP Robustness Evaluation:  49%|████▉     | 148/300 [1:53:31<1:58:47, 46.89s/image, cert=0.8784, clean=0.9797, last=47.8s, targets=9]
SOCP Robustness Evaluation:  49%|████▉     | 148/300 [1:54:20<1:58:47, 46.89s/image, cert=0.8792, clean=0.9799, last=48.2s, targets=9]
SOCP Robustness Evaluation:  50%|████▉     | 149/300 [1:54:20<1:59:02, 47.30s/image, cert=0.8792, clean=0.9799, last=48.2s, targets=9]
SOCP Robustness Evaluation:  50%|████▉     | 149/300 [1:55:05<1:59:02, 47.30s/image, cert=0.8733, clean=0.9800, last=45.8s, targets=9]
SOCP Robustness Evaluation:  50%|█████     | 150/300 [1:55:05<1:57:06, 46.84s/image, cert=0.8733, clean=0.9800, last=45.8s, targets=9]
SOCP Robustness Evaluation:  50%|█████     | 150/300 [1:55:52<1:57:06, 46.84s/image, cert=0.8742, clean=0.9801, last=46.9s, targets=9]
SOCP Robustness Evaluation:  50%|█████     | 151/300 [1:55:52<1:56:20, 46.85s/image, cert=0.8742, clean=0.9801, last=46.9s, targets=9]
SOCP Robustness Evaluation:  50%|█████     | 151/300 [1:56:40<1:56:20, 46.85s/image, cert=0.8750, clean=0.9803, last=47.9s, targets=9]
SOCP Robustness Evaluation:  51%|█████     | 152/300 [1:56:40<1:56:21, 47.17s/image, cert=0.8750, clean=0.9803, last=47.9s, targets=9]
SOCP Robustness Evaluation:  51%|█████     | 152/300 [1:57:27<1:56:21, 47.17s/image, cert=0.8758, clean=0.9804, last=46.9s, targets=9]
SOCP Robustness Evaluation:  51%|█████     | 153/300 [1:57:27<1:55:23, 47.10s/image, cert=0.8758, clean=0.9804, last=46.9s, targets=9]
SOCP Robustness Evaluation:  51%|█████     | 153/300 [1:58:14<1:55:23, 47.10s/image, cert=0.8766, clean=0.9805, last=47.0s, targets=9]
SOCP Robustness Evaluation:  51%|█████▏    | 154/300 [1:58:14<1:54:31, 47.06s/image, cert=0.8766, clean=0.9805, last=47.0s, targets=9]
SOCP Robustness Evaluation:  51%|█████▏    | 154/300 [1:59:01<1:54:31, 47.06s/image, cert=0.8774, clean=0.9806, last=46.5s, targets=9]
SOCP Robustness Evaluation:  52%|█████▏    | 155/300 [1:59:01<1:53:18, 46.89s/image, cert=0.8774, clean=0.9806, last=46.5s, targets=9]
SOCP Robustness Evaluation:  52%|█████▏    | 155/300 [1:59:48<1:53:18, 46.89s/image, cert=0.8782, clean=0.9808, last=47.0s, targets=9]
SOCP Robustness Evaluation:  52%|█████▏    | 156/300 [1:59:48<1:52:37, 46.92s/image, cert=0.8782, clean=0.9808, last=47.0s, targets=9]
SOCP Robustness Evaluation:  52%|█████▏    | 156/300 [2:00:35<1:52:37, 46.92s/image, cert=0.8790, clean=0.9809, last=47.4s, targets=9]
SOCP Robustness Evaluation:  52%|█████▏    | 157/300 [2:00:35<1:52:09, 47.06s/image, cert=0.8790, clean=0.9809, last=47.4s, targets=9]
SOCP Robustness Evaluation:  52%|█████▏    | 157/300 [2:01:22<1:52:09, 47.06s/image, cert=0.8797, clean=0.9810, last=47.1s, targets=9]
SOCP Robustness Evaluation:  53%|█████▎    | 158/300 [2:01:22<1:51:23, 47.07s/image, cert=0.8797, clean=0.9810, last=47.1s, targets=9]
SOCP Robustness Evaluation:  53%|█████▎    | 158/300 [2:02:08<1:51:23, 47.07s/image, cert=0.8805, clean=0.9811, last=46.0s, targets=9]
SOCP Robustness Evaluation:  53%|█████▎    | 159/300 [2:02:08<1:49:50, 46.74s/image, cert=0.8805, clean=0.9811, last=46.0s, targets=9]
SOCP Robustness Evaluation:  53%|█████▎    | 159/300 [2:02:55<1:49:50, 46.74s/image, cert=0.8812, clean=0.9812, last=46.8s, targets=9]
SOCP Robustness Evaluation:  53%|█████▎    | 160/300 [2:02:55<1:49:07, 46.77s/image, cert=0.8812, clean=0.9812, last=46.8s, targets=9]
SOCP Robustness Evaluation:  53%|█████▎    | 160/300 [2:03:42<1:49:07, 46.77s/image, cert=0.8820, clean=0.9814, last=47.3s, targets=9]
SOCP Robustness Evaluation:  54%|█████▎    | 161/300 [2:03:42<1:48:42, 46.92s/image, cert=0.8820, clean=0.9814, last=47.3s, targets=9]
SOCP Robustness Evaluation:  54%|█████▎    | 161/300 [2:04:30<1:48:42, 46.92s/image, cert=0.8827, clean=0.9815, last=47.7s, targets=9]
SOCP Robustness Evaluation:  54%|█████▍    | 162/300 [2:04:30<1:48:25, 47.14s/image, cert=0.8827, clean=0.9815, last=47.7s, targets=9]
SOCP Robustness Evaluation:  54%|█████▍    | 162/300 [2:05:17<1:48:25, 47.14s/image, cert=0.8834, clean=0.9816, last=46.8s, targets=9]
SOCP Robustness Evaluation:  54%|█████▍    | 163/300 [2:05:17<1:47:24, 47.04s/image, cert=0.8834, clean=0.9816, last=46.8s, targets=9]
SOCP Robustness Evaluation:  54%|█████▍    | 163/300 [2:06:01<1:47:24, 47.04s/image, cert=0.8841, clean=0.9817, last=44.4s, targets=9]
SOCP Robustness Evaluation:  55%|█████▍    | 164/300 [2:06:01<1:44:50, 46.25s/image, cert=0.8841, clean=0.9817, last=44.4s, targets=9]
SOCP Robustness Evaluation:  55%|█████▍    | 164/300 [2:06:48<1:44:50, 46.25s/image, cert=0.8788, clean=0.9818, last=46.8s, targets=9]
SOCP Robustness Evaluation:  55%|█████▌    | 165/300 [2:06:48<1:44:27, 46.43s/image, cert=0.8788, clean=0.9818, last=46.8s, targets=9]
SOCP Robustness Evaluation:  55%|█████▌    | 165/300 [2:07:35<1:44:27, 46.43s/image, cert=0.8795, clean=0.9819, last=47.0s, targets=9]
SOCP Robustness Evaluation:  55%|█████▌    | 166/300 [2:07:35<1:44:02, 46.59s/image, cert=0.8795, clean=0.9819, last=47.0s, targets=9]
SOCP Robustness Evaluation:  55%|█████▌    | 166/300 [2:08:21<1:44:02, 46.59s/image, cert=0.8802, clean=0.9820, last=46.2s, targets=9]
SOCP Robustness Evaluation:  56%|█████▌    | 167/300 [2:08:21<1:43:02, 46.49s/image, cert=0.8802, clean=0.9820, last=46.2s, targets=9]
SOCP Robustness Evaluation:  56%|█████▌    | 167/300 [2:09:08<1:43:02, 46.49s/image, cert=0.8750, clean=0.9821, last=46.9s, targets=9]
SOCP Robustness Evaluation:  56%|█████▌    | 168/300 [2:09:08<1:42:31, 46.60s/image, cert=0.8750, clean=0.9821, last=46.9s, targets=9]
SOCP Robustness Evaluation:  56%|█████▌    | 168/300 [2:09:56<1:42:31, 46.60s/image, cert=0.8757, clean=0.9822, last=48.4s, targets=9]
SOCP Robustness Evaluation:  56%|█████▋    | 169/300 [2:09:56<1:42:56, 47.15s/image, cert=0.8757, clean=0.9822, last=48.4s, targets=9]
SOCP Robustness Evaluation:  56%|█████▋    | 169/300 [2:10:44<1:42:56, 47.15s/image, cert=0.8765, clean=0.9824, last=48.0s, targets=9]
SOCP Robustness Evaluation:  57%|█████▋    | 170/300 [2:10:44<1:42:41, 47.40s/image, cert=0.8765, clean=0.9824, last=48.0s, targets=9]
SOCP Robustness Evaluation:  57%|█████▋    | 170/300 [2:11:31<1:42:41, 47.40s/image, cert=0.8772, clean=0.9825, last=46.8s, targets=9]
SOCP Robustness Evaluation:  57%|█████▋    | 171/300 [2:11:31<1:41:31, 47.22s/image, cert=0.8772, clean=0.9825, last=46.8s, targets=9]
SOCP Robustness Evaluation:  57%|█████▋    | 171/300 [2:12:17<1:41:31, 47.22s/image, cert=0.8721, clean=0.9826, last=46.0s, targets=9]
SOCP Robustness Evaluation:  57%|█████▋    | 172/300 [2:12:17<1:39:58, 46.87s/image, cert=0.8721, clean=0.9826, last=46.0s, targets=9]
SOCP Robustness Evaluation:  57%|█████▋    | 172/300 [2:13:05<1:39:58, 46.87s/image, cert=0.8728, clean=0.9827, last=47.6s, targets=9]
SOCP Robustness Evaluation:  58%|█████▊    | 173/300 [2:13:05<1:39:40, 47.09s/image, cert=0.8728, clean=0.9827, last=47.6s, targets=9]
SOCP Robustness Evaluation:  58%|█████▊    | 173/300 [2:13:51<1:39:40, 47.09s/image, cert=0.8678, clean=0.9828, last=46.1s, targets=9]
SOCP Robustness Evaluation:  58%|█████▊    | 174/300 [2:13:51<1:38:17, 46.80s/image, cert=0.8678, clean=0.9828, last=46.1s, targets=9]
SOCP Robustness Evaluation:  58%|█████▊    | 174/300 [2:14:36<1:38:17, 46.80s/image, cert=0.8686, clean=0.9829, last=45.3s, targets=9]
SOCP Robustness Evaluation:  58%|█████▊    | 175/300 [2:14:36<1:36:34, 46.36s/image, cert=0.8686, clean=0.9829, last=45.3s, targets=9]
SOCP Robustness Evaluation:  58%|█████▊    | 175/300 [2:15:23<1:36:34, 46.36s/image, cert=0.8636, clean=0.9830, last=46.7s, targets=9]
SOCP Robustness Evaluation:  59%|█████▊    | 176/300 [2:15:23<1:36:01, 46.47s/image, cert=0.8636, clean=0.9830, last=46.7s, targets=9]
SOCP Robustness Evaluation:  59%|█████▊    | 176/300 [2:16:10<1:36:01, 46.47s/image, cert=0.8644, clean=0.9831, last=47.5s, targets=9]
SOCP Robustness Evaluation:  59%|█████▉    | 177/300 [2:16:10<1:35:53, 46.78s/image, cert=0.8644, clean=0.9831, last=47.5s, targets=9]
SOCP Robustness Evaluation:  59%|█████▉    | 177/300 [2:16:58<1:35:53, 46.78s/image, cert=0.8652, clean=0.9831, last=47.5s, targets=9]
SOCP Robustness Evaluation:  59%|█████▉    | 178/300 [2:16:58<1:35:32, 46.99s/image, cert=0.8652, clean=0.9831, last=47.5s, targets=9]
SOCP Robustness Evaluation:  59%|█████▉    | 178/300 [2:17:44<1:35:32, 46.99s/image, cert=0.8659, clean=0.9832, last=45.9s, targets=9]
SOCP Robustness Evaluation:  60%|█████▉    | 179/300 [2:17:44<1:34:06, 46.66s/image, cert=0.8659, clean=0.9832, last=45.9s, targets=9]
SOCP Robustness Evaluation:  60%|█████▉    | 179/300 [2:18:32<1:34:06, 46.66s/image, cert=0.8667, clean=0.9833, last=48.1s, targets=9]
SOCP Robustness Evaluation:  60%|██████    | 180/300 [2:18:32<1:34:10, 47.08s/image, cert=0.8667, clean=0.9833, last=48.1s, targets=9]
SOCP Robustness Evaluation:  60%|██████    | 180/300 [2:19:19<1:34:10, 47.08s/image, cert=0.8674, clean=0.9834, last=46.7s, targets=9]
SOCP Robustness Evaluation:  60%|██████    | 181/300 [2:19:19<1:33:08, 46.97s/image, cert=0.8674, clean=0.9834, last=46.7s, targets=9]
SOCP Robustness Evaluation:  60%|██████    | 181/300 [2:20:06<1:33:08, 46.97s/image, cert=0.8681, clean=0.9835, last=47.5s, targets=9]
SOCP Robustness Evaluation:  61%|██████    | 182/300 [2:20:06<1:32:42, 47.14s/image, cert=0.8681, clean=0.9835, last=47.5s, targets=9]
SOCP Robustness Evaluation:  61%|██████    | 182/300 [2:20:52<1:32:42, 47.14s/image, cert=0.8689, clean=0.9836, last=46.1s, targets=9]
SOCP Robustness Evaluation:  61%|██████    | 183/300 [2:20:52<1:31:19, 46.83s/image, cert=0.8689, clean=0.9836, last=46.1s, targets=9]
SOCP Robustness Evaluation:  61%|██████    | 183/300 [2:21:38<1:31:19, 46.83s/image, cert=0.8696, clean=0.9837, last=45.5s, targets=9]
SOCP Robustness Evaluation:  61%|██████▏   | 184/300 [2:21:38<1:29:46, 46.43s/image, cert=0.8696, clean=0.9837, last=45.5s, targets=9]
SOCP Robustness Evaluation:  61%|██████▏   | 184/300 [2:22:24<1:29:46, 46.43s/image, cert=0.8703, clean=0.9838, last=46.2s, targets=9]
SOCP Robustness Evaluation:  62%|██████▏   | 185/300 [2:22:24<1:28:52, 46.37s/image, cert=0.8703, clean=0.9838, last=46.2s, targets=9]
SOCP Robustness Evaluation:  62%|██████▏   | 185/300 [2:23:12<1:28:52, 46.37s/image, cert=0.8710, clean=0.9839, last=47.9s, targets=9]
SOCP Robustness Evaluation:  62%|██████▏   | 186/300 [2:23:12<1:28:57, 46.82s/image, cert=0.8710, clean=0.9839, last=47.9s, targets=9]
SOCP Robustness Evaluation:  62%|██████▏   | 186/300 [2:23:58<1:28:57, 46.82s/image, cert=0.8717, clean=0.9840, last=46.6s, targets=9]
SOCP Robustness Evaluation:  62%|██████▏   | 187/300 [2:23:58<1:28:02, 46.75s/image, cert=0.8717, clean=0.9840, last=46.6s, targets=9]
SOCP Robustness Evaluation:  62%|██████▏   | 187/300 [2:24:46<1:28:02, 46.75s/image, cert=0.8723, clean=0.9840, last=47.5s, targets=9]
SOCP Robustness Evaluation:  63%|██████▎   | 188/300 [2:24:46<1:27:42, 46.99s/image, cert=0.8723, clean=0.9840, last=47.5s, targets=9]
SOCP Robustness Evaluation:  63%|██████▎   | 188/300 [2:25:33<1:27:42, 46.99s/image, cert=0.8730, clean=0.9841, last=47.3s, targets=9]
SOCP Robustness Evaluation:  63%|██████▎   | 189/300 [2:25:33<1:27:05, 47.08s/image, cert=0.8730, clean=0.9841, last=47.3s, targets=9]
SOCP Robustness Evaluation:  63%|██████▎   | 189/300 [2:26:19<1:27:05, 47.08s/image, cert=0.8737, clean=0.9842, last=45.5s, targets=9]
SOCP Robustness Evaluation:  63%|██████▎   | 190/300 [2:26:19<1:25:26, 46.60s/image, cert=0.8737, clean=0.9842, last=45.5s, targets=9]
SOCP Robustness Evaluation:  63%|██████▎   | 190/300 [2:27:06<1:25:26, 46.60s/image, cert=0.8743, clean=0.9843, last=47.1s, targets=9]
SOCP Robustness Evaluation:  64%|██████▎   | 191/300 [2:27:06<1:24:57, 46.77s/image, cert=0.8743, clean=0.9843, last=47.1s, targets=9]
SOCP Robustness Evaluation:  64%|██████▎   | 191/300 [2:27:53<1:24:57, 46.77s/image, cert=0.8750, clean=0.9844, last=46.6s, targets=9]
SOCP Robustness Evaluation:  64%|██████▍   | 192/300 [2:27:53<1:24:06, 46.73s/image, cert=0.8750, clean=0.9844, last=46.6s, targets=9]
SOCP Robustness Evaluation:  64%|██████▍   | 192/300 [2:28:41<1:24:06, 46.73s/image, cert=0.8756, clean=0.9845, last=48.6s, targets=9]
SOCP Robustness Evaluation:  64%|██████▍   | 193/300 [2:28:41<1:24:18, 47.27s/image, cert=0.8756, clean=0.9845, last=48.6s, targets=9]
SOCP Robustness Evaluation:  64%|██████▍   | 193/300 [2:29:28<1:24:18, 47.27s/image, cert=0.8763, clean=0.9845, last=47.0s, targets=9]
SOCP Robustness Evaluation:  65%|██████▍   | 194/300 [2:29:28<1:23:23, 47.20s/image, cert=0.8763, clean=0.9845, last=47.0s, targets=9]
SOCP Robustness Evaluation:  65%|██████▍   | 194/300 [2:30:16<1:23:23, 47.20s/image, cert=0.8769, clean=0.9846, last=48.0s, targets=9]
SOCP Robustness Evaluation:  65%|██████▌   | 195/300 [2:30:16<1:23:00, 47.43s/image, cert=0.8769, clean=0.9846, last=48.0s, targets=9]
SOCP Robustness Evaluation:  65%|██████▌   | 195/300 [2:30:16<1:23:00, 47.43s/image, cert=0.8724, clean=0.9796, last=0.0s, targets=0] 
SOCP Robustness Evaluation:  65%|██████▌   | 196/300 [2:31:03<1:22:13, 47.43s/image, cert=0.8731, clean=0.9797, last=46.4s, targets=9]
SOCP Robustness Evaluation:  66%|██████▌   | 197/300 [2:31:03<1:02:14, 36.26s/image, cert=0.8731, clean=0.9797, last=46.4s, targets=9]
SOCP Robustness Evaluation:  66%|██████▌   | 197/300 [2:31:48<1:02:14, 36.26s/image, cert=0.8737, clean=0.9798, last=46.0s, targets=9]
SOCP Robustness Evaluation:  66%|██████▌   | 198/300 [2:31:48<1:05:43, 38.66s/image, cert=0.8737, clean=0.9798, last=46.0s, targets=9]
SOCP Robustness Evaluation:  66%|██████▌   | 198/300 [2:32:37<1:05:43, 38.66s/image, cert=0.8744, clean=0.9799, last=48.5s, targets=9]
SOCP Robustness Evaluation:  66%|██████▋   | 199/300 [2:32:37<1:09:25, 41.25s/image, cert=0.8744, clean=0.9799, last=48.5s, targets=9]
SOCP Robustness Evaluation:  66%|██████▋   | 199/300 [2:33:25<1:09:25, 41.25s/image, cert=0.8750, clean=0.9800, last=47.8s, targets=9]
SOCP Robustness Evaluation:  67%|██████▋   | 200/300 [2:33:25<1:11:44, 43.04s/image, cert=0.8750, clean=0.9800, last=47.8s, targets=9]
SOCP Robustness Evaluation:  67%|██████▋   | 200/300 [2:34:11<1:11:44, 43.04s/image, cert=0.8706, clean=0.9801, last=45.8s, targets=9]
SOCP Robustness Evaluation:  67%|██████▋   | 201/300 [2:34:11<1:12:18, 43.82s/image, cert=0.8706, clean=0.9801, last=45.8s, targets=9]
SOCP Robustness Evaluation:  67%|██████▋   | 201/300 [2:34:56<1:12:18, 43.82s/image, cert=0.8713, clean=0.9802, last=45.4s, targets=9]
SOCP Robustness Evaluation:  67%|██████▋   | 202/300 [2:34:56<1:12:18, 44.27s/image, cert=0.8713, clean=0.9802, last=45.4s, targets=9]
SOCP Robustness Evaluation:  67%|██████▋   | 202/300 [2:35:42<1:12:18, 44.27s/image, cert=0.8719, clean=0.9803, last=45.6s, targets=9]
SOCP Robustness Evaluation:  68%|██████▊   | 203/300 [2:35:42<1:12:10, 44.64s/image, cert=0.8719, clean=0.9803, last=45.6s, targets=9]
SOCP Robustness Evaluation:  68%|██████▊   | 203/300 [2:36:29<1:12:10, 44.64s/image, cert=0.8725, clean=0.9804, last=47.3s, targets=9]
SOCP Robustness Evaluation:  68%|██████▊   | 204/300 [2:36:29<1:12:40, 45.43s/image, cert=0.8725, clean=0.9804, last=47.3s, targets=9]
SOCP Robustness Evaluation:  68%|██████▊   | 204/300 [2:37:16<1:12:40, 45.43s/image, cert=0.8732, clean=0.9805, last=46.6s, targets=9]
SOCP Robustness Evaluation:  68%|██████▊   | 205/300 [2:37:16<1:12:28, 45.77s/image, cert=0.8732, clean=0.9805, last=46.6s, targets=9]
SOCP Robustness Evaluation:  68%|██████▊   | 205/300 [2:38:02<1:12:28, 45.77s/image, cert=0.8738, clean=0.9806, last=46.4s, targets=9]
SOCP Robustness Evaluation:  69%|██████▊   | 206/300 [2:38:02<1:11:59, 45.96s/image, cert=0.8738, clean=0.9806, last=46.4s, targets=9]
SOCP Robustness Evaluation:  69%|██████▊   | 206/300 [2:38:48<1:11:59, 45.96s/image, cert=0.8744, clean=0.9807, last=46.5s, targets=9]
SOCP Robustness Evaluation:  69%|██████▉   | 207/300 [2:38:48<1:11:29, 46.13s/image, cert=0.8744, clean=0.9807, last=46.5s, targets=9]
SOCP Robustness Evaluation:  69%|██████▉   | 207/300 [2:39:35<1:11:29, 46.13s/image, cert=0.8750, clean=0.9808, last=46.2s, targets=9]
SOCP Robustness Evaluation:  69%|██████▉   | 208/300 [2:39:35<1:10:44, 46.14s/image, cert=0.8750, clean=0.9808, last=46.2s, targets=9]
SOCP Robustness Evaluation:  69%|██████▉   | 208/300 [2:40:23<1:10:44, 46.14s/image, cert=0.8756, clean=0.9809, last=48.6s, targets=9]
SOCP Robustness Evaluation:  70%|██████▉   | 209/300 [2:40:23<1:11:04, 46.86s/image, cert=0.8756, clean=0.9809, last=48.6s, targets=9]
SOCP Robustness Evaluation:  70%|██████▉   | 209/300 [2:41:09<1:11:04, 46.86s/image, cert=0.8762, clean=0.9810, last=46.0s, targets=9]
SOCP Robustness Evaluation:  70%|███████   | 210/300 [2:41:09<1:09:53, 46.59s/image, cert=0.8762, clean=0.9810, last=46.0s, targets=9]
SOCP Robustness Evaluation:  70%|███████   | 210/300 [2:41:56<1:09:53, 46.59s/image, cert=0.8768, clean=0.9810, last=46.5s, targets=9]
SOCP Robustness Evaluation:  70%|███████   | 211/300 [2:41:56<1:09:04, 46.56s/image, cert=0.8768, clean=0.9810, last=46.5s, targets=9]
SOCP Robustness Evaluation:  70%|███████   | 211/300 [2:42:44<1:09:04, 46.56s/image, cert=0.8726, clean=0.9811, last=48.1s, targets=9]
SOCP Robustness Evaluation:  71%|███████   | 212/300 [2:42:44<1:08:57, 47.02s/image, cert=0.8726, clean=0.9811, last=48.1s, targets=9]
SOCP Robustness Evaluation:  71%|███████   | 212/300 [2:43:31<1:08:57, 47.02s/image, cert=0.8732, clean=0.9812, last=47.2s, targets=9]
SOCP Robustness Evaluation:  71%|███████   | 213/300 [2:43:31<1:08:15, 47.07s/image, cert=0.8732, clean=0.9812, last=47.2s, targets=9]
SOCP Robustness Evaluation:  71%|███████   | 213/300 [2:44:18<1:08:15, 47.07s/image, cert=0.8738, clean=0.9813, last=47.0s, targets=9]
SOCP Robustness Evaluation:  71%|███████▏  | 214/300 [2:44:18<1:07:26, 47.05s/image, cert=0.8738, clean=0.9813, last=47.0s, targets=9]
SOCP Robustness Evaluation:  71%|███████▏  | 214/300 [2:45:05<1:07:26, 47.05s/image, cert=0.8744, clean=0.9814, last=46.6s, targets=9]
SOCP Robustness Evaluation:  72%|███████▏  | 215/300 [2:45:05<1:06:28, 46.93s/image, cert=0.8744, clean=0.9814, last=46.6s, targets=9]
SOCP Robustness Evaluation:  72%|███████▏  | 215/300 [2:45:51<1:06:28, 46.93s/image, cert=0.8750, clean=0.9815, last=46.5s, targets=9]
SOCP Robustness Evaluation:  72%|███████▏  | 216/300 [2:45:51<1:05:29, 46.78s/image, cert=0.8750, clean=0.9815, last=46.5s, targets=9]
SOCP Robustness Evaluation:  72%|███████▏  | 216/300 [2:46:39<1:05:29, 46.78s/image, cert=0.8756, clean=0.9816, last=48.0s, targets=9]
SOCP Robustness Evaluation:  72%|███████▏  | 217/300 [2:46:39<1:05:12, 47.14s/image, cert=0.8756, clean=0.9816, last=48.0s, targets=9]
SOCP Robustness Evaluation:  72%|███████▏  | 217/300 [2:46:39<1:05:12, 47.14s/image, cert=0.8716, clean=0.9771, last=0.0s, targets=0] 
SOCP Robustness Evaluation:  73%|███████▎  | 218/300 [2:47:27<1:04:25, 47.14s/image, cert=0.8721, clean=0.9772, last=48.0s, targets=9]
SOCP Robustness Evaluation:  73%|███████▎  | 219/300 [2:47:27<49:13, 36.47s/image, cert=0.8721, clean=0.9772, last=48.0s, targets=9]  
SOCP Robustness Evaluation:  73%|███████▎  | 219/300 [2:48:15<49:13, 36.47s/image, cert=0.8727, clean=0.9773, last=48.3s, targets=9]
SOCP Robustness Evaluation:  73%|███████▎  | 220/300 [2:48:15<52:32, 39.41s/image, cert=0.8727, clean=0.9773, last=48.3s, targets=9]
SOCP Robustness Evaluation:  73%|███████▎  | 220/300 [2:49:03<52:32, 39.41s/image, cert=0.8733, clean=0.9774, last=47.7s, targets=9]
SOCP Robustness Evaluation:  74%|███████▎  | 221/300 [2:49:03<54:44, 41.58s/image, cert=0.8733, clean=0.9774, last=47.7s, targets=9]
SOCP Robustness Evaluation:  74%|███████▎  | 221/300 [2:49:50<54:44, 41.58s/image, cert=0.8739, clean=0.9775, last=47.0s, targets=9]
SOCP Robustness Evaluation:  74%|███████▍  | 222/300 [2:49:50<55:58, 43.06s/image, cert=0.8739, clean=0.9775, last=47.0s, targets=9]
SOCP Robustness Evaluation:  74%|███████▍  | 222/300 [2:50:36<55:58, 43.06s/image, cert=0.8744, clean=0.9776, last=46.3s, targets=9]
SOCP Robustness Evaluation:  74%|███████▍  | 223/300 [2:50:36<56:25, 43.97s/image, cert=0.8744, clean=0.9776, last=46.3s, targets=9]
SOCP Robustness Evaluation:  74%|███████▍  | 223/300 [2:51:23<56:25, 43.97s/image, cert=0.8750, clean=0.9777, last=46.9s, targets=9]
SOCP Robustness Evaluation:  75%|███████▍  | 224/300 [2:51:23<56:45, 44.81s/image, cert=0.8750, clean=0.9777, last=46.9s, targets=9]
SOCP Robustness Evaluation:  75%|███████▍  | 224/300 [2:52:10<56:45, 44.81s/image, cert=0.8756, clean=0.9778, last=46.4s, targets=9]
SOCP Robustness Evaluation:  75%|███████▌  | 225/300 [2:52:10<56:36, 45.28s/image, cert=0.8756, clean=0.9778, last=46.4s, targets=9]
SOCP Robustness Evaluation:  75%|███████▌  | 225/300 [2:52:55<56:36, 45.28s/image, cert=0.8761, clean=0.9779, last=44.9s, targets=9]
SOCP Robustness Evaluation:  75%|███████▌  | 226/300 [2:52:55<55:42, 45.17s/image, cert=0.8761, clean=0.9779, last=44.9s, targets=9]
SOCP Robustness Evaluation:  75%|███████▌  | 226/300 [2:53:42<55:42, 45.17s/image, cert=0.8767, clean=0.9780, last=47.5s, targets=9]
SOCP Robustness Evaluation:  76%|███████▌  | 227/300 [2:53:42<55:47, 45.85s/image, cert=0.8767, clean=0.9780, last=47.5s, targets=9]
SOCP Robustness Evaluation:  76%|███████▌  | 227/300 [2:54:29<55:47, 45.85s/image, cert=0.8772, clean=0.9781, last=47.0s, targets=9]
SOCP Robustness Evaluation:  76%|███████▌  | 228/300 [2:54:29<55:25, 46.19s/image, cert=0.8772, clean=0.9781, last=47.0s, targets=9]
SOCP Robustness Evaluation:  76%|███████▌  | 228/300 [2:55:17<55:25, 46.19s/image, cert=0.8777, clean=0.9782, last=48.3s, targets=9]
SOCP Robustness Evaluation:  76%|███████▋  | 229/300 [2:55:17<55:23, 46.81s/image, cert=0.8777, clean=0.9782, last=48.3s, targets=9]
SOCP Robustness Evaluation:  76%|███████▋  | 229/300 [2:56:04<55:23, 46.81s/image, cert=0.8783, clean=0.9783, last=46.6s, targets=9]
SOCP Robustness Evaluation:  77%|███████▋  | 230/300 [2:56:04<54:32, 46.74s/image, cert=0.8783, clean=0.9783, last=46.6s, targets=9]
SOCP Robustness Evaluation:  77%|███████▋  | 230/300 [2:56:50<54:32, 46.74s/image, cert=0.8788, clean=0.9784, last=46.5s, targets=9]
SOCP Robustness Evaluation:  77%|███████▋  | 231/300 [2:56:50<53:39, 46.66s/image, cert=0.8788, clean=0.9784, last=46.5s, targets=9]
SOCP Robustness Evaluation:  77%|███████▋  | 231/300 [2:57:37<53:39, 46.66s/image, cert=0.8793, clean=0.9784, last=46.6s, targets=9]
SOCP Robustness Evaluation:  77%|███████▋  | 232/300 [2:57:37<52:51, 46.65s/image, cert=0.8793, clean=0.9784, last=46.6s, targets=9]
SOCP Robustness Evaluation:  77%|███████▋  | 232/300 [2:58:24<52:51, 46.65s/image, cert=0.8798, clean=0.9785, last=47.4s, targets=9]
SOCP Robustness Evaluation:  78%|███████▊  | 233/300 [2:58:24<52:19, 46.86s/image, cert=0.8798, clean=0.9785, last=47.4s, targets=9]
SOCP Robustness Evaluation:  78%|███████▊  | 233/300 [2:59:10<52:19, 46.86s/image, cert=0.8761, clean=0.9786, last=46.0s, targets=9]
SOCP Robustness Evaluation:  78%|███████▊  | 234/300 [2:59:10<51:16, 46.61s/image, cert=0.8761, clean=0.9786, last=46.0s, targets=9]
SOCP Robustness Evaluation:  78%|███████▊  | 234/300 [2:59:58<51:16, 46.61s/image, cert=0.8766, clean=0.9787, last=47.6s, targets=9]
SOCP Robustness Evaluation:  78%|███████▊  | 235/300 [2:59:58<50:49, 46.91s/image, cert=0.8766, clean=0.9787, last=47.6s, targets=9]
SOCP Robustness Evaluation:  78%|███████▊  | 235/300 [3:00:45<50:49, 46.91s/image, cert=0.8771, clean=0.9788, last=46.6s, targets=9]
SOCP Robustness Evaluation:  79%|███████▊  | 236/300 [3:00:45<49:56, 46.82s/image, cert=0.8771, clean=0.9788, last=46.6s, targets=9]
SOCP Robustness Evaluation:  79%|███████▊  | 236/300 [3:01:32<49:56, 46.82s/image, cert=0.8776, clean=0.9789, last=47.0s, targets=9]
SOCP Robustness Evaluation:  79%|███████▉  | 237/300 [3:01:32<49:12, 46.86s/image, cert=0.8776, clean=0.9789, last=47.0s, targets=9]
SOCP Robustness Evaluation:  79%|███████▉  | 237/300 [3:02:18<49:12, 46.86s/image, cert=0.8782, clean=0.9790, last=46.0s, targets=9]
SOCP Robustness Evaluation:  79%|███████▉  | 238/300 [3:02:18<48:09, 46.61s/image, cert=0.8782, clean=0.9790, last=46.0s, targets=9]
SOCP Robustness Evaluation:  79%|███████▉  | 238/300 [3:03:06<48:09, 46.61s/image, cert=0.8787, clean=0.9791, last=47.9s, targets=9]
SOCP Robustness Evaluation:  80%|███████▉  | 239/300 [3:03:06<47:46, 46.99s/image, cert=0.8787, clean=0.9791, last=47.9s, targets=9]
SOCP Robustness Evaluation:  80%|███████▉  | 239/300 [3:03:53<47:46, 46.99s/image, cert=0.8792, clean=0.9792, last=47.3s, targets=9]
SOCP Robustness Evaluation:  80%|████████  | 240/300 [3:03:53<47:04, 47.08s/image, cert=0.8792, clean=0.9792, last=47.3s, targets=9]
SOCP Robustness Evaluation:  80%|████████  | 240/300 [3:04:41<47:04, 47.08s/image, cert=0.8797, clean=0.9793, last=47.8s, targets=9]
SOCP Robustness Evaluation:  80%|████████  | 241/300 [3:04:41<46:30, 47.29s/image, cert=0.8797, clean=0.9793, last=47.8s, targets=9]
SOCP Robustness Evaluation:  80%|████████  | 241/300 [3:04:41<46:30, 47.29s/image, cert=0.8760, clean=0.9752, last=0.0s, targets=0] 
SOCP Robustness Evaluation:  81%|████████  | 242/300 [3:05:29<45:42, 47.29s/image, cert=0.8765, clean=0.9753, last=48.2s, targets=9]
SOCP Robustness Evaluation:  81%|████████  | 243/300 [3:05:29<34:45, 36.58s/image, cert=0.8765, clean=0.9753, last=48.2s, targets=9]
SOCP Robustness Evaluation:  81%|████████  | 243/300 [3:06:14<34:45, 36.58s/image, cert=0.8770, clean=0.9754, last=44.7s, targets=9]
SOCP Robustness Evaluation:  81%|████████▏ | 244/300 [3:06:14<36:01, 38.60s/image, cert=0.8770, clean=0.9754, last=44.7s, targets=9]
SOCP Robustness Evaluation:  81%|████████▏ | 244/300 [3:06:59<36:01, 38.60s/image, cert=0.8776, clean=0.9755, last=45.7s, targets=9]
SOCP Robustness Evaluation:  82%|████████▏ | 245/300 [3:06:59<37:05, 40.46s/image, cert=0.8776, clean=0.9755, last=45.7s, targets=9]
SOCP Robustness Evaluation:  82%|████████▏ | 245/300 [3:07:46<37:05, 40.46s/image, cert=0.8740, clean=0.9756, last=47.2s, targets=9]
SOCP Robustness Evaluation:  82%|████████▏ | 246/300 [3:07:46<38:03, 42.28s/image, cert=0.8740, clean=0.9756, last=47.2s, targets=9]
SOCP Robustness Evaluation:  82%|████████▏ | 246/300 [3:08:34<38:03, 42.28s/image, cert=0.8745, clean=0.9757, last=48.1s, targets=9]
SOCP Robustness Evaluation:  82%|████████▏ | 247/300 [3:08:34<38:46, 43.90s/image, cert=0.8745, clean=0.9757, last=48.1s, targets=9]
SOCP Robustness Evaluation:  82%|████████▏ | 247/300 [3:08:34<38:46, 43.90s/image, cert=0.8710, clean=0.9718, last=0.0s, targets=0] 
SOCP Robustness Evaluation:  83%|████████▎ | 248/300 [3:09:22<38:02, 43.90s/image, cert=0.8715, clean=0.9719, last=47.6s, targets=9]
SOCP Robustness Evaluation:  83%|████████▎ | 249/300 [3:09:22<29:43, 34.96s/image, cert=0.8715, clean=0.9719, last=47.6s, targets=9]
SOCP Robustness Evaluation:  83%|████████▎ | 249/300 [3:10:09<29:43, 34.96s/image, cert=0.8720, clean=0.9720, last=47.0s, targets=9]
SOCP Robustness Evaluation:  83%|████████▎ | 250/300 [3:10:09<31:33, 37.87s/image, cert=0.8720, clean=0.9720, last=47.0s, targets=9]
SOCP Robustness Evaluation:  83%|████████▎ | 250/300 [3:10:09<31:33, 37.87s/image, cert=0.8685, clean=0.9681, last=0.0s, targets=0] 
SOCP Robustness Evaluation:  84%|████████▎ | 251/300 [3:10:56<30:55, 37.87s/image, cert=0.8690, clean=0.9683, last=46.8s, targets=9]
SOCP Robustness Evaluation:  84%|████████▍ | 252/300 [3:10:56<25:34, 31.97s/image, cert=0.8690, clean=0.9683, last=46.8s, targets=9]
SOCP Robustness Evaluation:  84%|████████▍ | 252/300 [3:11:44<25:34, 31.97s/image, cert=0.8696, clean=0.9684, last=47.8s, targets=9]
SOCP Robustness Evaluation:  84%|████████▍ | 253/300 [3:11:44<27:50, 35.54s/image, cert=0.8696, clean=0.9684, last=47.8s, targets=9]
SOCP Robustness Evaluation:  84%|████████▍ | 253/300 [3:12:31<27:50, 35.54s/image, cert=0.8701, clean=0.9685, last=47.1s, targets=9]
SOCP Robustness Evaluation:  85%|████████▍ | 254/300 [3:12:31<29:24, 38.36s/image, cert=0.8701, clean=0.9685, last=47.1s, targets=9]
SOCP Robustness Evaluation:  85%|████████▍ | 254/300 [3:13:19<29:24, 38.36s/image, cert=0.8706, clean=0.9686, last=48.7s, targets=9]
SOCP Robustness Evaluation:  85%|████████▌ | 255/300 [3:13:19<30:46, 41.02s/image, cert=0.8706, clean=0.9686, last=48.7s, targets=9]
SOCP Robustness Evaluation:  85%|████████▌ | 255/300 [3:14:06<30:46, 41.02s/image, cert=0.8711, clean=0.9688, last=46.7s, targets=9]
SOCP Robustness Evaluation:  85%|████████▌ | 256/300 [3:14:06<31:12, 42.56s/image, cert=0.8711, clean=0.9688, last=46.7s, targets=9]
SOCP Robustness Evaluation:  85%|████████▌ | 256/300 [3:14:52<31:12, 42.56s/image, cert=0.8716, clean=0.9689, last=46.3s, targets=9]
SOCP Robustness Evaluation:  86%|████████▌ | 257/300 [3:14:52<31:14, 43.59s/image, cert=0.8716, clean=0.9689, last=46.3s, targets=9]
SOCP Robustness Evaluation:  86%|████████▌ | 257/300 [3:15:39<31:14, 43.59s/image, cert=0.8721, clean=0.9690, last=46.7s, targets=9]
SOCP Robustness Evaluation:  86%|████████▌ | 258/300 [3:15:39<31:07, 44.47s/image, cert=0.8721, clean=0.9690, last=46.7s, targets=9]
SOCP Robustness Evaluation:  86%|████████▌ | 258/300 [3:16:27<31:07, 44.47s/image, cert=0.8726, clean=0.9691, last=48.3s, targets=9]
SOCP Robustness Evaluation:  86%|████████▋ | 259/300 [3:16:27<31:09, 45.59s/image, cert=0.8726, clean=0.9691, last=48.3s, targets=9]
SOCP Robustness Evaluation:  86%|████████▋ | 259/300 [3:16:27<31:09, 45.59s/image, cert=0.8692, clean=0.9654, last=0.0s, targets=0] 
SOCP Robustness Evaluation:  87%|████████▋ | 260/300 [3:17:15<30:23, 45.59s/image, cert=0.8697, clean=0.9655, last=47.3s, targets=9]
SOCP Robustness Evaluation:  87%|████████▋ | 261/300 [3:17:15<23:10, 35.66s/image, cert=0.8697, clean=0.9655, last=47.3s, targets=9]
SOCP Robustness Evaluation:  87%|████████▋ | 261/300 [3:18:02<23:10, 35.66s/image, cert=0.8702, clean=0.9656, last=47.6s, targets=9]
SOCP Robustness Evaluation:  87%|████████▋ | 262/300 [3:18:02<24:26, 38.58s/image, cert=0.8702, clean=0.9656, last=47.6s, targets=9]
SOCP Robustness Evaluation:  87%|████████▋ | 262/300 [3:18:50<24:26, 38.58s/image, cert=0.8707, clean=0.9658, last=47.7s, targets=9]
SOCP Robustness Evaluation:  88%|████████▊ | 263/300 [3:18:50<25:14, 40.94s/image, cert=0.8707, clean=0.9658, last=47.7s, targets=9]
SOCP Robustness Evaluation:  88%|████████▊ | 263/300 [3:19:37<25:14, 40.94s/image, cert=0.8712, clean=0.9659, last=47.3s, targets=9]
SOCP Robustness Evaluation:  88%|████████▊ | 264/300 [3:19:37<25:35, 42.66s/image, cert=0.8712, clean=0.9659, last=47.3s, targets=9]
SOCP Robustness Evaluation:  88%|████████▊ | 264/300 [3:20:26<25:35, 42.66s/image, cert=0.8717, clean=0.9660, last=49.1s, targets=9]
SOCP Robustness Evaluation:  88%|████████▊ | 265/300 [3:20:26<25:55, 44.44s/image, cert=0.8717, clean=0.9660, last=49.1s, targets=9]
SOCP Robustness Evaluation:  88%|████████▊ | 265/300 [3:21:14<25:55, 44.44s/image, cert=0.8722, clean=0.9662, last=48.0s, targets=9]
SOCP Robustness Evaluation:  89%|████████▊ | 266/300 [3:21:14<25:45, 45.46s/image, cert=0.8722, clean=0.9662, last=48.0s, targets=9]
SOCP Robustness Evaluation:  89%|████████▊ | 266/300 [3:22:04<25:45, 45.46s/image, cert=0.8727, clean=0.9663, last=49.1s, targets=9]
SOCP Robustness Evaluation:  89%|████████▉ | 267/300 [3:22:04<25:34, 46.51s/image, cert=0.8727, clean=0.9663, last=49.1s, targets=9]
SOCP Robustness Evaluation:  89%|████████▉ | 267/300 [3:22:50<25:34, 46.51s/image, cert=0.8731, clean=0.9664, last=46.9s, targets=9]
SOCP Robustness Evaluation:  89%|████████▉ | 268/300 [3:22:50<24:51, 46.62s/image, cert=0.8731, clean=0.9664, last=46.9s, targets=9]
SOCP Robustness Evaluation:  89%|████████▉ | 268/300 [3:23:38<24:51, 46.62s/image, cert=0.8736, clean=0.9665, last=47.1s, targets=9]
SOCP Robustness Evaluation:  90%|████████▉ | 269/300 [3:23:38<24:09, 46.77s/image, cert=0.8736, clean=0.9665, last=47.1s, targets=9]
SOCP Robustness Evaluation:  90%|████████▉ | 269/300 [3:24:25<24:09, 46.77s/image, cert=0.8741, clean=0.9667, last=47.9s, targets=9]
SOCP Robustness Evaluation:  90%|█████████ | 270/300 [3:24:25<23:32, 47.10s/image, cert=0.8741, clean=0.9667, last=47.9s, targets=9]
SOCP Robustness Evaluation:  90%|█████████ | 270/300 [3:25:13<23:32, 47.10s/image, cert=0.8745, clean=0.9668, last=47.2s, targets=9]
SOCP Robustness Evaluation:  90%|█████████ | 271/300 [3:25:13<22:46, 47.12s/image, cert=0.8745, clean=0.9668, last=47.2s, targets=9]
SOCP Robustness Evaluation:  90%|█████████ | 271/300 [3:26:00<22:46, 47.12s/image, cert=0.8750, clean=0.9669, last=47.6s, targets=9]
SOCP Robustness Evaluation:  91%|█████████ | 272/300 [3:26:00<22:03, 47.26s/image, cert=0.8750, clean=0.9669, last=47.6s, targets=9]
SOCP Robustness Evaluation:  91%|█████████ | 272/300 [3:26:49<22:03, 47.26s/image, cert=0.8755, clean=0.9670, last=49.2s, targets=9]
SOCP Robustness Evaluation:  91%|█████████ | 273/300 [3:26:49<21:31, 47.83s/image, cert=0.8755, clean=0.9670, last=49.2s, targets=9]
SOCP Robustness Evaluation:  91%|█████████ | 273/300 [3:27:37<21:31, 47.83s/image, cert=0.8759, clean=0.9672, last=48.1s, targets=9]
SOCP Robustness Evaluation:  91%|█████████▏| 274/300 [3:27:37<20:45, 47.91s/image, cert=0.8759, clean=0.9672, last=48.1s, targets=9]
SOCP Robustness Evaluation:  91%|█████████▏| 274/300 [3:28:23<20:45, 47.91s/image, cert=0.8764, clean=0.9673, last=45.6s, targets=9]
SOCP Robustness Evaluation:  92%|█████████▏| 275/300 [3:28:23<19:40, 47.22s/image, cert=0.8764, clean=0.9673, last=45.6s, targets=9]
SOCP Robustness Evaluation:  92%|█████████▏| 275/300 [3:29:09<19:40, 47.22s/image, cert=0.8768, clean=0.9674, last=46.2s, targets=9]
SOCP Robustness Evaluation:  92%|█████████▏| 276/300 [3:29:09<18:45, 46.91s/image, cert=0.8768, clean=0.9674, last=46.2s, targets=9]
SOCP Robustness Evaluation:  92%|█████████▏| 276/300 [3:29:55<18:45, 46.91s/image, cert=0.8773, clean=0.9675, last=46.2s, targets=9]
SOCP Robustness Evaluation:  92%|█████████▏| 277/300 [3:29:55<17:53, 46.69s/image, cert=0.8773, clean=0.9675, last=46.2s, targets=9]
SOCP Robustness Evaluation:  92%|█████████▏| 277/300 [3:30:43<17:53, 46.69s/image, cert=0.8777, clean=0.9676, last=47.4s, targets=9]
SOCP Robustness Evaluation:  93%|█████████▎| 278/300 [3:30:43<17:11, 46.90s/image, cert=0.8777, clean=0.9676, last=47.4s, targets=9]
SOCP Robustness Evaluation:  93%|█████████▎| 278/300 [3:31:27<17:11, 46.90s/image, cert=0.8781, clean=0.9677, last=43.7s, targets=9]
SOCP Robustness Evaluation:  93%|█████████▎| 279/300 [3:31:27<16:04, 45.95s/image, cert=0.8781, clean=0.9677, last=43.7s, targets=9]
SOCP Robustness Evaluation:  93%|█████████▎| 279/300 [3:32:12<16:04, 45.95s/image, cert=0.8786, clean=0.9679, last=45.8s, targets=9]
SOCP Robustness Evaluation:  93%|█████████▎| 280/300 [3:32:12<15:17, 45.89s/image, cert=0.8786, clean=0.9679, last=45.8s, targets=9]
SOCP Robustness Evaluation:  93%|█████████▎| 280/300 [3:32:59<15:17, 45.89s/image, cert=0.8790, clean=0.9680, last=47.0s, targets=9]
SOCP Robustness Evaluation:  94%|█████████▎| 281/300 [3:32:59<14:38, 46.21s/image, cert=0.8790, clean=0.9680, last=47.0s, targets=9]
SOCP Robustness Evaluation:  94%|█████████▎| 281/300 [3:33:46<14:38, 46.21s/image, cert=0.8794, clean=0.9681, last=46.4s, targets=9]
SOCP Robustness Evaluation:  94%|█████████▍| 282/300 [3:33:46<13:53, 46.28s/image, cert=0.8794, clean=0.9681, last=46.4s, targets=9]
SOCP Robustness Evaluation:  94%|█████████▍| 282/300 [3:34:31<13:53, 46.28s/image, cert=0.8763, clean=0.9682, last=45.4s, targets=9]
SOCP Robustness Evaluation:  94%|█████████▍| 283/300 [3:34:31<13:02, 46.03s/image, cert=0.8763, clean=0.9682, last=45.4s, targets=9]
SOCP Robustness Evaluation:  94%|█████████▍| 283/300 [3:35:18<13:02, 46.03s/image, cert=0.8768, clean=0.9683, last=46.7s, targets=9]
SOCP Robustness Evaluation:  95%|█████████▍| 284/300 [3:35:18<12:19, 46.24s/image, cert=0.8768, clean=0.9683, last=46.7s, targets=9]
SOCP Robustness Evaluation:  95%|█████████▍| 284/300 [3:36:05<12:19, 46.24s/image, cert=0.8772, clean=0.9684, last=47.3s, targets=9]
SOCP Robustness Evaluation:  95%|█████████▌| 285/300 [3:36:05<11:38, 46.55s/image, cert=0.8772, clean=0.9684, last=47.3s, targets=9]
SOCP Robustness Evaluation:  95%|█████████▌| 285/300 [3:36:52<11:38, 46.55s/image, cert=0.8776, clean=0.9685, last=46.9s, targets=9]
SOCP Robustness Evaluation:  95%|█████████▌| 286/300 [3:36:52<10:53, 46.65s/image, cert=0.8776, clean=0.9685, last=46.9s, targets=9]
SOCP Robustness Evaluation:  95%|█████████▌| 286/300 [3:37:40<10:53, 46.65s/image, cert=0.8780, clean=0.9686, last=47.6s, targets=9]
SOCP Robustness Evaluation:  96%|█████████▌| 287/300 [3:37:40<10:10, 46.94s/image, cert=0.8780, clean=0.9686, last=47.6s, targets=9]
SOCP Robustness Evaluation:  96%|█████████▌| 287/300 [3:38:26<10:10, 46.94s/image, cert=0.8785, clean=0.9688, last=46.7s, targets=9]
SOCP Robustness Evaluation:  96%|█████████▌| 288/300 [3:38:26<09:22, 46.86s/image, cert=0.8785, clean=0.9688, last=46.7s, targets=9]
SOCP Robustness Evaluation:  96%|█████████▌| 288/300 [3:39:12<09:22, 46.86s/image, cert=0.8789, clean=0.9689, last=45.5s, targets=9]
SOCP Robustness Evaluation:  96%|█████████▋| 289/300 [3:39:12<08:30, 46.45s/image, cert=0.8789, clean=0.9689, last=45.5s, targets=9]
SOCP Robustness Evaluation:  96%|█████████▋| 289/300 [3:39:59<08:30, 46.45s/image, cert=0.8793, clean=0.9690, last=46.7s, targets=9]
SOCP Robustness Evaluation:  97%|█████████▋| 290/300 [3:39:59<07:45, 46.53s/image, cert=0.8793, clean=0.9690, last=46.7s, targets=9]
SOCP Robustness Evaluation:  97%|█████████▋| 290/300 [3:39:59<07:45, 46.53s/image, cert=0.8763, clean=0.9656, last=0.0s, targets=0] 
SOCP Robustness Evaluation:  97%|█████████▋| 291/300 [3:40:45<06:58, 46.53s/image, cert=0.8767, clean=0.9658, last=46.3s, targets=9]
SOCP Robustness Evaluation:  97%|█████████▋| 292/300 [3:40:45<04:45, 35.74s/image, cert=0.8767, clean=0.9658, last=46.3s, targets=9]
SOCP Robustness Evaluation:  97%|█████████▋| 292/300 [3:41:31<04:45, 35.74s/image, cert=0.8771, clean=0.9659, last=46.2s, targets=9]
SOCP Robustness Evaluation:  98%|█████████▊| 293/300 [3:41:31<04:28, 38.33s/image, cert=0.8771, clean=0.9659, last=46.2s, targets=9]
SOCP Robustness Evaluation:  98%|█████████▊| 293/300 [3:42:18<04:28, 38.33s/image, cert=0.8776, clean=0.9660, last=46.7s, targets=9]
SOCP Robustness Evaluation:  98%|█████████▊| 294/300 [3:42:18<04:03, 40.52s/image, cert=0.8776, clean=0.9660, last=46.7s, targets=9]
SOCP Robustness Evaluation:  98%|█████████▊| 294/300 [3:43:05<04:03, 40.52s/image, cert=0.8780, clean=0.9661, last=47.7s, targets=9]
SOCP Robustness Evaluation:  98%|█████████▊| 295/300 [3:43:05<03:32, 42.47s/image, cert=0.8780, clean=0.9661, last=47.7s, targets=9]
SOCP Robustness Evaluation:  98%|█████████▊| 295/300 [3:43:51<03:32, 42.47s/image, cert=0.8784, clean=0.9662, last=45.7s, targets=9]
SOCP Robustness Evaluation:  99%|█████████▊| 296/300 [3:43:51<02:53, 43.38s/image, cert=0.8784, clean=0.9662, last=45.7s, targets=9]
SOCP Robustness Evaluation:  99%|█████████▊| 296/300 [3:44:37<02:53, 43.38s/image, cert=0.8788, clean=0.9663, last=46.3s, targets=9]
SOCP Robustness Evaluation:  99%|█████████▉| 297/300 [3:44:37<02:12, 44.22s/image, cert=0.8788, clean=0.9663, last=46.3s, targets=9]
SOCP Robustness Evaluation:  99%|█████████▉| 297/300 [3:45:24<02:12, 44.22s/image, cert=0.8792, clean=0.9664, last=46.5s, targets=9]
SOCP Robustness Evaluation:  99%|█████████▉| 298/300 [3:45:24<01:29, 44.89s/image, cert=0.8792, clean=0.9664, last=46.5s, targets=9]
SOCP Robustness Evaluation:  99%|█████████▉| 298/300 [3:46:10<01:29, 44.89s/image, cert=0.8796, clean=0.9666, last=46.4s, targets=9]
SOCP Robustness Evaluation: 100%|█████████▉| 299/300 [3:46:10<00:45, 45.33s/image, cert=0.8796, clean=0.9666, last=46.4s, targets=9]
SOCP Robustness Evaluation: 100%|█████████▉| 299/300 [3:46:58<00:45, 45.33s/image, cert=0.8800, clean=0.9667, last=47.4s, targets=9]
SOCP Robustness Evaluation: 100%|██████████| 300/300 [3:46:58<00:00, 45.95s/image, cert=0.8800, clean=0.9667, last=47.4s, targets=9]
SOCP Robustness Evaluation: 100%|██████████| 300/300 [3:46:58<00:00, 45.39s/image, cert=0.8800, clean=0.9667, last=47.4s, targets=9]

============================================================
SOCP CERTIFIED ROBUSTNESS RESULTS
============================================================
Total Test Images        : 300
Clean Accuracy           : 96.6667%
Certified Accuracy       : 88.0000%
Certification Rate       : 91.0345%
Average Worst Margin     : -2.733718
Average Solve Time       : 46.9586 sec
Average Variables        : 10537.3
Average Constraints      : 693.8

Solver Status Counts
    optimal_inaccurate   2610
============================================================
