nohup: ignoring input
Using device: cuda
Evaluating exactly the first 300 test images.
Loaded checkpoint: ../checkpoints/eps_0.3/crown_IBP_cnn_standard.pt
Clean accuracy on first 200 images: 195/200 = 97.50%

SOCP Robustness Evaluation:   0%|          | 0/300 [00:00<?, ?image/s]/home/grad/dsadig/SOCP/lp_mnist_dual/src/SOCP/socp_solver.py:345: UserWarning: Solution may be inaccurate. Try another solver, adjusting the solver settings, or solve with verbose=True for more information.
  value = problem.solve(solver=self.solver, **solve_kwargs)

SOCP Robustness Evaluation:   0%|          | 0/300 [00:50<?, ?image/s, cert=1.0000, clean=1.0000, last=50.6s, targets=9]
SOCP Robustness Evaluation:   0%|          | 1/300 [00:50<4:12:45, 50.72s/image, cert=1.0000, clean=1.0000, last=50.6s, targets=9]
SOCP Robustness Evaluation:   0%|          | 1/300 [01:39<4:12:45, 50.72s/image, cert=1.0000, clean=1.0000, last=48.9s, targets=9]
SOCP Robustness Evaluation:   1%|          | 2/300 [01:39<4:06:39, 49.66s/image, cert=1.0000, clean=1.0000, last=48.9s, targets=9]
SOCP Robustness Evaluation:   1%|          | 2/300 [02:26<4:06:39, 49.66s/image, cert=1.0000, clean=1.0000, last=47.3s, targets=9]
SOCP Robustness Evaluation:   1%|          | 3/300 [02:26<4:00:34, 48.60s/image, cert=1.0000, clean=1.0000, last=47.3s, targets=9]
SOCP Robustness Evaluation:   1%|          | 3/300 [03:14<4:00:34, 48.60s/image, cert=1.0000, clean=1.0000, last=48.0s, targets=9]
SOCP Robustness Evaluation:   1%|▏         | 4/300 [03:14<3:58:34, 48.36s/image, cert=1.0000, clean=1.0000, last=48.0s, targets=9]
SOCP Robustness Evaluation:   1%|▏         | 4/300 [04:01<3:58:34, 48.36s/image, cert=1.0000, clean=1.0000, last=46.8s, targets=9]
SOCP Robustness Evaluation:   2%|▏         | 5/300 [04:01<3:54:59, 47.79s/image, cert=1.0000, clean=1.0000, last=46.8s, targets=9]
SOCP Robustness Evaluation:   2%|▏         | 5/300 [04:48<3:54:59, 47.79s/image, cert=1.0000, clean=1.0000, last=47.0s, targets=9]
SOCP Robustness Evaluation:   2%|▏         | 6/300 [04:48<3:52:54, 47.53s/image, cert=1.0000, clean=1.0000, last=47.0s, targets=9]
SOCP Robustness Evaluation:   2%|▏         | 6/300 [05:35<3:52:54, 47.53s/image, cert=1.0000, clean=1.0000, last=46.2s, targets=9]
SOCP Robustness Evaluation:   2%|▏         | 7/300 [05:35<3:50:00, 47.10s/image, cert=1.0000, clean=1.0000, last=46.2s, targets=9]
SOCP Robustness Evaluation:   2%|▏         | 7/300 [05:35<3:50:00, 47.10s/image, cert=0.8750, clean=0.8750, last=0.0s, targets=0] 
SOCP Robustness Evaluation:   3%|▎         | 8/300 [05:35<3:49:13, 47.10s/image, cert=0.7778, clean=0.7778, last=0.0s, targets=0]
SOCP Robustness Evaluation:   3%|▎         | 9/300 [06:21<3:48:26, 47.10s/image, cert=0.8000, clean=0.8000, last=46.6s, targets=9]
SOCP Robustness Evaluation:   3%|▎         | 10/300 [06:21<2:18:40, 28.69s/image, cert=0.8000, clean=0.8000, last=46.6s, targets=9]
SOCP Robustness Evaluation:   3%|▎         | 10/300 [07:09<2:18:40, 28.69s/image, cert=0.8182, clean=0.8182, last=47.8s, targets=9]
SOCP Robustness Evaluation:   4%|▎         | 11/300 [07:09<2:38:14, 32.85s/image, cert=0.8182, clean=0.8182, last=47.8s, targets=9]
SOCP Robustness Evaluation:   4%|▎         | 11/300 [07:57<2:38:14, 32.85s/image, cert=0.8333, clean=0.8333, last=48.3s, targets=9]
SOCP Robustness Evaluation:   4%|▍         | 12/300 [07:57<2:55:13, 36.51s/image, cert=0.8333, clean=0.8333, last=48.3s, targets=9]
SOCP Robustness Evaluation:   4%|▍         | 12/300 [08:44<2:55:13, 36.51s/image, cert=0.8462, clean=0.8462, last=46.7s, targets=9]
SOCP Robustness Evaluation:   4%|▍         | 13/300 [08:44<3:06:57, 39.09s/image, cert=0.8462, clean=0.8462, last=46.7s, targets=9]
SOCP Robustness Evaluation:   4%|▍         | 13/300 [09:33<3:06:57, 39.09s/image, cert=0.8571, clean=0.8571, last=48.6s, targets=9]
SOCP Robustness Evaluation:   5%|▍         | 14/300 [09:33<3:18:23, 41.62s/image, cert=0.8571, clean=0.8571, last=48.6s, targets=9]
SOCP Robustness Evaluation:   5%|▍         | 14/300 [10:18<3:18:23, 41.62s/image, cert=0.8667, clean=0.8667, last=45.2s, targets=9]
SOCP Robustness Evaluation:   5%|▌         | 15/300 [10:18<3:22:23, 42.61s/image, cert=0.8667, clean=0.8667, last=45.2s, targets=9]
SOCP Robustness Evaluation:   5%|▌         | 15/300 [11:05<3:22:23, 42.61s/image, cert=0.8750, clean=0.8750, last=46.9s, targets=9]
SOCP Robustness Evaluation:   5%|▌         | 16/300 [11:05<3:27:27, 43.83s/image, cert=0.8750, clean=0.8750, last=46.9s, targets=9]
SOCP Robustness Evaluation:   5%|▌         | 16/300 [11:51<3:27:27, 43.83s/image, cert=0.8824, clean=0.8824, last=46.6s, targets=9]
SOCP Robustness Evaluation:   6%|▌         | 17/300 [11:51<3:30:26, 44.62s/image, cert=0.8824, clean=0.8824, last=46.6s, targets=9]
SOCP Robustness Evaluation:   6%|▌         | 17/300 [12:39<3:30:26, 44.62s/image, cert=0.8889, clean=0.8889, last=48.0s, targets=9]
SOCP Robustness Evaluation:   6%|▌         | 18/300 [12:39<3:34:18, 45.60s/image, cert=0.8889, clean=0.8889, last=48.0s, targets=9]
SOCP Robustness Evaluation:   6%|▌         | 18/300 [12:39<3:34:18, 45.60s/image, cert=0.8421, clean=0.8421, last=0.0s, targets=0] 
SOCP Robustness Evaluation:   6%|▋         | 19/300 [13:27<3:33:32, 45.60s/image, cert=0.8500, clean=0.8500, last=47.3s, targets=9]
SOCP Robustness Evaluation:   7%|▋         | 20/300 [13:27<2:46:20, 35.65s/image, cert=0.8500, clean=0.8500, last=47.3s, targets=9]
SOCP Robustness Evaluation:   7%|▋         | 20/300 [14:14<2:46:20, 35.65s/image, cert=0.8571, clean=0.8571, last=47.2s, targets=9]
SOCP Robustness Evaluation:   7%|▋         | 21/300 [14:14<2:58:55, 38.48s/image, cert=0.8571, clean=0.8571, last=47.2s, targets=9]
SOCP Robustness Evaluation:   7%|▋         | 21/300 [15:01<2:58:55, 38.48s/image, cert=0.8636, clean=0.8636, last=46.9s, targets=9]
SOCP Robustness Evaluation:   7%|▋         | 22/300 [15:01<3:08:22, 40.66s/image, cert=0.8636, clean=0.8636, last=46.9s, targets=9]
SOCP Robustness Evaluation:   7%|▋         | 22/300 [15:49<3:08:22, 40.66s/image, cert=0.8261, clean=0.8696, last=48.1s, targets=9]
SOCP Robustness Evaluation:   8%|▊         | 23/300 [15:49<3:16:58, 42.67s/image, cert=0.8261, clean=0.8696, last=48.1s, targets=9]
SOCP Robustness Evaluation:   8%|▊         | 23/300 [16:37<3:16:58, 42.67s/image, cert=0.8333, clean=0.8750, last=48.0s, targets=9]
SOCP Robustness Evaluation:   8%|▊         | 24/300 [16:37<3:23:04, 44.15s/image, cert=0.8333, clean=0.8750, last=48.0s, targets=9]
SOCP Robustness Evaluation:   8%|▊         | 24/300 [17:23<3:23:04, 44.15s/image, cert=0.8400, clean=0.8800, last=46.1s, targets=9]
SOCP Robustness Evaluation:   8%|▊         | 25/300 [17:23<3:24:54, 44.71s/image, cert=0.8400, clean=0.8800, last=46.1s, targets=9]
SOCP Robustness Evaluation:   8%|▊         | 25/300 [18:10<3:24:54, 44.71s/image, cert=0.8462, clean=0.8846, last=47.4s, targets=9]
SOCP Robustness Evaluation:   9%|▊         | 26/300 [18:10<3:27:41, 45.48s/image, cert=0.8462, clean=0.8846, last=47.4s, targets=9]
SOCP Robustness Evaluation:   9%|▊         | 26/300 [18:58<3:27:41, 45.48s/image, cert=0.8519, clean=0.8889, last=48.1s, targets=9]
SOCP Robustness Evaluation:   9%|▉         | 27/300 [18:58<3:30:27, 46.26s/image, cert=0.8519, clean=0.8889, last=48.1s, targets=9]
SOCP Robustness Evaluation:   9%|▉         | 27/300 [19:46<3:30:27, 46.26s/image, cert=0.8571, clean=0.8929, last=47.1s, targets=9]
SOCP Robustness Evaluation:   9%|▉         | 28/300 [19:46<3:30:51, 46.51s/image, cert=0.8571, clean=0.8929, last=47.1s, targets=9]
SOCP Robustness Evaluation:   9%|▉         | 28/300 [20:32<3:30:51, 46.51s/image, cert=0.8621, clean=0.8966, last=46.8s, targets=9]
SOCP Robustness Evaluation:  10%|▉         | 29/300 [20:32<3:30:29, 46.60s/image, cert=0.8621, clean=0.8966, last=46.8s, targets=9]
SOCP Robustness Evaluation:  10%|▉         | 29/300 [21:19<3:30:29, 46.60s/image, cert=0.8667, clean=0.9000, last=46.1s, targets=9]
SOCP Robustness Evaluation:  10%|█         | 30/300 [21:19<3:29:03, 46.46s/image, cert=0.8667, clean=0.9000, last=46.1s, targets=9]
SOCP Robustness Evaluation:  10%|█         | 30/300 [22:04<3:29:03, 46.46s/image, cert=0.8710, clean=0.9032, last=45.6s, targets=9]
SOCP Robustness Evaluation:  10%|█         | 31/300 [22:04<3:27:11, 46.21s/image, cert=0.8710, clean=0.9032, last=45.6s, targets=9]
SOCP Robustness Evaluation:  10%|█         | 31/300 [22:51<3:27:11, 46.21s/image, cert=0.8750, clean=0.9062, last=46.9s, targets=9]
SOCP Robustness Evaluation:  11%|█         | 32/300 [22:51<3:27:22, 46.43s/image, cert=0.8750, clean=0.9062, last=46.9s, targets=9]
SOCP Robustness Evaluation:  11%|█         | 32/300 [23:38<3:27:22, 46.43s/image, cert=0.8788, clean=0.9091, last=46.7s, targets=9]
SOCP Robustness Evaluation:  11%|█         | 33/300 [23:38<3:27:01, 46.52s/image, cert=0.8788, clean=0.9091, last=46.7s, targets=9]
SOCP Robustness Evaluation:  11%|█         | 33/300 [24:24<3:27:01, 46.52s/image, cert=0.8529, clean=0.9118, last=46.5s, targets=9]
SOCP Robustness Evaluation:  11%|█▏        | 34/300 [24:24<3:26:15, 46.52s/image, cert=0.8529, clean=0.9118, last=46.5s, targets=9]
SOCP Robustness Evaluation:  11%|█▏        | 34/300 [25:12<3:26:15, 46.52s/image, cert=0.8571, clean=0.9143, last=47.7s, targets=9]
SOCP Robustness Evaluation:  12%|█▏        | 35/300 [25:12<3:27:01, 46.87s/image, cert=0.8571, clean=0.9143, last=47.7s, targets=9]
SOCP Robustness Evaluation:  12%|█▏        | 35/300 [25:58<3:27:01, 46.87s/image, cert=0.8611, clean=0.9167, last=46.4s, targets=9]
SOCP Robustness Evaluation:  12%|█▏        | 36/300 [25:58<3:25:34, 46.72s/image, cert=0.8611, clean=0.9167, last=46.4s, targets=9]
SOCP Robustness Evaluation:  12%|█▏        | 36/300 [26:46<3:25:34, 46.72s/image, cert=0.8649, clean=0.9189, last=47.7s, targets=9]
SOCP Robustness Evaluation:  12%|█▏        | 37/300 [26:46<3:26:05, 47.02s/image, cert=0.8649, clean=0.9189, last=47.7s, targets=9]
SOCP Robustness Evaluation:  12%|█▏        | 37/300 [27:35<3:26:05, 47.02s/image, cert=0.8684, clean=0.9211, last=48.6s, targets=9]
SOCP Robustness Evaluation:  13%|█▎        | 38/300 [27:35<3:27:20, 47.48s/image, cert=0.8684, clean=0.9211, last=48.6s, targets=9]
SOCP Robustness Evaluation:  13%|█▎        | 38/300 [28:24<3:27:20, 47.48s/image, cert=0.8718, clean=0.9231, last=48.9s, targets=9]
SOCP Robustness Evaluation:  13%|█▎        | 39/300 [28:24<3:28:27, 47.92s/image, cert=0.8718, clean=0.9231, last=48.9s, targets=9]
SOCP Robustness Evaluation:  13%|█▎        | 39/300 [29:08<3:28:27, 47.92s/image, cert=0.8750, clean=0.9250, last=44.0s, targets=9]
SOCP Robustness Evaluation:  13%|█▎        | 40/300 [29:08<3:22:37, 46.76s/image, cert=0.8750, clean=0.9250, last=44.0s, targets=9]
SOCP Robustness Evaluation:  13%|█▎        | 40/300 [29:54<3:22:37, 46.76s/image, cert=0.8780, clean=0.9268, last=46.2s, targets=9]
SOCP Robustness Evaluation:  14%|█▎        | 41/300 [29:54<3:21:10, 46.61s/image, cert=0.8780, clean=0.9268, last=46.2s, targets=9]
SOCP Robustness Evaluation:  14%|█▎        | 41/300 [30:40<3:21:10, 46.61s/image, cert=0.8810, clean=0.9286, last=45.6s, targets=9]
SOCP Robustness Evaluation:  14%|█▍        | 42/300 [30:40<3:19:09, 46.32s/image, cert=0.8810, clean=0.9286, last=45.6s, targets=9]
SOCP Robustness Evaluation:  14%|█▍        | 42/300 [31:26<3:19:09, 46.32s/image, cert=0.8837, clean=0.9302, last=46.7s, targets=9]
SOCP Robustness Evaluation:  14%|█▍        | 43/300 [31:26<3:18:53, 46.43s/image, cert=0.8837, clean=0.9302, last=46.7s, targets=9]
SOCP Robustness Evaluation:  14%|█▍        | 43/300 [32:13<3:18:53, 46.43s/image, cert=0.8864, clean=0.9318, last=46.7s, targets=9]
SOCP Robustness Evaluation:  15%|█▍        | 44/300 [32:13<3:18:27, 46.51s/image, cert=0.8864, clean=0.9318, last=46.7s, targets=9]
SOCP Robustness Evaluation:  15%|█▍        | 44/300 [33:01<3:18:27, 46.51s/image, cert=0.8889, clean=0.9333, last=47.8s, targets=9]
SOCP Robustness Evaluation:  15%|█▌        | 45/300 [33:01<3:19:19, 46.90s/image, cert=0.8889, clean=0.9333, last=47.8s, targets=9]
SOCP Robustness Evaluation:  15%|█▌        | 45/300 [33:47<3:19:19, 46.90s/image, cert=0.8913, clean=0.9348, last=45.7s, targets=9]
SOCP Robustness Evaluation:  15%|█▌        | 46/300 [33:47<3:17:04, 46.55s/image, cert=0.8913, clean=0.9348, last=45.7s, targets=9]
SOCP Robustness Evaluation:  15%|█▌        | 46/300 [34:32<3:17:04, 46.55s/image, cert=0.8936, clean=0.9362, last=45.8s, targets=9]
SOCP Robustness Evaluation:  16%|█▌        | 47/300 [34:32<3:15:18, 46.32s/image, cert=0.8936, clean=0.9362, last=45.8s, targets=9]
SOCP Robustness Evaluation:  16%|█▌        | 47/300 [35:19<3:15:18, 46.32s/image, cert=0.8958, clean=0.9375, last=46.7s, targets=9]
SOCP Robustness Evaluation:  16%|█▌        | 48/300 [35:19<3:14:57, 46.42s/image, cert=0.8958, clean=0.9375, last=46.7s, targets=9]
SOCP Robustness Evaluation:  16%|█▌        | 48/300 [36:06<3:14:57, 46.42s/image, cert=0.8980, clean=0.9388, last=47.0s, targets=9]
SOCP Robustness Evaluation:  16%|█▋        | 49/300 [36:06<3:14:55, 46.60s/image, cert=0.8980, clean=0.9388, last=47.0s, targets=9]
SOCP Robustness Evaluation:  16%|█▋        | 49/300 [36:52<3:14:55, 46.60s/image, cert=0.9000, clean=0.9400, last=46.0s, targets=9]
SOCP Robustness Evaluation:  17%|█▋        | 50/300 [36:52<3:13:26, 46.43s/image, cert=0.9000, clean=0.9400, last=46.0s, targets=9]
SOCP Robustness Evaluation:  17%|█▋        | 50/300 [37:39<3:13:26, 46.43s/image, cert=0.9020, clean=0.9412, last=47.5s, targets=9]
SOCP Robustness Evaluation:  17%|█▋        | 51/300 [37:39<3:13:56, 46.73s/image, cert=0.9020, clean=0.9412, last=47.5s, targets=9]
SOCP Robustness Evaluation:  17%|█▋        | 51/300 [38:27<3:13:56, 46.73s/image, cert=0.9038, clean=0.9423, last=47.7s, targets=9]
SOCP Robustness Evaluation:  17%|█▋        | 52/300 [38:27<3:14:24, 47.03s/image, cert=0.9038, clean=0.9423, last=47.7s, targets=9]
SOCP Robustness Evaluation:  17%|█▋        | 52/300 [39:15<3:14:24, 47.03s/image, cert=0.9057, clean=0.9434, last=48.3s, targets=9]
SOCP Robustness Evaluation:  18%|█▊        | 53/300 [39:15<3:15:07, 47.40s/image, cert=0.9057, clean=0.9434, last=48.3s, targets=9]
SOCP Robustness Evaluation:  18%|█▊        | 53/300 [40:04<3:15:07, 47.40s/image, cert=0.9074, clean=0.9444, last=48.1s, targets=9]
SOCP Robustness Evaluation:  18%|█▊        | 54/300 [40:04<3:15:10, 47.60s/image, cert=0.9074, clean=0.9444, last=48.1s, targets=9]
SOCP Robustness Evaluation:  18%|█▊        | 54/300 [40:45<3:15:10, 47.60s/image, cert=0.9091, clean=0.9455, last=41.5s, targets=9]
SOCP Robustness Evaluation:  18%|█▊        | 55/300 [40:45<3:06:52, 45.77s/image, cert=0.9091, clean=0.9455, last=41.5s, targets=9]
SOCP Robustness Evaluation:  18%|█▊        | 55/300 [41:32<3:06:52, 45.77s/image, cert=0.9107, clean=0.9464, last=46.9s, targets=9]
SOCP Robustness Evaluation:  19%|█▊        | 56/300 [41:32<3:07:26, 46.09s/image, cert=0.9107, clean=0.9464, last=46.9s, targets=9]
SOCP Robustness Evaluation:  19%|█▊        | 56/300 [42:19<3:07:26, 46.09s/image, cert=0.9123, clean=0.9474, last=47.4s, targets=9]
SOCP Robustness Evaluation:  19%|█▉        | 57/300 [42:19<3:08:13, 46.48s/image, cert=0.9123, clean=0.9474, last=47.4s, targets=9]
SOCP Robustness Evaluation:  19%|█▉        | 57/300 [43:06<3:08:13, 46.48s/image, cert=0.9138, clean=0.9483, last=46.6s, targets=9]
SOCP Robustness Evaluation:  19%|█▉        | 58/300 [43:06<3:07:33, 46.50s/image, cert=0.9138, clean=0.9483, last=46.6s, targets=9]
SOCP Robustness Evaluation:  19%|█▉        | 58/300 [43:53<3:07:33, 46.50s/image, cert=0.9153, clean=0.9492, last=47.2s, targets=9]
SOCP Robustness Evaluation:  20%|█▉        | 59/300 [43:53<3:07:38, 46.72s/image, cert=0.9153, clean=0.9492, last=47.2s, targets=9]
SOCP Robustness Evaluation:  20%|█▉        | 59/300 [44:41<3:07:38, 46.72s/image, cert=0.9167, clean=0.9500, last=47.7s, targets=9]
SOCP Robustness Evaluation:  20%|██        | 60/300 [44:41<3:07:59, 47.00s/image, cert=0.9167, clean=0.9500, last=47.7s, targets=9]
SOCP Robustness Evaluation:  20%|██        | 60/300 [45:27<3:07:59, 47.00s/image, cert=0.9180, clean=0.9508, last=46.3s, targets=9]
SOCP Robustness Evaluation:  20%|██        | 61/300 [45:27<3:06:22, 46.79s/image, cert=0.9180, clean=0.9508, last=46.3s, targets=9]
SOCP Robustness Evaluation:  20%|██        | 61/300 [46:13<3:06:22, 46.79s/image, cert=0.9194, clean=0.9516, last=45.9s, targets=9]
SOCP Robustness Evaluation:  21%|██        | 62/300 [46:13<3:04:29, 46.51s/image, cert=0.9194, clean=0.9516, last=45.9s, targets=9]
SOCP Robustness Evaluation:  21%|██        | 62/300 [47:00<3:04:29, 46.51s/image, cert=0.9048, clean=0.9524, last=47.0s, targets=9]
SOCP Robustness Evaluation:  21%|██        | 63/300 [47:00<3:04:21, 46.67s/image, cert=0.9048, clean=0.9524, last=47.0s, targets=9]
SOCP Robustness Evaluation:  21%|██        | 63/300 [47:00<3:04:21, 46.67s/image, cert=0.8906, clean=0.9375, last=0.0s, targets=0] 
SOCP Robustness Evaluation:  21%|██▏       | 64/300 [47:48<3:03:34, 46.67s/image, cert=0.8923, clean=0.9385, last=47.9s, targets=9]
SOCP Robustness Evaluation:  22%|██▏       | 65/300 [47:48<2:21:41, 36.18s/image, cert=0.8923, clean=0.9385, last=47.9s, targets=9]
SOCP Robustness Evaluation:  22%|██▏       | 65/300 [48:34<2:21:41, 36.18s/image, cert=0.8939, clean=0.9394, last=46.3s, targets=9]
SOCP Robustness Evaluation:  22%|██▏       | 66/300 [48:34<2:30:52, 38.69s/image, cert=0.8939, clean=0.9394, last=46.3s, targets=9]
SOCP Robustness Evaluation:  22%|██▏       | 66/300 [49:21<2:30:52, 38.69s/image, cert=0.8955, clean=0.9403, last=46.6s, targets=9]
SOCP Robustness Evaluation:  22%|██▏       | 67/300 [49:21<2:38:16, 40.76s/image, cert=0.8955, clean=0.9403, last=46.6s, targets=9]
SOCP Robustness Evaluation:  22%|██▏       | 67/300 [50:08<2:38:16, 40.76s/image, cert=0.8971, clean=0.9412, last=47.6s, targets=9]
SOCP Robustness Evaluation:  23%|██▎       | 68/300 [50:08<2:44:47, 42.62s/image, cert=0.8971, clean=0.9412, last=47.6s, targets=9]
SOCP Robustness Evaluation:  23%|██▎       | 68/300 [50:54<2:44:47, 42.62s/image, cert=0.8986, clean=0.9420, last=45.9s, targets=9]
SOCP Robustness Evaluation:  23%|██▎       | 69/300 [50:54<2:47:35, 43.53s/image, cert=0.8986, clean=0.9420, last=45.9s, targets=9]
SOCP Robustness Evaluation:  23%|██▎       | 69/300 [51:41<2:47:35, 43.53s/image, cert=0.9000, clean=0.9429, last=47.3s, targets=9]
SOCP Robustness Evaluation:  23%|██▎       | 70/300 [51:41<2:50:58, 44.60s/image, cert=0.9000, clean=0.9429, last=47.3s, targets=9]
SOCP Robustness Evaluation:  23%|██▎       | 70/300 [52:29<2:50:58, 44.60s/image, cert=0.9014, clean=0.9437, last=48.0s, targets=9]
SOCP Robustness Evaluation:  24%|██▎       | 71/300 [52:29<2:54:00, 45.59s/image, cert=0.9014, clean=0.9437, last=48.0s, targets=9]
SOCP Robustness Evaluation:  24%|██▎       | 71/300 [53:17<2:54:00, 45.59s/image, cert=0.9028, clean=0.9444, last=48.0s, targets=9]
SOCP Robustness Evaluation:  24%|██▍       | 72/300 [53:17<2:55:54, 46.29s/image, cert=0.9028, clean=0.9444, last=48.0s, targets=9]
SOCP Robustness Evaluation:  24%|██▍       | 72/300 [54:06<2:55:54, 46.29s/image, cert=0.9041, clean=0.9452, last=48.2s, targets=9]
SOCP Robustness Evaluation:  24%|██▍       | 73/300 [54:06<2:57:17, 46.86s/image, cert=0.9041, clean=0.9452, last=48.2s, targets=9]
SOCP Robustness Evaluation:  24%|██▍       | 73/300 [54:06<2:57:17, 46.86s/image, cert=0.8919, clean=0.9324, last=0.0s, targets=0] 
SOCP Robustness Evaluation:  25%|██▍       | 74/300 [54:54<2:56:30, 46.86s/image, cert=0.8933, clean=0.9333, last=48.0s, targets=9]
SOCP Robustness Evaluation:  25%|██▌       | 75/300 [54:54<2:16:31, 36.40s/image, cert=0.8933, clean=0.9333, last=48.0s, targets=9]
SOCP Robustness Evaluation:  25%|██▌       | 75/300 [55:42<2:16:31, 36.40s/image, cert=0.8947, clean=0.9342, last=48.1s, targets=9]
SOCP Robustness Evaluation:  25%|██▌       | 76/300 [55:42<2:26:40, 39.29s/image, cert=0.8947, clean=0.9342, last=48.1s, targets=9]
SOCP Robustness Evaluation:  25%|██▌       | 76/300 [56:28<2:26:40, 39.29s/image, cert=0.8961, clean=0.9351, last=46.6s, targets=9]
SOCP Robustness Evaluation:  26%|██▌       | 77/300 [56:28<2:33:05, 41.19s/image, cert=0.8961, clean=0.9351, last=46.6s, targets=9]
SOCP Robustness Evaluation:  26%|██▌       | 77/300 [57:16<2:33:05, 41.19s/image, cert=0.8846, clean=0.9359, last=47.6s, targets=9]
SOCP Robustness Evaluation:  26%|██▌       | 78/300 [57:16<2:38:48, 42.92s/image, cert=0.8846, clean=0.9359, last=47.6s, targets=9]
SOCP Robustness Evaluation:  26%|██▌       | 78/300 [58:03<2:38:48, 42.92s/image, cert=0.8734, clean=0.9367, last=47.0s, targets=9]
SOCP Robustness Evaluation:  26%|██▋       | 79/300 [58:03<2:42:18, 44.07s/image, cert=0.8734, clean=0.9367, last=47.0s, targets=9]
SOCP Robustness Evaluation:  26%|██▋       | 79/300 [58:50<2:42:18, 44.07s/image, cert=0.8750, clean=0.9375, last=47.5s, targets=9]
SOCP Robustness Evaluation:  27%|██▋       | 80/300 [58:50<2:45:12, 45.06s/image, cert=0.8750, clean=0.9375, last=47.5s, targets=9]
SOCP Robustness Evaluation:  27%|██▋       | 80/300 [59:38<2:45:12, 45.06s/image, cert=0.8765, clean=0.9383, last=47.8s, targets=9]
SOCP Robustness Evaluation:  27%|██▋       | 81/300 [59:38<2:47:19, 45.84s/image, cert=0.8765, clean=0.9383, last=47.8s, targets=9]
SOCP Robustness Evaluation:  27%|██▋       | 81/300 [1:00:25<2:47:19, 45.84s/image, cert=0.8780, clean=0.9390, last=46.8s, targets=9]
SOCP Robustness Evaluation:  27%|██▋       | 82/300 [1:00:25<2:47:32, 46.11s/image, cert=0.8780, clean=0.9390, last=46.8s, targets=9]
SOCP Robustness Evaluation:  27%|██▋       | 82/300 [1:01:12<2:47:32, 46.11s/image, cert=0.8795, clean=0.9398, last=46.7s, targets=9]
SOCP Robustness Evaluation:  28%|██▊       | 83/300 [1:01:12<2:47:22, 46.28s/image, cert=0.8795, clean=0.9398, last=46.7s, targets=9]
SOCP Robustness Evaluation:  28%|██▊       | 83/300 [1:01:59<2:47:22, 46.28s/image, cert=0.8810, clean=0.9405, last=47.5s, targets=9]
SOCP Robustness Evaluation:  28%|██▊       | 84/300 [1:01:59<2:47:55, 46.65s/image, cert=0.8810, clean=0.9405, last=47.5s, targets=9]
SOCP Robustness Evaluation:  28%|██▊       | 84/300 [1:02:47<2:47:55, 46.65s/image, cert=0.8824, clean=0.9412, last=47.3s, targets=9]
SOCP Robustness Evaluation:  28%|██▊       | 85/300 [1:02:47<2:47:51, 46.84s/image, cert=0.8824, clean=0.9412, last=47.3s, targets=9]
SOCP Robustness Evaluation:  28%|██▊       | 85/300 [1:03:33<2:47:51, 46.84s/image, cert=0.8837, clean=0.9419, last=46.1s, targets=9]
SOCP Robustness Evaluation:  29%|██▊       | 86/300 [1:03:33<2:46:19, 46.63s/image, cert=0.8837, clean=0.9419, last=46.1s, targets=9]
SOCP Robustness Evaluation:  29%|██▊       | 86/300 [1:04:20<2:46:19, 46.63s/image, cert=0.8851, clean=0.9425, last=47.3s, targets=9]
SOCP Robustness Evaluation:  29%|██▉       | 87/300 [1:04:20<2:46:15, 46.83s/image, cert=0.8851, clean=0.9425, last=47.3s, targets=9]
SOCP Robustness Evaluation:  29%|██▉       | 87/300 [1:05:06<2:46:15, 46.83s/image, cert=0.8750, clean=0.9432, last=46.5s, targets=9]
SOCP Robustness Evaluation:  29%|██▉       | 88/300 [1:05:06<2:45:08, 46.74s/image, cert=0.8750, clean=0.9432, last=46.5s, targets=9]
SOCP Robustness Evaluation:  29%|██▉       | 88/300 [1:05:54<2:45:08, 46.74s/image, cert=0.8764, clean=0.9438, last=47.5s, targets=9]
SOCP Robustness Evaluation:  30%|██▉       | 89/300 [1:05:54<2:45:09, 46.96s/image, cert=0.8764, clean=0.9438, last=47.5s, targets=9]
SOCP Robustness Evaluation:  30%|██▉       | 89/300 [1:06:40<2:45:09, 46.96s/image, cert=0.8778, clean=0.9444, last=45.8s, targets=9]
SOCP Robustness Evaluation:  30%|███       | 90/300 [1:06:40<2:43:06, 46.60s/image, cert=0.8778, clean=0.9444, last=45.8s, targets=9]
SOCP Robustness Evaluation:  30%|███       | 90/300 [1:07:27<2:43:06, 46.60s/image, cert=0.8791, clean=0.9451, last=47.0s, targets=9]
SOCP Robustness Evaluation:  30%|███       | 91/300 [1:07:27<2:42:44, 46.72s/image, cert=0.8791, clean=0.9451, last=47.0s, targets=9]
SOCP Robustness Evaluation:  30%|███       | 91/300 [1:08:14<2:42:44, 46.72s/image, cert=0.8804, clean=0.9457, last=47.0s, targets=9]
SOCP Robustness Evaluation:  31%|███       | 92/300 [1:08:14<2:42:16, 46.81s/image, cert=0.8804, clean=0.9457, last=47.0s, targets=9]
SOCP Robustness Evaluation:  31%|███       | 92/300 [1:09:01<2:42:16, 46.81s/image, cert=0.8710, clean=0.9462, last=47.4s, targets=9]
SOCP Robustness Evaluation:  31%|███       | 93/300 [1:09:01<2:42:08, 47.00s/image, cert=0.8710, clean=0.9462, last=47.4s, targets=9]
SOCP Robustness Evaluation:  31%|███       | 93/300 [1:09:47<2:42:08, 47.00s/image, cert=0.8723, clean=0.9468, last=45.7s, targets=9]
SOCP Robustness Evaluation:  31%|███▏      | 94/300 [1:09:47<2:40:03, 46.62s/image, cert=0.8723, clean=0.9468, last=45.7s, targets=9]
SOCP Robustness Evaluation:  31%|███▏      | 94/300 [1:10:32<2:40:03, 46.62s/image, cert=0.8737, clean=0.9474, last=45.6s, targets=9]
SOCP Robustness Evaluation:  32%|███▏      | 95/300 [1:10:32<2:38:12, 46.30s/image, cert=0.8737, clean=0.9474, last=45.6s, targets=9]
SOCP Robustness Evaluation:  32%|███▏      | 95/300 [1:11:20<2:38:12, 46.30s/image, cert=0.8750, clean=0.9479, last=47.1s, targets=9]
SOCP Robustness Evaluation:  32%|███▏      | 96/300 [1:11:20<2:38:15, 46.55s/image, cert=0.8750, clean=0.9479, last=47.1s, targets=9]
SOCP Robustness Evaluation:  32%|███▏      | 96/300 [1:12:05<2:38:15, 46.55s/image, cert=0.8763, clean=0.9485, last=45.3s, targets=9]
SOCP Robustness Evaluation:  32%|███▏      | 97/300 [1:12:05<2:36:14, 46.18s/image, cert=0.8763, clean=0.9485, last=45.3s, targets=9]
SOCP Robustness Evaluation:  32%|███▏      | 97/300 [1:12:53<2:36:14, 46.18s/image, cert=0.8673, clean=0.9490, last=47.7s, targets=9]
SOCP Robustness Evaluation:  33%|███▎      | 98/300 [1:12:53<2:36:59, 46.63s/image, cert=0.8673, clean=0.9490, last=47.7s, targets=9]
SOCP Robustness Evaluation:  33%|███▎      | 98/300 [1:13:39<2:36:59, 46.63s/image, cert=0.8687, clean=0.9495, last=46.9s, targets=9]
SOCP Robustness Evaluation:  33%|███▎      | 99/300 [1:13:39<2:36:28, 46.71s/image, cert=0.8687, clean=0.9495, last=46.9s, targets=9]
SOCP Robustness Evaluation:  33%|███▎      | 99/300 [1:14:25<2:36:28, 46.71s/image, cert=0.8700, clean=0.9500, last=45.9s, targets=9]
SOCP Robustness Evaluation:  33%|███▎      | 100/300 [1:14:25<2:34:53, 46.47s/image, cert=0.8700, clean=0.9500, last=45.9s, targets=9]
SOCP Robustness Evaluation:  33%|███▎      | 100/300 [1:15:12<2:34:53, 46.47s/image, cert=0.8713, clean=0.9505, last=46.4s, targets=9]
SOCP Robustness Evaluation:  34%|███▎      | 101/300 [1:15:12<2:34:00, 46.44s/image, cert=0.8713, clean=0.9505, last=46.4s, targets=9]
SOCP Robustness Evaluation:  34%|███▎      | 101/300 [1:16:00<2:34:00, 46.44s/image, cert=0.8725, clean=0.9510, last=48.4s, targets=9]
SOCP Robustness Evaluation:  34%|███▍      | 102/300 [1:16:00<2:35:11, 47.03s/image, cert=0.8725, clean=0.9510, last=48.4s, targets=9]
SOCP Robustness Evaluation:  34%|███▍      | 102/300 [1:16:47<2:35:11, 47.03s/image, cert=0.8738, clean=0.9515, last=46.8s, targets=9]
SOCP Robustness Evaluation:  34%|███▍      | 103/300 [1:16:47<2:34:09, 46.95s/image, cert=0.8738, clean=0.9515, last=46.8s, targets=9]
SOCP Robustness Evaluation:  34%|███▍      | 103/300 [1:17:34<2:34:09, 46.95s/image, cert=0.8750, clean=0.9519, last=46.7s, targets=9]
SOCP Robustness Evaluation:  35%|███▍      | 104/300 [1:17:34<2:33:05, 46.86s/image, cert=0.8750, clean=0.9519, last=46.7s, targets=9]
SOCP Robustness Evaluation:  35%|███▍      | 104/300 [1:18:20<2:33:05, 46.86s/image, cert=0.8762, clean=0.9524, last=46.8s, targets=9]
SOCP Robustness Evaluation:  35%|███▌      | 105/300 [1:18:20<2:32:16, 46.85s/image, cert=0.8762, clean=0.9524, last=46.8s, targets=9]
SOCP Robustness Evaluation:  35%|███▌      | 105/300 [1:19:07<2:32:16, 46.85s/image, cert=0.8774, clean=0.9528, last=46.1s, targets=9]
SOCP Robustness Evaluation:  35%|███▌      | 106/300 [1:19:07<2:30:46, 46.63s/image, cert=0.8774, clean=0.9528, last=46.1s, targets=9]
SOCP Robustness Evaluation:  35%|███▌      | 106/300 [1:19:53<2:30:46, 46.63s/image, cert=0.8785, clean=0.9533, last=46.9s, targets=9]
SOCP Robustness Evaluation:  36%|███▌      | 107/300 [1:19:53<2:30:13, 46.70s/image, cert=0.8785, clean=0.9533, last=46.9s, targets=9]
SOCP Robustness Evaluation:  36%|███▌      | 107/300 [1:20:40<2:30:13, 46.70s/image, cert=0.8796, clean=0.9537, last=47.0s, targets=9]
SOCP Robustness Evaluation:  36%|███▌      | 108/300 [1:20:40<2:29:41, 46.78s/image, cert=0.8796, clean=0.9537, last=47.0s, targets=9]
SOCP Robustness Evaluation:  36%|███▌      | 108/300 [1:21:29<2:29:41, 46.78s/image, cert=0.8807, clean=0.9541, last=48.6s, targets=9]
SOCP Robustness Evaluation:  36%|███▋      | 109/300 [1:21:29<2:30:39, 47.33s/image, cert=0.8807, clean=0.9541, last=48.6s, targets=9]
SOCP Robustness Evaluation:  36%|███▋      | 109/300 [1:22:17<2:30:39, 47.33s/image, cert=0.8818, clean=0.9545, last=48.0s, targets=9]
SOCP Robustness Evaluation:  37%|███▋      | 110/300 [1:22:17<2:30:29, 47.52s/image, cert=0.8818, clean=0.9545, last=48.0s, targets=9]
SOCP Robustness Evaluation:  37%|███▋      | 110/300 [1:23:04<2:30:29, 47.52s/image, cert=0.8829, clean=0.9550, last=46.6s, targets=9]
SOCP Robustness Evaluation:  37%|███▋      | 111/300 [1:23:04<2:28:48, 47.24s/image, cert=0.8829, clean=0.9550, last=46.6s, targets=9]
SOCP Robustness Evaluation:  37%|███▋      | 111/300 [1:23:51<2:28:48, 47.24s/image, cert=0.8750, clean=0.9554, last=47.3s, targets=9]
SOCP Robustness Evaluation:  37%|███▋      | 112/300 [1:23:51<2:28:03, 47.26s/image, cert=0.8750, clean=0.9554, last=47.3s, targets=9]
SOCP Robustness Evaluation:  37%|███▋      | 112/300 [1:24:37<2:28:03, 47.26s/image, cert=0.8761, clean=0.9558, last=45.8s, targets=9]
SOCP Robustness Evaluation:  38%|███▊      | 113/300 [1:24:37<2:25:56, 46.83s/image, cert=0.8761, clean=0.9558, last=45.8s, targets=9]
SOCP Robustness Evaluation:  38%|███▊      | 113/300 [1:25:24<2:25:56, 46.83s/image, cert=0.8772, clean=0.9561, last=46.9s, targets=9]
SOCP Robustness Evaluation:  38%|███▊      | 114/300 [1:25:24<2:25:15, 46.86s/image, cert=0.8772, clean=0.9561, last=46.9s, targets=9]
SOCP Robustness Evaluation:  38%|███▊      | 114/300 [1:26:10<2:25:15, 46.86s/image, cert=0.8783, clean=0.9565, last=46.5s, targets=9]
SOCP Robustness Evaluation:  38%|███▊      | 115/300 [1:26:10<2:24:09, 46.76s/image, cert=0.8783, clean=0.9565, last=46.5s, targets=9]
SOCP Robustness Evaluation:  38%|███▊      | 115/300 [1:26:57<2:24:09, 46.76s/image, cert=0.8793, clean=0.9569, last=47.2s, targets=9]
SOCP Robustness Evaluation:  39%|███▊      | 116/300 [1:26:57<2:23:47, 46.89s/image, cert=0.8793, clean=0.9569, last=47.2s, targets=9]
SOCP Robustness Evaluation:  39%|███▊      | 116/300 [1:27:43<2:23:47, 46.89s/image, cert=0.8803, clean=0.9573, last=45.7s, targets=9]
SOCP Robustness Evaluation:  39%|███▉      | 117/300 [1:27:43<2:21:53, 46.52s/image, cert=0.8803, clean=0.9573, last=45.7s, targets=9]
SOCP Robustness Evaluation:  39%|███▉      | 117/300 [1:28:30<2:21:53, 46.52s/image, cert=0.8814, clean=0.9576, last=46.8s, targets=9]
SOCP Robustness Evaluation:  39%|███▉      | 118/300 [1:28:30<2:21:23, 46.61s/image, cert=0.8814, clean=0.9576, last=46.8s, targets=9]
SOCP Robustness Evaluation:  39%|███▉      | 118/300 [1:29:16<2:21:23, 46.61s/image, cert=0.8824, clean=0.9580, last=45.9s, targets=9]
SOCP Robustness Evaluation:  40%|███▉      | 119/300 [1:29:16<2:19:59, 46.41s/image, cert=0.8824, clean=0.9580, last=45.9s, targets=9]
SOCP Robustness Evaluation:  40%|███▉      | 119/300 [1:30:02<2:19:59, 46.41s/image, cert=0.8750, clean=0.9583, last=46.3s, targets=9]
SOCP Robustness Evaluation:  40%|████      | 120/300 [1:30:02<2:19:05, 46.36s/image, cert=0.8750, clean=0.9583, last=46.3s, targets=9]
SOCP Robustness Evaluation:  40%|████      | 120/300 [1:30:49<2:19:05, 46.36s/image, cert=0.8760, clean=0.9587, last=47.1s, targets=9]
SOCP Robustness Evaluation:  40%|████      | 121/300 [1:30:49<2:18:58, 46.59s/image, cert=0.8760, clean=0.9587, last=47.1s, targets=9]
SOCP Robustness Evaluation:  40%|████      | 121/300 [1:31:36<2:18:58, 46.59s/image, cert=0.8689, clean=0.9590, last=46.7s, targets=9]
SOCP Robustness Evaluation:  41%|████      | 122/300 [1:31:36<2:18:18, 46.62s/image, cert=0.8689, clean=0.9590, last=46.7s, targets=9]
SOCP Robustness Evaluation:  41%|████      | 122/300 [1:32:26<2:18:18, 46.62s/image, cert=0.8699, clean=0.9593, last=49.8s, targets=9]
SOCP Robustness Evaluation:  41%|████      | 123/300 [1:32:26<2:20:18, 47.56s/image, cert=0.8699, clean=0.9593, last=49.8s, targets=9]
SOCP Robustness Evaluation:  41%|████      | 123/300 [1:33:13<2:20:18, 47.56s/image, cert=0.8710, clean=0.9597, last=47.2s, targets=9]
SOCP Robustness Evaluation:  41%|████▏     | 124/300 [1:33:13<2:19:12, 47.46s/image, cert=0.8710, clean=0.9597, last=47.2s, targets=9]
SOCP Robustness Evaluation:  41%|████▏     | 124/300 [1:34:03<2:19:12, 47.46s/image, cert=0.8640, clean=0.9600, last=50.0s, targets=9]
SOCP Robustness Evaluation:  42%|████▏     | 125/300 [1:34:03<2:20:36, 48.21s/image, cert=0.8640, clean=0.9600, last=50.0s, targets=9]
SOCP Robustness Evaluation:  42%|████▏     | 125/300 [1:34:50<2:20:36, 48.21s/image, cert=0.8651, clean=0.9603, last=47.5s, targets=9]
SOCP Robustness Evaluation:  42%|████▏     | 126/300 [1:34:50<2:19:10, 47.99s/image, cert=0.8651, clean=0.9603, last=47.5s, targets=9]
SOCP Robustness Evaluation:  42%|████▏     | 126/300 [1:35:37<2:19:10, 47.99s/image, cert=0.8661, clean=0.9606, last=46.6s, targets=9]
SOCP Robustness Evaluation:  42%|████▏     | 127/300 [1:35:37<2:17:10, 47.57s/image, cert=0.8661, clean=0.9606, last=46.6s, targets=9]
SOCP Robustness Evaluation:  42%|████▏     | 127/300 [1:36:24<2:17:10, 47.57s/image, cert=0.8672, clean=0.9609, last=47.6s, targets=9]
SOCP Robustness Evaluation:  43%|████▎     | 128/300 [1:36:24<2:16:25, 47.59s/image, cert=0.8672, clean=0.9609, last=47.6s, targets=9]
SOCP Robustness Evaluation:  43%|████▎     | 128/300 [1:37:11<2:16:25, 47.59s/image, cert=0.8682, clean=0.9612, last=46.5s, targets=9]
SOCP Robustness Evaluation:  43%|████▎     | 129/300 [1:37:11<2:14:44, 47.28s/image, cert=0.8682, clean=0.9612, last=46.5s, targets=9]
SOCP Robustness Evaluation:  43%|████▎     | 129/300 [1:38:00<2:14:44, 47.28s/image, cert=0.8692, clean=0.9615, last=48.7s, targets=9]
SOCP Robustness Evaluation:  43%|████▎     | 130/300 [1:38:00<2:15:08, 47.70s/image, cert=0.8692, clean=0.9615, last=48.7s, targets=9]
SOCP Robustness Evaluation:  43%|████▎     | 130/300 [1:38:48<2:15:08, 47.70s/image, cert=0.8702, clean=0.9618, last=48.4s, targets=9]
SOCP Robustness Evaluation:  44%|████▎     | 131/300 [1:38:48<2:14:58, 47.92s/image, cert=0.8702, clean=0.9618, last=48.4s, targets=9]
SOCP Robustness Evaluation:  44%|████▎     | 131/300 [1:39:35<2:14:58, 47.92s/image, cert=0.8712, clean=0.9621, last=47.3s, targets=9]
SOCP Robustness Evaluation:  44%|████▍     | 132/300 [1:39:35<2:13:41, 47.75s/image, cert=0.8712, clean=0.9621, last=47.3s, targets=9]
SOCP Robustness Evaluation:  44%|████▍     | 132/300 [1:40:20<2:13:41, 47.75s/image, cert=0.8722, clean=0.9624, last=44.3s, targets=9]
SOCP Robustness Evaluation:  44%|████▍     | 133/300 [1:40:20<2:09:59, 46.70s/image, cert=0.8722, clean=0.9624, last=44.3s, targets=9]
SOCP Robustness Evaluation:  44%|████▍     | 133/300 [1:41:07<2:09:59, 46.70s/image, cert=0.8657, clean=0.9627, last=47.1s, targets=9]
SOCP Robustness Evaluation:  45%|████▍     | 134/300 [1:41:07<2:09:34, 46.83s/image, cert=0.8657, clean=0.9627, last=47.1s, targets=9]
SOCP Robustness Evaluation:  45%|████▍     | 134/300 [1:41:54<2:09:34, 46.83s/image, cert=0.8667, clean=0.9630, last=47.3s, targets=9]
SOCP Robustness Evaluation:  45%|████▌     | 135/300 [1:41:54<2:09:10, 46.97s/image, cert=0.8667, clean=0.9630, last=47.3s, targets=9]
SOCP Robustness Evaluation:  45%|████▌     | 135/300 [1:42:41<2:09:10, 46.97s/image, cert=0.8676, clean=0.9632, last=46.7s, targets=9]
SOCP Robustness Evaluation:  45%|████▌     | 136/300 [1:42:41<2:08:11, 46.90s/image, cert=0.8676, clean=0.9632, last=46.7s, targets=9]
SOCP Robustness Evaluation:  45%|████▌     | 136/300 [1:43:27<2:08:11, 46.90s/image, cert=0.8686, clean=0.9635, last=46.1s, targets=9]
SOCP Robustness Evaluation:  46%|████▌     | 137/300 [1:43:27<2:06:47, 46.67s/image, cert=0.8686, clean=0.9635, last=46.1s, targets=9]
SOCP Robustness Evaluation:  46%|████▌     | 137/300 [1:44:15<2:06:47, 46.67s/image, cert=0.8696, clean=0.9638, last=48.2s, targets=9]
SOCP Robustness Evaluation:  46%|████▌     | 138/300 [1:44:15<2:07:13, 47.12s/image, cert=0.8696, clean=0.9638, last=48.2s, targets=9]
SOCP Robustness Evaluation:  46%|████▌     | 138/300 [1:45:00<2:07:13, 47.12s/image, cert=0.8705, clean=0.9640, last=44.5s, targets=9]
SOCP Robustness Evaluation:  46%|████▋     | 139/300 [1:45:00<2:04:21, 46.34s/image, cert=0.8705, clean=0.9640, last=44.5s, targets=9]
SOCP Robustness Evaluation:  46%|████▋     | 139/300 [1:45:47<2:04:21, 46.34s/image, cert=0.8714, clean=0.9643, last=47.3s, targets=9]
SOCP Robustness Evaluation:  47%|████▋     | 140/300 [1:45:47<2:04:23, 46.65s/image, cert=0.8714, clean=0.9643, last=47.3s, targets=9]
SOCP Robustness Evaluation:  47%|████▋     | 140/300 [1:46:33<2:04:23, 46.65s/image, cert=0.8723, clean=0.9645, last=45.6s, targets=9]
SOCP Robustness Evaluation:  47%|████▋     | 141/300 [1:46:33<2:02:48, 46.34s/image, cert=0.8723, clean=0.9645, last=45.6s, targets=9]
SOCP Robustness Evaluation:  47%|████▋     | 141/300 [1:47:19<2:02:48, 46.34s/image, cert=0.8732, clean=0.9648, last=46.3s, targets=9]
SOCP Robustness Evaluation:  47%|████▋     | 142/300 [1:47:19<2:01:58, 46.32s/image, cert=0.8732, clean=0.9648, last=46.3s, targets=9]
SOCP Robustness Evaluation:  47%|████▋     | 142/300 [1:48:07<2:01:58, 46.32s/image, cert=0.8741, clean=0.9650, last=48.1s, targets=9]
SOCP Robustness Evaluation:  48%|████▊     | 143/300 [1:48:07<2:02:36, 46.86s/image, cert=0.8741, clean=0.9650, last=48.1s, targets=9]
SOCP Robustness Evaluation:  48%|████▊     | 143/300 [1:48:53<2:02:36, 46.86s/image, cert=0.8750, clean=0.9653, last=46.2s, targets=9]
SOCP Robustness Evaluation:  48%|████▊     | 144/300 [1:48:53<2:01:20, 46.67s/image, cert=0.8750, clean=0.9653, last=46.2s, targets=9]
SOCP Robustness Evaluation:  48%|████▊     | 144/300 [1:49:40<2:01:20, 46.67s/image, cert=0.8759, clean=0.9655, last=46.5s, targets=9]
SOCP Robustness Evaluation:  48%|████▊     | 145/300 [1:49:40<2:00:23, 46.61s/image, cert=0.8759, clean=0.9655, last=46.5s, targets=9]
SOCP Robustness Evaluation:  48%|████▊     | 145/300 [1:50:25<2:00:23, 46.61s/image, cert=0.8767, clean=0.9658, last=45.4s, targets=9]
SOCP Robustness Evaluation:  49%|████▊     | 146/300 [1:50:25<1:58:39, 46.23s/image, cert=0.8767, clean=0.9658, last=45.4s, targets=9]
SOCP Robustness Evaluation:  49%|████▊     | 146/300 [1:51:13<1:58:39, 46.23s/image, cert=0.8776, clean=0.9660, last=48.0s, targets=9]
SOCP Robustness Evaluation:  49%|████▉     | 147/300 [1:51:13<1:59:14, 46.76s/image, cert=0.8776, clean=0.9660, last=48.0s, targets=9]
SOCP Robustness Evaluation:  49%|████▉     | 147/300 [1:52:00<1:59:14, 46.76s/image, cert=0.8784, clean=0.9662, last=47.1s, targets=9]
SOCP Robustness Evaluation:  49%|████▉     | 148/300 [1:52:00<1:58:44, 46.87s/image, cert=0.8784, clean=0.9662, last=47.1s, targets=9]
SOCP Robustness Evaluation:  49%|████▉     | 148/300 [1:52:49<1:58:44, 46.87s/image, cert=0.8792, clean=0.9664, last=48.3s, targets=9]
SOCP Robustness Evaluation:  50%|████▉     | 149/300 [1:52:49<1:59:01, 47.30s/image, cert=0.8792, clean=0.9664, last=48.3s, targets=9]
SOCP Robustness Evaluation:  50%|████▉     | 149/300 [1:53:34<1:59:01, 47.30s/image, cert=0.8733, clean=0.9667, last=45.9s, targets=9]
SOCP Robustness Evaluation:  50%|█████     | 150/300 [1:53:34<1:57:11, 46.88s/image, cert=0.8733, clean=0.9667, last=45.9s, targets=9]
SOCP Robustness Evaluation:  50%|█████     | 150/300 [1:54:21<1:57:11, 46.88s/image, cert=0.8742, clean=0.9669, last=47.0s, targets=9]
SOCP Robustness Evaluation:  50%|█████     | 151/300 [1:54:21<1:56:28, 46.90s/image, cert=0.8742, clean=0.9669, last=47.0s, targets=9]
SOCP Robustness Evaluation:  50%|█████     | 151/300 [1:55:09<1:56:28, 46.90s/image, cert=0.8750, clean=0.9671, last=47.5s, targets=9]
SOCP Robustness Evaluation:  51%|█████     | 152/300 [1:55:09<1:56:08, 47.09s/image, cert=0.8750, clean=0.9671, last=47.5s, targets=9]
SOCP Robustness Evaluation:  51%|█████     | 152/300 [1:55:56<1:56:08, 47.09s/image, cert=0.8758, clean=0.9673, last=46.8s, targets=9]
SOCP Robustness Evaluation:  51%|█████     | 153/300 [1:55:56<1:55:08, 47.00s/image, cert=0.8758, clean=0.9673, last=46.8s, targets=9]
SOCP Robustness Evaluation:  51%|█████     | 153/300 [1:56:43<1:55:08, 47.00s/image, cert=0.8766, clean=0.9675, last=47.4s, targets=9]
SOCP Robustness Evaluation:  51%|█████▏    | 154/300 [1:56:43<1:54:39, 47.12s/image, cert=0.8766, clean=0.9675, last=47.4s, targets=9]
SOCP Robustness Evaluation:  51%|█████▏    | 154/300 [1:57:30<1:54:39, 47.12s/image, cert=0.8774, clean=0.9677, last=46.7s, targets=9]
SOCP Robustness Evaluation:  52%|█████▏    | 155/300 [1:57:30<1:53:32, 46.98s/image, cert=0.8774, clean=0.9677, last=46.7s, targets=9]
SOCP Robustness Evaluation:  52%|█████▏    | 155/300 [1:58:17<1:53:32, 46.98s/image, cert=0.8782, clean=0.9679, last=46.8s, targets=9]
SOCP Robustness Evaluation:  52%|█████▏    | 156/300 [1:58:17<1:52:37, 46.93s/image, cert=0.8782, clean=0.9679, last=46.8s, targets=9]
SOCP Robustness Evaluation:  52%|█████▏    | 156/300 [1:59:04<1:52:37, 46.93s/image, cert=0.8790, clean=0.9682, last=47.4s, targets=9]
SOCP Robustness Evaluation:  52%|█████▏    | 157/300 [1:59:04<1:52:09, 47.06s/image, cert=0.8790, clean=0.9682, last=47.4s, targets=9]
SOCP Robustness Evaluation:  52%|█████▏    | 157/300 [1:59:50<1:52:09, 47.06s/image, cert=0.8797, clean=0.9684, last=46.4s, targets=9]
SOCP Robustness Evaluation:  53%|█████▎    | 158/300 [1:59:50<1:50:52, 46.85s/image, cert=0.8797, clean=0.9684, last=46.4s, targets=9]
SOCP Robustness Evaluation:  53%|█████▎    | 158/300 [2:00:37<1:50:52, 46.85s/image, cert=0.8805, clean=0.9686, last=46.8s, targets=9]
SOCP Robustness Evaluation:  53%|█████▎    | 159/300 [2:00:37<1:50:05, 46.85s/image, cert=0.8805, clean=0.9686, last=46.8s, targets=9]
SOCP Robustness Evaluation:  53%|█████▎    | 159/300 [2:01:24<1:50:05, 46.85s/image, cert=0.8750, clean=0.9688, last=46.8s, targets=9]
SOCP Robustness Evaluation:  53%|█████▎    | 160/300 [2:01:24<1:49:17, 46.84s/image, cert=0.8750, clean=0.9688, last=46.8s, targets=9]
SOCP Robustness Evaluation:  53%|█████▎    | 160/300 [2:02:11<1:49:17, 46.84s/image, cert=0.8758, clean=0.9689, last=47.5s, targets=9]
SOCP Robustness Evaluation:  54%|█████▎    | 161/300 [2:02:11<1:48:57, 47.03s/image, cert=0.8758, clean=0.9689, last=47.5s, targets=9]
SOCP Robustness Evaluation:  54%|█████▎    | 161/300 [2:02:59<1:48:57, 47.03s/image, cert=0.8765, clean=0.9691, last=47.2s, targets=9]
SOCP Robustness Evaluation:  54%|█████▍    | 162/300 [2:02:59<1:48:17, 47.08s/image, cert=0.8765, clean=0.9691, last=47.2s, targets=9]
SOCP Robustness Evaluation:  54%|█████▍    | 162/300 [2:03:45<1:48:17, 47.08s/image, cert=0.8773, clean=0.9693, last=46.5s, targets=9]
SOCP Robustness Evaluation:  54%|█████▍    | 163/300 [2:03:45<1:47:05, 46.90s/image, cert=0.8773, clean=0.9693, last=46.5s, targets=9]
SOCP Robustness Evaluation:  54%|█████▍    | 163/300 [2:04:29<1:47:05, 46.90s/image, cert=0.8780, clean=0.9695, last=43.7s, targets=9]
SOCP Robustness Evaluation:  55%|█████▍    | 164/300 [2:04:29<1:44:09, 45.95s/image, cert=0.8780, clean=0.9695, last=43.7s, targets=9]
SOCP Robustness Evaluation:  55%|█████▍    | 164/300 [2:05:16<1:44:09, 45.95s/image, cert=0.8727, clean=0.9697, last=47.0s, targets=9]
SOCP Robustness Evaluation:  55%|█████▌    | 165/300 [2:05:16<1:44:06, 46.27s/image, cert=0.8727, clean=0.9697, last=47.0s, targets=9]
SOCP Robustness Evaluation:  55%|█████▌    | 165/300 [2:06:02<1:44:06, 46.27s/image, cert=0.8735, clean=0.9699, last=46.3s, targets=9]
SOCP Robustness Evaluation:  55%|█████▌    | 166/300 [2:06:02<1:43:21, 46.28s/image, cert=0.8735, clean=0.9699, last=46.3s, targets=9]
SOCP Robustness Evaluation:  55%|█████▌    | 166/300 [2:06:48<1:43:21, 46.28s/image, cert=0.8743, clean=0.9701, last=46.3s, targets=9]
SOCP Robustness Evaluation:  56%|█████▌    | 167/300 [2:06:48<1:42:35, 46.28s/image, cert=0.8743, clean=0.9701, last=46.3s, targets=9]
SOCP Robustness Evaluation:  56%|█████▌    | 167/300 [2:07:36<1:42:35, 46.28s/image, cert=0.8690, clean=0.9702, last=47.3s, targets=9]
SOCP Robustness Evaluation:  56%|█████▌    | 168/300 [2:07:36<1:42:28, 46.58s/image, cert=0.8690, clean=0.9702, last=47.3s, targets=9]
SOCP Robustness Evaluation:  56%|█████▌    | 168/300 [2:08:24<1:42:28, 46.58s/image, cert=0.8698, clean=0.9704, last=48.2s, targets=9]
SOCP Robustness Evaluation:  56%|█████▋    | 169/300 [2:08:24<1:42:45, 47.06s/image, cert=0.8698, clean=0.9704, last=48.2s, targets=9]
SOCP Robustness Evaluation:  56%|█████▋    | 169/300 [2:09:12<1:42:45, 47.06s/image, cert=0.8706, clean=0.9706, last=48.0s, targets=9]
SOCP Robustness Evaluation:  57%|█████▋    | 170/300 [2:09:12<1:42:34, 47.34s/image, cert=0.8706, clean=0.9706, last=48.0s, targets=9]
SOCP Robustness Evaluation:  57%|█████▋    | 170/300 [2:09:59<1:42:34, 47.34s/image, cert=0.8713, clean=0.9708, last=46.7s, targets=9]
SOCP Robustness Evaluation:  57%|█████▋    | 171/300 [2:09:59<1:41:23, 47.16s/image, cert=0.8713, clean=0.9708, last=46.7s, targets=9]
SOCP Robustness Evaluation:  57%|█████▋    | 171/300 [2:10:44<1:41:23, 47.16s/image, cert=0.8663, clean=0.9709, last=45.7s, targets=9]
SOCP Robustness Evaluation:  57%|█████▋    | 172/300 [2:10:44<1:39:38, 46.71s/image, cert=0.8663, clean=0.9709, last=45.7s, targets=9]
SOCP Robustness Evaluation:  57%|█████▋    | 172/300 [2:11:32<1:39:38, 46.71s/image, cert=0.8671, clean=0.9711, last=47.5s, targets=9]
SOCP Robustness Evaluation:  58%|█████▊    | 173/300 [2:11:32<1:39:24, 46.96s/image, cert=0.8671, clean=0.9711, last=47.5s, targets=9]
SOCP Robustness Evaluation:  58%|█████▊    | 173/300 [2:12:18<1:39:24, 46.96s/image, cert=0.8621, clean=0.9713, last=46.0s, targets=9]
SOCP Robustness Evaluation:  58%|█████▊    | 174/300 [2:12:18<1:38:00, 46.67s/image, cert=0.8621, clean=0.9713, last=46.0s, targets=9]
SOCP Robustness Evaluation:  58%|█████▊    | 174/300 [2:13:03<1:38:00, 46.67s/image, cert=0.8629, clean=0.9714, last=45.4s, targets=9]
SOCP Robustness Evaluation:  58%|█████▊    | 175/300 [2:13:03<1:36:27, 46.30s/image, cert=0.8629, clean=0.9714, last=45.4s, targets=9]
SOCP Robustness Evaluation:  58%|█████▊    | 175/300 [2:13:50<1:36:27, 46.30s/image, cert=0.8580, clean=0.9716, last=46.7s, targets=9]
SOCP Robustness Evaluation:  59%|█████▊    | 176/300 [2:13:50<1:35:55, 46.41s/image, cert=0.8580, clean=0.9716, last=46.7s, targets=9]
SOCP Robustness Evaluation:  59%|█████▊    | 176/300 [2:14:37<1:35:55, 46.41s/image, cert=0.8588, clean=0.9718, last=47.3s, targets=9]
SOCP Robustness Evaluation:  59%|█████▉    | 177/300 [2:14:37<1:35:41, 46.68s/image, cert=0.8588, clean=0.9718, last=47.3s, targets=9]
SOCP Robustness Evaluation:  59%|█████▉    | 177/300 [2:15:25<1:35:41, 46.68s/image, cert=0.8596, clean=0.9719, last=47.5s, targets=9]
SOCP Robustness Evaluation:  59%|█████▉    | 178/300 [2:15:25<1:35:25, 46.93s/image, cert=0.8596, clean=0.9719, last=47.5s, targets=9]
SOCP Robustness Evaluation:  59%|█████▉    | 178/300 [2:16:11<1:35:25, 46.93s/image, cert=0.8603, clean=0.9721, last=46.0s, targets=9]
SOCP Robustness Evaluation:  60%|█████▉    | 179/300 [2:16:11<1:34:03, 46.64s/image, cert=0.8603, clean=0.9721, last=46.0s, targets=9]
SOCP Robustness Evaluation:  60%|█████▉    | 179/300 [2:16:58<1:34:03, 46.64s/image, cert=0.8611, clean=0.9722, last=47.6s, targets=9]
SOCP Robustness Evaluation:  60%|██████    | 180/300 [2:16:58<1:33:53, 46.94s/image, cert=0.8611, clean=0.9722, last=47.6s, targets=9]
SOCP Robustness Evaluation:  60%|██████    | 180/300 [2:17:45<1:33:53, 46.94s/image, cert=0.8619, clean=0.9724, last=47.0s, targets=9]
SOCP Robustness Evaluation:  60%|██████    | 181/300 [2:17:45<1:33:07, 46.96s/image, cert=0.8619, clean=0.9724, last=47.0s, targets=9]
SOCP Robustness Evaluation:  60%|██████    | 181/300 [2:18:33<1:33:07, 46.96s/image, cert=0.8626, clean=0.9725, last=48.0s, targets=9]
SOCP Robustness Evaluation:  61%|██████    | 182/300 [2:18:33<1:32:58, 47.28s/image, cert=0.8626, clean=0.9725, last=48.0s, targets=9]
SOCP Robustness Evaluation:  61%|██████    | 182/300 [2:19:19<1:32:58, 47.28s/image, cert=0.8634, clean=0.9727, last=45.8s, targets=9]
SOCP Robustness Evaluation:  61%|██████    | 183/300 [2:19:19<1:31:21, 46.85s/image, cert=0.8634, clean=0.9727, last=45.8s, targets=9]
SOCP Robustness Evaluation:  61%|██████    | 183/300 [2:20:06<1:31:21, 46.85s/image, cert=0.8641, clean=0.9728, last=46.5s, targets=9]
SOCP Robustness Evaluation:  61%|██████▏   | 184/300 [2:20:06<1:30:23, 46.76s/image, cert=0.8641, clean=0.9728, last=46.5s, targets=9]
SOCP Robustness Evaluation:  61%|██████▏   | 184/300 [2:20:53<1:30:23, 46.76s/image, cert=0.8649, clean=0.9730, last=46.7s, targets=9]
SOCP Robustness Evaluation:  62%|██████▏   | 185/300 [2:20:53<1:29:35, 46.75s/image, cert=0.8649, clean=0.9730, last=46.7s, targets=9]
SOCP Robustness Evaluation:  62%|██████▏   | 185/300 [2:21:40<1:29:35, 46.75s/image, cert=0.8656, clean=0.9731, last=47.1s, targets=9]
SOCP Robustness Evaluation:  62%|██████▏   | 186/300 [2:21:40<1:29:02, 46.86s/image, cert=0.8656, clean=0.9731, last=47.1s, targets=9]
SOCP Robustness Evaluation:  62%|██████▏   | 186/300 [2:22:26<1:29:02, 46.86s/image, cert=0.8663, clean=0.9733, last=46.5s, targets=9]
SOCP Robustness Evaluation:  62%|██████▏   | 187/300 [2:22:26<1:28:03, 46.75s/image, cert=0.8663, clean=0.9733, last=46.5s, targets=9]
SOCP Robustness Evaluation:  62%|██████▏   | 187/300 [2:23:13<1:28:03, 46.75s/image, cert=0.8670, clean=0.9734, last=47.3s, targets=9]
SOCP Robustness Evaluation:  63%|██████▎   | 188/300 [2:23:13<1:27:36, 46.93s/image, cert=0.8670, clean=0.9734, last=47.3s, targets=9]
SOCP Robustness Evaluation:  63%|██████▎   | 188/300 [2:24:01<1:27:36, 46.93s/image, cert=0.8677, clean=0.9735, last=47.2s, targets=9]
SOCP Robustness Evaluation:  63%|██████▎   | 189/300 [2:24:01<1:26:59, 47.02s/image, cert=0.8677, clean=0.9735, last=47.2s, targets=9]
SOCP Robustness Evaluation:  63%|██████▎   | 189/300 [2:24:47<1:26:59, 47.02s/image, cert=0.8684, clean=0.9737, last=45.9s, targets=9]
SOCP Robustness Evaluation:  63%|██████▎   | 190/300 [2:24:47<1:25:34, 46.68s/image, cert=0.8684, clean=0.9737, last=45.9s, targets=9]
SOCP Robustness Evaluation:  63%|██████▎   | 190/300 [2:25:33<1:25:34, 46.68s/image, cert=0.8691, clean=0.9738, last=46.8s, targets=9]
SOCP Robustness Evaluation:  64%|██████▎   | 191/300 [2:25:33<1:24:52, 46.72s/image, cert=0.8691, clean=0.9738, last=46.8s, targets=9]
SOCP Robustness Evaluation:  64%|██████▎   | 191/300 [2:26:20<1:24:52, 46.72s/image, cert=0.8698, clean=0.9740, last=46.3s, targets=9]
SOCP Robustness Evaluation:  64%|██████▍   | 192/300 [2:26:20<1:23:51, 46.59s/image, cert=0.8698, clean=0.9740, last=46.3s, targets=9]
SOCP Robustness Evaluation:  64%|██████▍   | 192/300 [2:27:09<1:23:51, 46.59s/image, cert=0.8705, clean=0.9741, last=49.0s, targets=9]
SOCP Robustness Evaluation:  64%|██████▍   | 193/300 [2:27:09<1:24:22, 47.31s/image, cert=0.8705, clean=0.9741, last=49.0s, targets=9]
SOCP Robustness Evaluation:  64%|██████▍   | 193/300 [2:27:56<1:24:22, 47.31s/image, cert=0.8711, clean=0.9742, last=47.2s, targets=9]
SOCP Robustness Evaluation:  65%|██████▍   | 194/300 [2:27:56<1:23:31, 47.28s/image, cert=0.8711, clean=0.9742, last=47.2s, targets=9]
SOCP Robustness Evaluation:  65%|██████▍   | 194/300 [2:28:44<1:23:31, 47.28s/image, cert=0.8718, clean=0.9744, last=47.7s, targets=9]
SOCP Robustness Evaluation:  65%|██████▌   | 195/300 [2:28:44<1:22:57, 47.40s/image, cert=0.8718, clean=0.9744, last=47.7s, targets=9]
SOCP Robustness Evaluation:  65%|██████▌   | 195/300 [2:29:31<1:22:57, 47.40s/image, cert=0.8673, clean=0.9745, last=46.9s, targets=9]
SOCP Robustness Evaluation:  65%|██████▌   | 196/300 [2:29:31<1:21:55, 47.27s/image, cert=0.8673, clean=0.9745, last=46.9s, targets=9]
SOCP Robustness Evaluation:  65%|██████▌   | 196/300 [2:30:17<1:21:55, 47.27s/image, cert=0.8680, clean=0.9746, last=46.8s, targets=9]
SOCP Robustness Evaluation:  66%|██████▌   | 197/300 [2:30:17<1:20:53, 47.12s/image, cert=0.8680, clean=0.9746, last=46.8s, targets=9]
SOCP Robustness Evaluation:  66%|██████▌   | 197/300 [2:31:05<1:20:53, 47.12s/image, cert=0.8687, clean=0.9747, last=47.5s, targets=9]
SOCP Robustness Evaluation:  66%|██████▌   | 198/300 [2:31:05<1:20:17, 47.23s/image, cert=0.8687, clean=0.9747, last=47.5s, targets=9]
SOCP Robustness Evaluation:  66%|██████▌   | 198/300 [2:31:53<1:20:17, 47.23s/image, cert=0.8693, clean=0.9749, last=48.3s, targets=9]
SOCP Robustness Evaluation:  66%|██████▋   | 199/300 [2:31:53<1:20:03, 47.56s/image, cert=0.8693, clean=0.9749, last=48.3s, targets=9]
SOCP Robustness Evaluation:  66%|██████▋   | 199/300 [2:32:41<1:20:03, 47.56s/image, cert=0.8700, clean=0.9750, last=47.4s, targets=9]
SOCP Robustness Evaluation:  67%|██████▋   | 200/300 [2:32:41<1:19:11, 47.51s/image, cert=0.8700, clean=0.9750, last=47.4s, targets=9]
SOCP Robustness Evaluation:  67%|██████▋   | 200/300 [2:33:26<1:19:11, 47.51s/image, cert=0.8657, clean=0.9751, last=45.8s, targets=9]
SOCP Robustness Evaluation:  67%|██████▋   | 201/300 [2:33:26<1:17:32, 47.00s/image, cert=0.8657, clean=0.9751, last=45.8s, targets=9]
SOCP Robustness Evaluation:  67%|██████▋   | 201/300 [2:34:12<1:17:32, 47.00s/image, cert=0.8663, clean=0.9752, last=45.7s, targets=9]
SOCP Robustness Evaluation:  67%|██████▋   | 202/300 [2:34:12<1:16:06, 46.60s/image, cert=0.8663, clean=0.9752, last=45.7s, targets=9]
SOCP Robustness Evaluation:  67%|██████▋   | 202/300 [2:34:58<1:16:06, 46.60s/image, cert=0.8670, clean=0.9754, last=45.6s, targets=9]
SOCP Robustness Evaluation:  68%|██████▊   | 203/300 [2:34:58<1:14:51, 46.31s/image, cert=0.8670, clean=0.9754, last=45.6s, targets=9]
SOCP Robustness Evaluation:  68%|██████▊   | 203/300 [2:35:45<1:14:51, 46.31s/image, cert=0.8676, clean=0.9755, last=47.3s, targets=9]
SOCP Robustness Evaluation:  68%|██████▊   | 204/300 [2:35:45<1:14:35, 46.62s/image, cert=0.8676, clean=0.9755, last=47.3s, targets=9]
SOCP Robustness Evaluation:  68%|██████▊   | 204/300 [2:36:32<1:14:35, 46.62s/image, cert=0.8683, clean=0.9756, last=47.0s, targets=9]
SOCP Robustness Evaluation:  68%|██████▊   | 205/300 [2:36:32<1:13:59, 46.73s/image, cert=0.8683, clean=0.9756, last=47.0s, targets=9]
SOCP Robustness Evaluation:  68%|██████▊   | 205/300 [2:37:18<1:13:59, 46.73s/image, cert=0.8689, clean=0.9757, last=46.2s, targets=9]
SOCP Robustness Evaluation:  69%|██████▊   | 206/300 [2:37:18<1:12:57, 46.57s/image, cert=0.8689, clean=0.9757, last=46.2s, targets=9]
SOCP Robustness Evaluation:  69%|██████▊   | 206/300 [2:38:05<1:12:57, 46.57s/image, cert=0.8696, clean=0.9758, last=46.5s, targets=9]
SOCP Robustness Evaluation:  69%|██████▉   | 207/300 [2:38:05<1:12:08, 46.55s/image, cert=0.8696, clean=0.9758, last=46.5s, targets=9]
SOCP Robustness Evaluation:  69%|██████▉   | 207/300 [2:38:51<1:12:08, 46.55s/image, cert=0.8702, clean=0.9760, last=46.1s, targets=9]
SOCP Robustness Evaluation:  69%|██████▉   | 208/300 [2:38:51<1:11:10, 46.42s/image, cert=0.8702, clean=0.9760, last=46.1s, targets=9]
SOCP Robustness Evaluation:  69%|██████▉   | 208/300 [2:39:39<1:11:10, 46.42s/image, cert=0.8708, clean=0.9761, last=48.1s, targets=9]
SOCP Robustness Evaluation:  70%|██████▉   | 209/300 [2:39:39<1:11:09, 46.92s/image, cert=0.8708, clean=0.9761, last=48.1s, targets=9]
SOCP Robustness Evaluation:  70%|██████▉   | 209/300 [2:40:25<1:11:09, 46.92s/image, cert=0.8714, clean=0.9762, last=45.7s, targets=9]
SOCP Robustness Evaluation:  70%|███████   | 210/300 [2:40:25<1:09:49, 46.55s/image, cert=0.8714, clean=0.9762, last=45.7s, targets=9]
SOCP Robustness Evaluation:  70%|███████   | 210/300 [2:41:11<1:09:49, 46.55s/image, cert=0.8720, clean=0.9763, last=46.7s, targets=9]
SOCP Robustness Evaluation:  70%|███████   | 211/300 [2:41:11<1:09:06, 46.59s/image, cert=0.8720, clean=0.9763, last=46.7s, targets=9]
SOCP Robustness Evaluation:  70%|███████   | 211/300 [2:41:59<1:09:06, 46.59s/image, cert=0.8679, clean=0.9764, last=47.6s, targets=9]
SOCP Robustness Evaluation:  71%|███████   | 212/300 [2:41:59<1:08:47, 46.90s/image, cert=0.8679, clean=0.9764, last=47.6s, targets=9]
SOCP Robustness Evaluation:  71%|███████   | 212/300 [2:42:46<1:08:47, 46.90s/image, cert=0.8685, clean=0.9765, last=46.7s, targets=9]
SOCP Robustness Evaluation:  71%|███████   | 213/300 [2:42:46<1:07:54, 46.84s/image, cert=0.8685, clean=0.9765, last=46.7s, targets=9]
SOCP Robustness Evaluation:  71%|███████   | 213/300 [2:43:32<1:07:54, 46.84s/image, cert=0.8692, clean=0.9766, last=46.8s, targets=9]
SOCP Robustness Evaluation:  71%|███████▏  | 214/300 [2:43:32<1:07:07, 46.83s/image, cert=0.8692, clean=0.9766, last=46.8s, targets=9]
SOCP Robustness Evaluation:  71%|███████▏  | 214/300 [2:44:20<1:07:07, 46.83s/image, cert=0.8698, clean=0.9767, last=47.1s, targets=9]
SOCP Robustness Evaluation:  72%|███████▏  | 215/300 [2:44:20<1:06:28, 46.93s/image, cert=0.8698, clean=0.9767, last=47.1s, targets=9]
SOCP Robustness Evaluation:  72%|███████▏  | 215/300 [2:45:06<1:06:28, 46.93s/image, cert=0.8704, clean=0.9769, last=46.6s, targets=9]
SOCP Robustness Evaluation:  72%|███████▏  | 216/300 [2:45:06<1:05:32, 46.82s/image, cert=0.8704, clean=0.9769, last=46.6s, targets=9]
SOCP Robustness Evaluation:  72%|███████▏  | 216/300 [2:45:54<1:05:32, 46.82s/image, cert=0.8710, clean=0.9770, last=48.0s, targets=9]
SOCP Robustness Evaluation:  72%|███████▏  | 217/300 [2:45:54<1:05:14, 47.16s/image, cert=0.8710, clean=0.9770, last=48.0s, targets=9]
SOCP Robustness Evaluation:  72%|███████▏  | 217/300 [2:45:54<1:05:14, 47.16s/image, cert=0.8670, clean=0.9725, last=0.0s, targets=0] 
SOCP Robustness Evaluation:  73%|███████▎  | 218/300 [2:46:42<1:04:27, 47.16s/image, cert=0.8676, clean=0.9726, last=48.0s, targets=9]
SOCP Robustness Evaluation:  73%|███████▎  | 219/300 [2:46:42<49:14, 36.48s/image, cert=0.8676, clean=0.9726, last=48.0s, targets=9]  
SOCP Robustness Evaluation:  73%|███████▎  | 219/300 [2:47:30<49:14, 36.48s/image, cert=0.8682, clean=0.9727, last=47.7s, targets=9]
SOCP Robustness Evaluation:  73%|███████▎  | 220/300 [2:47:30<52:20, 39.25s/image, cert=0.8682, clean=0.9727, last=47.7s, targets=9]
SOCP Robustness Evaluation:  73%|███████▎  | 220/300 [2:48:17<52:20, 39.25s/image, cert=0.8688, clean=0.9729, last=47.6s, targets=9]
SOCP Robustness Evaluation:  74%|███████▎  | 221/300 [2:48:17<54:33, 41.43s/image, cert=0.8688, clean=0.9729, last=47.6s, targets=9]
SOCP Robustness Evaluation:  74%|███████▎  | 221/300 [2:49:03<54:33, 41.43s/image, cert=0.8694, clean=0.9730, last=46.1s, targets=9]
SOCP Robustness Evaluation:  74%|███████▍  | 222/300 [2:49:03<55:30, 42.70s/image, cert=0.8694, clean=0.9730, last=46.1s, targets=9]
SOCP Robustness Evaluation:  74%|███████▍  | 222/300 [2:49:49<55:30, 42.70s/image, cert=0.8700, clean=0.9731, last=45.6s, targets=9]
SOCP Robustness Evaluation:  74%|███████▍  | 223/300 [2:49:49<55:50, 43.51s/image, cert=0.8700, clean=0.9731, last=45.6s, targets=9]
SOCP Robustness Evaluation:  74%|███████▍  | 223/300 [2:50:35<55:50, 43.51s/image, cert=0.8705, clean=0.9732, last=46.4s, targets=9]
SOCP Robustness Evaluation:  75%|███████▍  | 224/300 [2:50:35<56:09, 44.33s/image, cert=0.8705, clean=0.9732, last=46.4s, targets=9]
SOCP Robustness Evaluation:  75%|███████▍  | 224/300 [2:51:22<56:09, 44.33s/image, cert=0.8711, clean=0.9733, last=46.4s, targets=9]
SOCP Robustness Evaluation:  75%|███████▌  | 225/300 [2:51:22<56:10, 44.94s/image, cert=0.8711, clean=0.9733, last=46.4s, targets=9]
SOCP Robustness Evaluation:  75%|███████▌  | 225/300 [2:52:07<56:10, 44.94s/image, cert=0.8717, clean=0.9735, last=45.0s, targets=9]
SOCP Robustness Evaluation:  75%|███████▌  | 226/300 [2:52:07<55:25, 44.94s/image, cert=0.8717, clean=0.9735, last=45.0s, targets=9]
SOCP Robustness Evaluation:  75%|███████▌  | 226/300 [2:52:54<55:25, 44.94s/image, cert=0.8722, clean=0.9736, last=46.9s, targets=9]
SOCP Robustness Evaluation:  76%|███████▌  | 227/300 [2:52:54<55:23, 45.52s/image, cert=0.8722, clean=0.9736, last=46.9s, targets=9]
SOCP Robustness Evaluation:  76%|███████▌  | 227/300 [2:53:41<55:23, 45.52s/image, cert=0.8728, clean=0.9737, last=47.1s, targets=9]
SOCP Robustness Evaluation:  76%|███████▌  | 228/300 [2:53:41<55:11, 45.99s/image, cert=0.8728, clean=0.9737, last=47.1s, targets=9]
SOCP Robustness Evaluation:  76%|███████▌  | 228/300 [2:54:29<55:11, 45.99s/image, cert=0.8734, clean=0.9738, last=47.9s, targets=9]
SOCP Robustness Evaluation:  76%|███████▋  | 229/300 [2:54:29<55:06, 46.56s/image, cert=0.8734, clean=0.9738, last=47.9s, targets=9]
SOCP Robustness Evaluation:  76%|███████▋  | 229/300 [2:55:15<55:06, 46.56s/image, cert=0.8739, clean=0.9739, last=46.4s, targets=9]
SOCP Robustness Evaluation:  77%|███████▋  | 230/300 [2:55:15<54:16, 46.52s/image, cert=0.8739, clean=0.9739, last=46.4s, targets=9]
SOCP Robustness Evaluation:  77%|███████▋  | 230/300 [2:56:02<54:16, 46.52s/image, cert=0.8745, clean=0.9740, last=46.5s, targets=9]
SOCP Robustness Evaluation:  77%|███████▋  | 231/300 [2:56:02<53:29, 46.51s/image, cert=0.8745, clean=0.9740, last=46.5s, targets=9]
SOCP Robustness Evaluation:  77%|███████▋  | 231/300 [2:56:48<53:29, 46.51s/image, cert=0.8750, clean=0.9741, last=46.7s, targets=9]
SOCP Robustness Evaluation:  77%|███████▋  | 232/300 [2:56:48<52:45, 46.55s/image, cert=0.8750, clean=0.9741, last=46.7s, targets=9]
SOCP Robustness Evaluation:  77%|███████▋  | 232/300 [2:57:36<52:45, 46.55s/image, cert=0.8755, clean=0.9742, last=47.9s, targets=9]
SOCP Robustness Evaluation:  78%|███████▊  | 233/300 [2:57:36<52:25, 46.95s/image, cert=0.8755, clean=0.9742, last=47.9s, targets=9]
SOCP Robustness Evaluation:  78%|███████▊  | 233/300 [2:58:22<52:25, 46.95s/image, cert=0.8761, clean=0.9744, last=46.2s, targets=9]
SOCP Robustness Evaluation:  78%|███████▊  | 234/300 [2:58:22<51:24, 46.73s/image, cert=0.8761, clean=0.9744, last=46.2s, targets=9]
SOCP Robustness Evaluation:  78%|███████▊  | 234/300 [2:59:10<51:24, 46.73s/image, cert=0.8766, clean=0.9745, last=47.4s, targets=9]
SOCP Robustness Evaluation:  78%|███████▊  | 235/300 [2:59:10<50:50, 46.93s/image, cert=0.8766, clean=0.9745, last=47.4s, targets=9]
SOCP Robustness Evaluation:  78%|███████▊  | 235/300 [2:59:57<50:50, 46.93s/image, cert=0.8771, clean=0.9746, last=46.8s, targets=9]
SOCP Robustness Evaluation:  79%|███████▊  | 236/300 [2:59:57<50:00, 46.88s/image, cert=0.8771, clean=0.9746, last=46.8s, targets=9]
SOCP Robustness Evaluation:  79%|███████▊  | 236/300 [3:00:43<50:00, 46.88s/image, cert=0.8776, clean=0.9747, last=46.6s, targets=9]
SOCP Robustness Evaluation:  79%|███████▉  | 237/300 [3:00:43<49:07, 46.79s/image, cert=0.8776, clean=0.9747, last=46.6s, targets=9]
SOCP Robustness Evaluation:  79%|███████▉  | 237/300 [3:01:29<49:07, 46.79s/image, cert=0.8782, clean=0.9748, last=45.4s, targets=9]
SOCP Robustness Evaluation:  79%|███████▉  | 238/300 [3:01:29<47:55, 46.38s/image, cert=0.8782, clean=0.9748, last=45.4s, targets=9]
SOCP Robustness Evaluation:  79%|███████▉  | 238/300 [3:02:16<47:55, 46.38s/image, cert=0.8787, clean=0.9749, last=48.0s, targets=9]
SOCP Robustness Evaluation:  80%|███████▉  | 239/300 [3:02:16<47:37, 46.85s/image, cert=0.8787, clean=0.9749, last=48.0s, targets=9]
SOCP Robustness Evaluation:  80%|███████▉  | 239/300 [3:03:04<47:37, 46.85s/image, cert=0.8792, clean=0.9750, last=47.4s, targets=9]
SOCP Robustness Evaluation:  80%|████████  | 240/300 [3:03:04<47:01, 47.02s/image, cert=0.8792, clean=0.9750, last=47.4s, targets=9]
SOCP Robustness Evaluation:  80%|████████  | 240/300 [3:03:51<47:01, 47.02s/image, cert=0.8797, clean=0.9751, last=46.9s, targets=9]
SOCP Robustness Evaluation:  80%|████████  | 241/300 [3:03:51<46:11, 46.97s/image, cert=0.8797, clean=0.9751, last=46.9s, targets=9]
SOCP Robustness Evaluation:  80%|████████  | 241/300 [3:03:51<46:11, 46.97s/image, cert=0.8760, clean=0.9711, last=0.0s, targets=0] 
SOCP Robustness Evaluation:  81%|████████  | 242/300 [3:04:39<45:24, 46.97s/image, cert=0.8765, clean=0.9712, last=47.7s, targets=9]
SOCP Robustness Evaluation:  81%|████████  | 243/300 [3:04:39<34:29, 36.31s/image, cert=0.8765, clean=0.9712, last=47.7s, targets=9]
SOCP Robustness Evaluation:  81%|████████  | 243/300 [3:05:24<34:29, 36.31s/image, cert=0.8770, clean=0.9713, last=45.1s, targets=9]
SOCP Robustness Evaluation:  81%|████████▏ | 244/300 [3:05:24<35:55, 38.49s/image, cert=0.8770, clean=0.9713, last=45.1s, targets=9]
SOCP Robustness Evaluation:  81%|████████▏ | 244/300 [3:06:09<35:55, 38.49s/image, cert=0.8776, clean=0.9714, last=45.2s, targets=9]
SOCP Robustness Evaluation:  82%|████████▏ | 245/300 [3:06:09<36:53, 40.24s/image, cert=0.8776, clean=0.9714, last=45.2s, targets=9]
SOCP Robustness Evaluation:  82%|████████▏ | 245/300 [3:06:56<36:53, 40.24s/image, cert=0.8740, clean=0.9715, last=47.0s, targets=9]
SOCP Robustness Evaluation:  82%|████████▏ | 246/300 [3:06:56<37:51, 42.07s/image, cert=0.8740, clean=0.9715, last=47.0s, targets=9]
SOCP Robustness Evaluation:  82%|████████▏ | 246/300 [3:07:44<37:51, 42.07s/image, cert=0.8745, clean=0.9717, last=48.0s, targets=9]
SOCP Robustness Evaluation:  82%|████████▏ | 247/300 [3:07:44<38:37, 43.73s/image, cert=0.8745, clean=0.9717, last=48.0s, targets=9]
SOCP Robustness Evaluation:  82%|████████▏ | 247/300 [3:07:44<38:37, 43.73s/image, cert=0.8710, clean=0.9677, last=0.0s, targets=0] 
SOCP Robustness Evaluation:  83%|████████▎ | 248/300 [3:08:32<37:53, 43.73s/image, cert=0.8715, clean=0.9679, last=47.8s, targets=9]
SOCP Robustness Evaluation:  83%|████████▎ | 249/300 [3:08:32<29:40, 34.92s/image, cert=0.8715, clean=0.9679, last=47.8s, targets=9]
SOCP Robustness Evaluation:  83%|████████▎ | 249/300 [3:09:19<29:40, 34.92s/image, cert=0.8720, clean=0.9680, last=47.2s, targets=9]
SOCP Robustness Evaluation:  83%|████████▎ | 250/300 [3:09:19<31:33, 37.87s/image, cert=0.8720, clean=0.9680, last=47.2s, targets=9]
SOCP Robustness Evaluation:  83%|████████▎ | 250/300 [3:09:19<31:33, 37.87s/image, cert=0.8685, clean=0.9641, last=0.0s, targets=0] 
SOCP Robustness Evaluation:  84%|████████▎ | 251/300 [3:10:06<30:55, 37.87s/image, cert=0.8690, clean=0.9643, last=47.2s, targets=9]
SOCP Robustness Evaluation:  84%|████████▍ | 252/300 [3:10:06<25:39, 32.06s/image, cert=0.8690, clean=0.9643, last=47.2s, targets=9]
SOCP Robustness Evaluation:  84%|████████▍ | 252/300 [3:10:54<25:39, 32.06s/image, cert=0.8696, clean=0.9644, last=47.8s, targets=9]
SOCP Robustness Evaluation:  84%|████████▍ | 253/300 [3:10:54<27:53, 35.60s/image, cert=0.8696, clean=0.9644, last=47.8s, targets=9]
SOCP Robustness Evaluation:  84%|████████▍ | 253/300 [3:11:41<27:53, 35.60s/image, cert=0.8701, clean=0.9646, last=46.9s, targets=9]
SOCP Robustness Evaluation:  85%|████████▍ | 254/300 [3:11:41<29:23, 38.34s/image, cert=0.8701, clean=0.9646, last=46.9s, targets=9]
SOCP Robustness Evaluation:  85%|████████▍ | 254/300 [3:12:30<29:23, 38.34s/image, cert=0.8706, clean=0.9647, last=49.2s, targets=9]
SOCP Robustness Evaluation:  85%|████████▌ | 255/300 [3:12:30<30:51, 41.15s/image, cert=0.8706, clean=0.9647, last=49.2s, targets=9]
SOCP Robustness Evaluation:  85%|████████▌ | 255/300 [3:13:17<30:51, 41.15s/image, cert=0.8711, clean=0.9648, last=46.8s, targets=9]
SOCP Robustness Evaluation:  85%|████████▌ | 256/300 [3:13:17<31:17, 42.67s/image, cert=0.8711, clean=0.9648, last=46.8s, targets=9]
SOCP Robustness Evaluation:  85%|████████▌ | 256/300 [3:14:03<31:17, 42.67s/image, cert=0.8716, clean=0.9650, last=46.2s, targets=9]
SOCP Robustness Evaluation:  86%|████████▌ | 257/300 [3:14:03<31:16, 43.64s/image, cert=0.8716, clean=0.9650, last=46.2s, targets=9]
SOCP Robustness Evaluation:  86%|████████▌ | 257/300 [3:14:49<31:16, 43.64s/image, cert=0.8721, clean=0.9651, last=46.4s, targets=9]
SOCP Robustness Evaluation:  86%|████████▌ | 258/300 [3:14:49<31:05, 44.42s/image, cert=0.8721, clean=0.9651, last=46.4s, targets=9]
SOCP Robustness Evaluation:  86%|████████▌ | 258/300 [3:15:37<31:05, 44.42s/image, cert=0.8726, clean=0.9653, last=47.5s, targets=9]
SOCP Robustness Evaluation:  86%|████████▋ | 259/300 [3:15:37<30:58, 45.32s/image, cert=0.8726, clean=0.9653, last=47.5s, targets=9]
SOCP Robustness Evaluation:  86%|████████▋ | 259/300 [3:15:37<30:58, 45.32s/image, cert=0.8692, clean=0.9615, last=0.0s, targets=0] 
SOCP Robustness Evaluation:  87%|████████▋ | 260/300 [3:16:24<30:12, 45.32s/image, cert=0.8697, clean=0.9617, last=47.5s, targets=9]
SOCP Robustness Evaluation:  87%|████████▋ | 261/300 [3:16:24<23:07, 35.57s/image, cert=0.8697, clean=0.9617, last=47.5s, targets=9]
SOCP Robustness Evaluation:  87%|████████▋ | 261/300 [3:17:12<23:07, 35.57s/image, cert=0.8702, clean=0.9618, last=47.6s, targets=9]
SOCP Robustness Evaluation:  87%|████████▋ | 262/300 [3:17:12<24:23, 38.50s/image, cert=0.8702, clean=0.9618, last=47.6s, targets=9]
SOCP Robustness Evaluation:  87%|████████▋ | 262/300 [3:17:59<24:23, 38.50s/image, cert=0.8707, clean=0.9620, last=47.4s, targets=9]
SOCP Robustness Evaluation:  88%|████████▊ | 263/300 [3:17:59<25:09, 40.80s/image, cert=0.8707, clean=0.9620, last=47.4s, targets=9]
SOCP Robustness Evaluation:  88%|████████▊ | 263/300 [3:18:47<25:09, 40.80s/image, cert=0.8712, clean=0.9621, last=47.5s, targets=9]
SOCP Robustness Evaluation:  88%|████████▊ | 264/300 [3:18:47<25:34, 42.62s/image, cert=0.8712, clean=0.9621, last=47.5s, targets=9]
SOCP Robustness Evaluation:  88%|████████▊ | 264/300 [3:19:35<25:34, 42.62s/image, cert=0.8717, clean=0.9623, last=47.8s, targets=9]
SOCP Robustness Evaluation:  88%|████████▊ | 265/300 [3:19:35<25:42, 44.07s/image, cert=0.8717, clean=0.9623, last=47.8s, targets=9]
SOCP Robustness Evaluation:  88%|████████▊ | 265/300 [3:20:23<25:42, 44.07s/image, cert=0.8722, clean=0.9624, last=48.6s, targets=9]
SOCP Robustness Evaluation:  89%|████████▊ | 266/300 [3:20:23<25:42, 45.35s/image, cert=0.8722, clean=0.9624, last=48.6s, targets=9]
SOCP Robustness Evaluation:  89%|████████▊ | 266/300 [3:21:11<25:42, 45.35s/image, cert=0.8727, clean=0.9625, last=48.3s, targets=9]
SOCP Robustness Evaluation:  89%|████████▉ | 267/300 [3:21:11<25:24, 46.21s/image, cert=0.8727, clean=0.9625, last=48.3s, targets=9]
SOCP Robustness Evaluation:  89%|████████▉ | 267/300 [3:21:58<25:24, 46.21s/image, cert=0.8731, clean=0.9627, last=46.1s, targets=9]
SOCP Robustness Evaluation:  89%|████████▉ | 268/300 [3:21:58<24:37, 46.18s/image, cert=0.8731, clean=0.9627, last=46.1s, targets=9]
SOCP Robustness Evaluation:  89%|████████▉ | 268/300 [3:22:44<24:37, 46.18s/image, cert=0.8736, clean=0.9628, last=46.5s, targets=9]
SOCP Robustness Evaluation:  90%|████████▉ | 269/300 [3:22:44<23:54, 46.28s/image, cert=0.8736, clean=0.9628, last=46.5s, targets=9]
SOCP Robustness Evaluation:  90%|████████▉ | 269/300 [3:23:31<23:54, 46.28s/image, cert=0.8741, clean=0.9630, last=47.4s, targets=9]
SOCP Robustness Evaluation:  90%|█████████ | 270/300 [3:23:31<23:18, 46.61s/image, cert=0.8741, clean=0.9630, last=47.4s, targets=9]
SOCP Robustness Evaluation:  90%|█████████ | 270/300 [3:24:18<23:18, 46.61s/image, cert=0.8745, clean=0.9631, last=46.6s, targets=9]
SOCP Robustness Evaluation:  90%|█████████ | 271/300 [3:24:18<22:31, 46.61s/image, cert=0.8745, clean=0.9631, last=46.6s, targets=9]
SOCP Robustness Evaluation:  90%|█████████ | 271/300 [3:25:06<22:31, 46.61s/image, cert=0.8750, clean=0.9632, last=47.6s, targets=9]
SOCP Robustness Evaluation:  91%|█████████ | 272/300 [3:25:06<21:52, 46.89s/image, cert=0.8750, clean=0.9632, last=47.6s, targets=9]
SOCP Robustness Evaluation:  91%|█████████ | 272/300 [3:25:54<21:52, 46.89s/image, cert=0.8755, clean=0.9634, last=48.7s, targets=9]
SOCP Robustness Evaluation:  91%|█████████ | 273/300 [3:25:54<21:20, 47.43s/image, cert=0.8755, clean=0.9634, last=48.7s, targets=9]
SOCP Robustness Evaluation:  91%|█████████ | 273/300 [3:26:42<21:20, 47.43s/image, cert=0.8759, clean=0.9635, last=48.0s, targets=9]
SOCP Robustness Evaluation:  91%|█████████▏| 274/300 [3:26:42<20:37, 47.61s/image, cert=0.8759, clean=0.9635, last=48.0s, targets=9]
SOCP Robustness Evaluation:  91%|█████████▏| 274/300 [3:27:27<20:37, 47.61s/image, cert=0.8764, clean=0.9636, last=45.0s, targets=9]
SOCP Robustness Evaluation:  92%|█████████▏| 275/300 [3:27:27<19:30, 46.82s/image, cert=0.8764, clean=0.9636, last=45.0s, targets=9]
SOCP Robustness Evaluation:  92%|█████████▏| 275/300 [3:28:14<19:30, 46.82s/image, cert=0.8768, clean=0.9638, last=46.4s, targets=9]
SOCP Robustness Evaluation:  92%|█████████▏| 276/300 [3:28:14<18:40, 46.68s/image, cert=0.8768, clean=0.9638, last=46.4s, targets=9]
SOCP Robustness Evaluation:  92%|█████████▏| 276/300 [3:29:00<18:40, 46.68s/image, cert=0.8773, clean=0.9639, last=46.3s, targets=9]
SOCP Robustness Evaluation:  92%|█████████▏| 277/300 [3:29:00<17:50, 46.55s/image, cert=0.8773, clean=0.9639, last=46.3s, targets=9]
SOCP Robustness Evaluation:  92%|█████████▏| 277/300 [3:29:47<17:50, 46.55s/image, cert=0.8777, clean=0.9640, last=47.3s, targets=9]
SOCP Robustness Evaluation:  93%|█████████▎| 278/300 [3:29:47<17:09, 46.78s/image, cert=0.8777, clean=0.9640, last=47.3s, targets=9]
SOCP Robustness Evaluation:  93%|█████████▎| 278/300 [3:30:32<17:09, 46.78s/image, cert=0.8781, clean=0.9642, last=45.1s, targets=9]
SOCP Robustness Evaluation:  93%|█████████▎| 279/300 [3:30:32<16:11, 46.28s/image, cert=0.8781, clean=0.9642, last=45.1s, targets=9]
SOCP Robustness Evaluation:  93%|█████████▎| 279/300 [3:31:18<16:11, 46.28s/image, cert=0.8786, clean=0.9643, last=46.0s, targets=9]
SOCP Robustness Evaluation:  93%|█████████▎| 280/300 [3:31:18<15:24, 46.20s/image, cert=0.8786, clean=0.9643, last=46.0s, targets=9]
SOCP Robustness Evaluation:  93%|█████████▎| 280/300 [3:32:05<15:24, 46.20s/image, cert=0.8790, clean=0.9644, last=46.5s, targets=9]
SOCP Robustness Evaluation:  94%|█████████▎| 281/300 [3:32:05<14:39, 46.30s/image, cert=0.8790, clean=0.9644, last=46.5s, targets=9]
SOCP Robustness Evaluation:  94%|█████████▎| 281/300 [3:32:52<14:39, 46.30s/image, cert=0.8794, clean=0.9645, last=47.3s, targets=9]
SOCP Robustness Evaluation:  94%|█████████▍| 282/300 [3:32:52<13:58, 46.61s/image, cert=0.8794, clean=0.9645, last=47.3s, targets=9]
SOCP Robustness Evaluation:  94%|█████████▍| 282/300 [3:33:38<13:58, 46.61s/image, cert=0.8763, clean=0.9647, last=45.4s, targets=9]
SOCP Robustness Evaluation:  94%|█████████▍| 283/300 [3:33:38<13:06, 46.24s/image, cert=0.8763, clean=0.9647, last=45.4s, targets=9]
SOCP Robustness Evaluation:  94%|█████████▍| 283/300 [3:34:25<13:06, 46.24s/image, cert=0.8768, clean=0.9648, last=47.6s, targets=9]
SOCP Robustness Evaluation:  95%|█████████▍| 284/300 [3:34:25<12:26, 46.65s/image, cert=0.8768, clean=0.9648, last=47.6s, targets=9]
SOCP Robustness Evaluation:  95%|█████████▍| 284/300 [3:35:12<12:26, 46.65s/image, cert=0.8772, clean=0.9649, last=47.0s, targets=9]
SOCP Robustness Evaluation:  95%|█████████▌| 285/300 [3:35:12<11:41, 46.77s/image, cert=0.8772, clean=0.9649, last=47.0s, targets=9]
SOCP Robustness Evaluation:  95%|█████████▌| 285/300 [3:35:59<11:41, 46.77s/image, cert=0.8776, clean=0.9650, last=46.9s, targets=9]
SOCP Robustness Evaluation:  95%|█████████▌| 286/300 [3:35:59<10:55, 46.81s/image, cert=0.8776, clean=0.9650, last=46.9s, targets=9]
SOCP Robustness Evaluation:  95%|█████████▌| 286/300 [3:36:48<10:55, 46.81s/image, cert=0.8780, clean=0.9652, last=48.4s, targets=9]
SOCP Robustness Evaluation:  96%|█████████▌| 287/300 [3:36:48<10:14, 47.27s/image, cert=0.8780, clean=0.9652, last=48.4s, targets=9]
SOCP Robustness Evaluation:  96%|█████████▌| 287/300 [3:37:35<10:14, 47.27s/image, cert=0.8785, clean=0.9653, last=47.1s, targets=9]
SOCP Robustness Evaluation:  96%|█████████▌| 288/300 [3:37:35<09:26, 47.23s/image, cert=0.8785, clean=0.9653, last=47.1s, targets=9]
SOCP Robustness Evaluation:  96%|█████████▌| 288/300 [3:38:21<09:26, 47.23s/image, cert=0.8789, clean=0.9654, last=46.2s, targets=9]
SOCP Robustness Evaluation:  96%|█████████▋| 289/300 [3:38:21<08:36, 46.93s/image, cert=0.8789, clean=0.9654, last=46.2s, targets=9]
SOCP Robustness Evaluation:  96%|█████████▋| 289/300 [3:39:08<08:36, 46.93s/image, cert=0.8793, clean=0.9655, last=47.1s, targets=9]
SOCP Robustness Evaluation:  97%|█████████▋| 290/300 [3:39:08<07:49, 46.98s/image, cert=0.8793, clean=0.9655, last=47.1s, targets=9]
SOCP Robustness Evaluation:  97%|█████████▋| 290/300 [3:39:08<07:49, 46.98s/image, cert=0.8763, clean=0.9622, last=0.0s, targets=0] 
SOCP Robustness Evaluation:  97%|█████████▋| 291/300 [3:39:54<07:02, 46.98s/image, cert=0.8767, clean=0.9623, last=46.2s, targets=9]
SOCP Robustness Evaluation:  97%|█████████▋| 292/300 [3:39:54<04:47, 35.96s/image, cert=0.8767, clean=0.9623, last=46.2s, targets=9]
SOCP Robustness Evaluation:  97%|█████████▋| 292/300 [3:40:40<04:47, 35.96s/image, cert=0.8771, clean=0.9625, last=46.2s, targets=9]
SOCP Robustness Evaluation:  98%|█████████▊| 293/300 [3:40:40<04:29, 38.49s/image, cert=0.8771, clean=0.9625, last=46.2s, targets=9]
SOCP Robustness Evaluation:  98%|█████████▊| 293/300 [3:41:27<04:29, 38.49s/image, cert=0.8776, clean=0.9626, last=46.7s, targets=9]
SOCP Robustness Evaluation:  98%|█████████▊| 294/300 [3:41:27<04:03, 40.64s/image, cert=0.8776, clean=0.9626, last=46.7s, targets=9]
SOCP Robustness Evaluation:  98%|█████████▊| 294/300 [3:42:16<04:03, 40.64s/image, cert=0.8780, clean=0.9627, last=48.7s, targets=9]
SOCP Robustness Evaluation:  98%|█████████▊| 295/300 [3:42:16<03:34, 42.82s/image, cert=0.8780, clean=0.9627, last=48.7s, targets=9]
SOCP Robustness Evaluation:  98%|█████████▊| 295/300 [3:43:02<03:34, 42.82s/image, cert=0.8784, clean=0.9628, last=46.0s, targets=9]
SOCP Robustness Evaluation:  99%|█████████▊| 296/300 [3:43:02<02:54, 43.70s/image, cert=0.8784, clean=0.9628, last=46.0s, targets=9]
SOCP Robustness Evaluation:  99%|█████████▊| 296/300 [3:43:48<02:54, 43.70s/image, cert=0.8788, clean=0.9630, last=46.0s, targets=9]
SOCP Robustness Evaluation:  99%|█████████▉| 297/300 [3:43:48<02:13, 44.37s/image, cert=0.8788, clean=0.9630, last=46.0s, targets=9]
SOCP Robustness Evaluation:  99%|█████████▉| 297/300 [3:44:35<02:13, 44.37s/image, cert=0.8792, clean=0.9631, last=47.0s, targets=9]
SOCP Robustness Evaluation:  99%|█████████▉| 298/300 [3:44:35<01:30, 45.14s/image, cert=0.8792, clean=0.9631, last=47.0s, targets=9]
SOCP Robustness Evaluation:  99%|█████████▉| 298/300 [3:45:22<01:30, 45.14s/image, cert=0.8796, clean=0.9632, last=47.4s, targets=9]
SOCP Robustness Evaluation: 100%|█████████▉| 299/300 [3:45:22<00:45, 45.80s/image, cert=0.8796, clean=0.9632, last=47.4s, targets=9]
SOCP Robustness Evaluation: 100%|█████████▉| 299/300 [3:46:10<00:45, 45.80s/image, cert=0.8833, clean=0.9633, last=47.9s, targets=9]
SOCP Robustness Evaluation: 100%|██████████| 300/300 [3:46:10<00:00, 46.43s/image, cert=0.8833, clean=0.9633, last=47.9s, targets=9]
SOCP Robustness Evaluation: 100%|██████████| 300/300 [3:46:10<00:00, 45.24s/image, cert=0.8833, clean=0.9633, last=47.9s, targets=9]

============================================================
SOCP CERTIFIED ROBUSTNESS RESULTS
============================================================
Total Test Images        : 300
Clean Accuracy           : 96.3333%
Certified Accuracy       : 88.3333%
Certification Rate       : 91.3495%
Average Worst Margin     : -2.753086
Average Solve Time       : 46.9556 sec
Average Variables        : 10537.5
Average Constraints      : 694.2

Solver Status Counts
    optimal_inaccurate   2601
============================================================
